Archive member included to satisfy reference by file (symbol)

c:/nxp/mcuxpressoide_11.0.1_2563/ide/plugins/com.nxp.mcuxpresso.tools.win32_11.0.1.201907311258/tools/bin/../lib/gcc/arm-none-eabi/8.2.1/../../../../arm-none-eabi/lib/thumb/v6-m/nofp\libcr_semihost_nf.a(_cr__main.o)
                              ./startup/startup_mkl25z4.o (__main)
c:/nxp/mcuxpressoide_11.0.1_2563/ide/plugins/com.nxp.mcuxpresso.tools.win32_11.0.1.201907311258/tools/bin/../lib/gcc/arm-none-eabi/8.2.1/../../../../arm-none-eabi/lib/thumb/v6-m/nofp\libcr_c.a(memcpy.o)
                              ./drivers/fsl_flash.o (memcpy)
c:/nxp/mcuxpressoide_11.0.1_2563/ide/plugins/com.nxp.mcuxpresso.tools.win32_11.0.1.201907311258/tools/bin/../lib/gcc/arm-none-eabi/8.2.1/../../../../arm-none-eabi/lib/thumb/v6-m/nofp\libcr_c.a(memset.o)
                              ./source/main.o (memset)
c:/nxp/mcuxpressoide_11.0.1_2563/ide/plugins/com.nxp.mcuxpresso.tools.win32_11.0.1.201907311258/tools/bin/../lib/gcc/arm-none-eabi/8.2.1/../../../../arm-none-eabi/lib/thumb/v6-m/nofp\libcr_c.a(alloc.o)
                              ./source/main.o (malloc)
c:/nxp/mcuxpressoide_11.0.1_2563/ide/plugins/com.nxp.mcuxpresso.tools.win32_11.0.1.201907311258/tools/bin/../lib/gcc/arm-none-eabi/8.2.1/../../../../arm-none-eabi/lib/thumb/v6-m/nofp\libcr_c.a(initio.o)
                              c:/nxp/mcuxpressoide_11.0.1_2563/ide/plugins/com.nxp.mcuxpresso.tools.win32_11.0.1.201907311258/tools/bin/../lib/gcc/arm-none-eabi/8.2.1/../../../../arm-none-eabi/lib/thumb/v6-m/nofp\libcr_semihost_nf.a(_cr__main.o) (_initio)
c:/nxp/mcuxpressoide_11.0.1_2563/ide/plugins/com.nxp.mcuxpresso.tools.win32_11.0.1.201907311258/tools/bin/../lib/gcc/arm-none-eabi/8.2.1/../../../../arm-none-eabi/lib/thumb/v6-m/nofp\libcr_c.a(itoa.o)
                              ./source/Time_Systick.o (itoa)
c:/nxp/mcuxpressoide_11.0.1_2563/ide/plugins/com.nxp.mcuxpresso.tools.win32_11.0.1.201907311258/tools/bin/../lib/gcc/arm-none-eabi/8.2.1/../../../../arm-none-eabi/lib/thumb/v6-m/nofp\libcr_c.a(printf.o)
                              ./source/System.o (_printf)
c:/nxp/mcuxpressoide_11.0.1_2563/ide/plugins/com.nxp.mcuxpresso.tools.win32_11.0.1.201907311258/tools/bin/../lib/gcc/arm-none-eabi/8.2.1/../../../../arm-none-eabi/lib/thumb/v6-m/nofp\libcr_c.a(setvbuf.o)
                              c:/nxp/mcuxpressoide_11.0.1_2563/ide/plugins/com.nxp.mcuxpresso.tools.win32_11.0.1.201907311258/tools/bin/../lib/gcc/arm-none-eabi/8.2.1/../../../../arm-none-eabi/lib/thumb/v6-m/nofp\libcr_c.a(initio.o) (setvbuf)
c:/nxp/mcuxpressoide_11.0.1_2563/ide/plugins/com.nxp.mcuxpresso.tools.win32_11.0.1.201907311258/tools/bin/../lib/gcc/arm-none-eabi/8.2.1/../../../../arm-none-eabi/lib/thumb/v6-m/nofp\libcr_c.a(stdlib.o)
                              ./source/System.o (exit)
c:/nxp/mcuxpressoide_11.0.1_2563/ide/plugins/com.nxp.mcuxpresso.tools.win32_11.0.1.201907311258/tools/bin/../lib/gcc/arm-none-eabi/8.2.1/../../../../arm-none-eabi/lib/thumb/v6-m/nofp\libcr_c.a(strlen.o)
                              ./utilities/fsl_debug_console.o (strlen)
c:/nxp/mcuxpressoide_11.0.1_2563/ide/plugins/com.nxp.mcuxpresso.tools.win32_11.0.1.201907311258/tools/bin/../lib/gcc/arm-none-eabi/8.2.1/../../../../arm-none-eabi/lib/thumb/v6-m/nofp\libcr_c.a(__init_alloc.o)
                              c:/nxp/mcuxpressoide_11.0.1_2563/ide/plugins/com.nxp.mcuxpresso.tools.win32_11.0.1.201907311258/tools/bin/../lib/gcc/arm-none-eabi/8.2.1/../../../../arm-none-eabi/lib/thumb/v6-m/nofp\libcr_c.a(alloc.o) (__heaps)
c:/nxp/mcuxpressoide_11.0.1_2563/ide/plugins/com.nxp.mcuxpresso.tools.win32_11.0.1.201907311258/tools/bin/../lib/gcc/arm-none-eabi/8.2.1/../../../../arm-none-eabi/lib/thumb/v6-m/nofp\libcr_c.a(_cr_sbrk.o)
                              c:/nxp/mcuxpressoide_11.0.1_2563/ide/plugins/com.nxp.mcuxpresso.tools.win32_11.0.1.201907311258/tools/bin/../lib/gcc/arm-none-eabi/8.2.1/../../../../arm-none-eabi/lib/thumb/v6-m/nofp\libcr_c.a(alloc.o) (_sbrk)
c:/nxp/mcuxpressoide_11.0.1_2563/ide/plugins/com.nxp.mcuxpresso.tools.win32_11.0.1.201907311258/tools/bin/../lib/gcc/arm-none-eabi/8.2.1/../../../../arm-none-eabi/lib/thumb/v6-m/nofp\libcr_c.a(_deferredlazyseek.o)
                              c:/nxp/mcuxpressoide_11.0.1_2563/ide/plugins/com.nxp.mcuxpresso.tools.win32_11.0.1.201907311258/tools/bin/../lib/gcc/arm-none-eabi/8.2.1/../../../../arm-none-eabi/lib/thumb/v6-m/nofp\libcr_c.a(printf.o) (__flsbuf)
c:/nxp/mcuxpressoide_11.0.1_2563/ide/plugins/com.nxp.mcuxpresso.tools.win32_11.0.1.201907311258/tools/bin/../lib/gcc/arm-none-eabi/8.2.1/../../../../arm-none-eabi/lib/thumb/v6-m/nofp\libcr_c.a(_fdopen.o)
                              c:/nxp/mcuxpressoide_11.0.1_2563/ide/plugins/com.nxp.mcuxpresso.tools.win32_11.0.1.201907311258/tools/bin/../lib/gcc/arm-none-eabi/8.2.1/../../../../arm-none-eabi/lib/thumb/v6-m/nofp\libcr_c.a(initio.o) (_fdopen)
[...]
Memory Configuration

Name             Origin             Length             Attributes
PROGRAM_FLASH    0x00000000         0x00020000         xr
SRAM             0x1ffff000         0x00004000         xrw
*default*        0x00000000         0xffffffff

Linker script and memory map

LOAD ./utilities/fsl_debug_console.o
LOAD ./startup/startup_mkl25z4.o
LOAD ./source/Logger.o
LOAD ./source/System.o
LOAD ./source/Testsuite.o
LOAD ./source/Time_Systick.o
LOAD ./source/UARTFunction_Interrupt.o
LOAD ./source/UARTFunction_polled.o
LOAD ./source/circular_buffer.o
LOAD ./source/led_control.o
LOAD ./source/main.o
LOAD ./source/mtb.o
LOAD ./drivers/fsl_clock.o
LOAD ./drivers/fsl_common.o
LOAD ./drivers/fsl_flash.o
LOAD ./drivers/fsl_gpio.o
LOAD ./drivers/fsl_lpsci.o
LOAD ./drivers/fsl_smc.o
LOAD ./drivers/fsl_uart.o
LOAD ./board/board.o
LOAD ./board/clock_config.o
LOAD ./board/peripherals.o
LOAD ./board/pin_mux.o
LOAD ./CMSIS/system_MKL25Z4.o
START GROUP
LOAD c:/nxp/mcuxpressoide_11.0.1_2563/ide/plugins/com.nxp.mcuxpresso.tools.win32_11.0.1.201907311258/tools/bin/../lib/gcc/arm-none-eabi/8.2.1/../../../../arm-none-eabi/lib/thumb/v6-m/nofp\libcr_semihost_nf.a
LOAD c:/nxp/mcuxpressoide_11.0.1_2563/ide/plugins/com.nxp.mcuxpresso.tools.win32_11.0.1.201907311258/tools/bin/../lib/gcc/arm-none-eabi/8.2.1/../../../../arm-none-eabi/lib/thumb/v6-m/nofp\libcr_c.a
LOAD c:/nxp/mcuxpressoide_11.0.1_2563/ide/plugins/com.nxp.mcuxpresso.tools.win32_11.0.1.201907311258/tools/bin/../lib/gcc/arm-none-eabi/8.2.1/thumb/v6-m/nofp\libcr_eabihelpers.a
LOAD c:/nxp/mcuxpressoide_11.0.1_2563/ide/plugins/com.nxp.mcuxpresso.tools.win32_11.0.1.201907311258/tools/bin/../lib/gcc/arm-none-eabi/8.2.1/thumb/v6-m/nofp\libgcc.a
END GROUP
                0x00000000                __base_PROGRAM_FLASH = 0x0
                0x00000000                __base_Flash = 0x0
                0x00020000                __top_PROGRAM_FLASH = 0x20000
                0x00020000                __top_Flash = 0x20000
                0x1ffff000                __base_SRAM = 0x1ffff000
                0x1ffff000                __base_RAM = 0x1ffff000
                0x20003000                __top_SRAM = 0x20003000
                0x20003000                __top_RAM = 0x20003000

.text           0x00000000     0x5ac0
 FILL mask 0xff
                0x00000000                __vectors_start__ = ABSOLUTE (.)
 *(SORT_BY_ALIGNMENT(.isr_vector))
 .isr_vector    0x00000000       0xc0 ./startup/startup_mkl25z4.o
                0x00000000                g_pfnVectors
                0x00000000                __Vectors
                0x000000c0                . = ALIGN (0x4)
                0x000000c0                __section_table_start = .
                0x000000c0                __data_section_table = .
                0x000000c0        0x4 LONG 0x5ac0 LOADADDR (.data)
                0x000000c4        0x4 LONG 0x1ffff080 ADDR (.data)
                0x000000c8        0x4 LONG 0xc SIZEOF (.data)
                0x000000cc                __data_section_table_end = .
                0x000000cc                __bss_section_table = .
                0x000000cc        0x4 LONG 0x1ffff090 ADDR (.bss)
                0x000000d0        0x4 LONG 0x1b4 SIZEOF (.bss)
                0x000000d4                __bss_section_table_end = .
                0x000000d4                __section_table_end = .
 *(SORT_BY_ALIGNMENT(.after_vectors*))
 .after_vectors.reset
                0x000000d4       0x4c ./startup/startup_mkl25z4.o
                0x000000d4                ResetISR
 .after_vectors.init_data
                0x00000120       0x12 ./startup/startup_mkl25z4.o
                0x00000120                data_init
 .after_vectors.init_bss
                0x00000132       0x10 ./startup/startup_mkl25z4.o
                0x00000132                bss_init
 .after_vectors
                0x00000142      0x10c ./startup/startup_mkl25z4.o
                0x00000142                NMI_Handler
                0x00000144                HardFault_Handler
                0x00000146                SVC_Handler
                0x00000148                PendSV_Handler
                0x0000014c                SPI1_DriverIRQHandler
                0x0000014c                LPTMR0_DriverIRQHandler
                0x0000014c                Reserved39_DriverIRQHandler
                0x0000014c                DMA0_DriverIRQHandler
                0x0000014c                I2C0_DriverIRQHandler
                0x0000014c                PORTD_DriverIRQHandler
                0x0000014c                DMA2_DriverIRQHandler
                0x0000014c                CMP0_DriverIRQHandler
                0x0000014c                TPM2_DriverIRQHandler
                0x0000014c                ADC0_DriverIRQHandler
                0x0000014c                SPI0_DriverIRQHandler
                0x0000014c                TSI0_DriverIRQHandler
                0x0000014c                RTC_Seconds_DriverIRQHandler
                0x0000014c                I2C1_DriverIRQHandler
                0x0000014c                LLWU_DriverIRQHandler
                0x0000014c                MCG_DriverIRQHandler
                0x0000014c                DMA1_DriverIRQHandler
                0x0000014c                PIT_DriverIRQHandler
                0x0000014c                RTC_DriverIRQHandler
                0x0000014c                FTFA_DriverIRQHandler
                0x0000014c                IntDefaultHandler
                0x0000014c                USB0_DriverIRQHandler
                0x0000014c                DAC0_DriverIRQHandler
                0x0000014c                TPM1_DriverIRQHandler
                0x0000014c                LVD_LVW_DriverIRQHandler
                0x0000014c                TPM0_DriverIRQHandler
                0x0000014c                PORTA_DriverIRQHandler
                0x0000014c                Reserved45_DriverIRQHandler
                0x0000014c                Reserved20_DriverIRQHandler
                0x0000014c                DMA3_DriverIRQHandler
                0x0000014e                DMA0_IRQHandler
                0x00000156                DMA1_IRQHandler
                0x0000015e                DMA2_IRQHandler
                0x00000166                DMA3_IRQHandler
                0x0000016e                Reserved20_IRQHandler
                0x00000176                FTFA_IRQHandler
                0x0000017e                LVD_LVW_IRQHandler
                0x00000186                LLWU_IRQHandler
                0x0000018e                I2C0_IRQHandler
                0x00000196                I2C1_IRQHandler
                0x0000019e                SPI0_IRQHandler
                0x000001a6                SPI1_IRQHandler
                0x000001b6                UART1_IRQHandler
                0x000001be                UART2_IRQHandler
                0x000001c6                ADC0_IRQHandler
                0x000001ce                CMP0_IRQHandler
                0x000001d6                TPM0_IRQHandler
                0x000001de                TPM1_IRQHandler
                0x000001e6                TPM2_IRQHandler
                0x000001ee                RTC_IRQHandler
                0x000001f6                RTC_Seconds_IRQHandler
                0x000001fe                PIT_IRQHandler
                0x00000206                Reserved39_IRQHandler
                0x0000020e                USB0_IRQHandler
                0x00000216                DAC0_IRQHandler
                0x0000021e                TSI0_IRQHandler
                0x00000226                MCG_IRQHandler
                0x0000022e                LPTMR0_IRQHandler
                0x00000236                Reserved45_IRQHandler
                0x0000023e                PORTA_IRQHandler
                0x00000246                PORTD_IRQHandler
                0x00000400                . = 0x400
 *fill*         0x0000024e      0x1b2 ff
                0x00000400                PROVIDE (__FLASH_CONFIG_START__ = .)
 *(SORT_BY_ALIGNMENT(.FlashConfig))
 .FlashConfig   0x00000400       0x10 ./startup/startup_mkl25z4.o
                0x00000400                Flash_Config
                0x00000410                PROVIDE (__FLASH_CONFIG_END__ = .)
                0x00000001                ASSERT (! ((__FLASH_CONFIG_START__ == __FLASH_CONFIG_END__)), Linker Flash Config Support Enabled, but no .FlashConfig section provided within application)
 *(SORT_BY_ALIGNMENT(.text*))
 .text.DbgConsole_Init
                0x00000410       0xf0 ./utilities/fsl_debug_console.o
                0x00000410                DbgConsole_Init
 .text.DbgConsole_Printf
                0x00000500       0x44 ./utilities/fsl_debug_console.o
                0x00000500                DbgConsole_Printf
 .text.DbgConsole_Putchar
                0x00000544       0x34 ./utilities/fsl_debug_console.o
                0x00000544                DbgConsole_Putchar
 .text.display_String
                0x00000578       0x38 ./source/Logger.o
                0x00000578                display_String
 .text.Print_Data
                0x000005b0       0x40 ./source/Logger.o
                0x000005b0                Print_Data
 .text.System_Safestate
                0x000005f0       0x1c ./source/System.o
                0x000005f0                System_Safestate
 .text.SysTick_Handler
                0x0000060c       0x84 ./source/Time_Systick.o
                0x0000060c                SysTick_Handler
 .text.NVIC_EnableIRQ
                0x00000690       0x2c ./source/UARTFunction_Interrupt.o
 .text.NVIC_ClearPendingIRQ
                0x000006bc       0x30 ./source/UARTFunction_Interrupt.o
 .text.NVIC_SetPriority
                0x000006ec       0xdc ./source/UARTFunction_Interrupt.o
 .text.delay2   0x000007c8       0x30 ./source/UARTFunction_Interrupt.o
                0x000007c8                delay2
 .text.uart_init_interrupt
                0x000007f8      0x1fc ./source/UARTFunction_Interrupt.o
                0x000007f8                uart_init_interrupt
 .text.transmit_available_interrupt
                0x000009f4       0x48 ./source/UARTFunction_Interrupt.o
                0x000009f4                transmit_available_interrupt
 .text.transmit_data_interrupt
                0x00000a3c       0x54 ./source/UARTFunction_Interrupt.o
                0x00000a3c                transmit_data_interrupt
 .text.Receive_available_interrupt
                0x00000a90       0x30 ./source/UARTFunction_Interrupt.o
                0x00000a90                Receive_available_interrupt
 .text.Receive_data_interrupt
                0x00000ac0      0x104 ./source/UARTFunction_Interrupt.o
                0x00000ac0                Receive_data_interrupt
 .text.Send_String_interrupt
                0x00000bc4       0x98 ./source/UARTFunction_Interrupt.o
                0x00000bc4                Send_String_interrupt
 .text.UART0_IRQHandler
                0x00000c5c       0xe8 ./source/UARTFunction_Interrupt.o
                0x00000c5c                UART0_IRQHandler
 .text.NVIC_DisableIRQ
                0x00000d44       0x30 ./source/UARTFunction_polled.o
 .text.delay1   0x00000d74       0x30 ./source/UARTFunction_polled.o
                0x00000d74                delay1
 .text.uart_init_polled
                0x00000da4      0x158 ./source/UARTFunction_polled.o
                0x00000da4                uart_init_polled
 .text.transmit_available
                0x00000efc       0x30 ./source/UARTFunction_polled.o
                0x00000efc                transmit_available
 .text.transmit_data
                0x00000f2c       0x34 ./source/UARTFunction_polled.o
                0x00000f2c                transmit_data
 .text.Transmit_polled
                0x00000f60       0x38 ./source/UARTFunction_polled.o
                0x00000f60                Transmit_polled
 .text.Receive_available
                0x00000f98       0x34 ./source/UARTFunction_polled.o
                0x00000f98                Receive_available
 .text.Recieve_polled
                0x00000fcc       0x40 ./source/UARTFunction_polled.o
                0x00000fcc                Recieve_polled
 .text.circular_buffer_init
                0x0000100c       0xd4 ./source/circular_buffer.o
                0x0000100c                circular_buffer_init
 .text.retreat_pointer
                0x000010e0       0x88 ./source/circular_buffer.o
 .text.circular_buffer_remove
                0x00001168       0xf4 ./source/circular_buffer.o
                0x00001168                circular_buffer_remove
 .text.circular_buffer_reset
                0x0000125c       0x8c ./source/circular_buffer.o
                0x0000125c                circular_buffer_reset
 .text.circular_buf_empty
                0x000012e8       0x94 ./source/circular_buffer.o
                0x000012e8                circular_buf_empty
 .text.delay    0x0000137c       0x30 ./source/led_control.o
                0x0000137c                delay
 .text.Led_Initialize
                0x000013ac       0x64 ./source/led_control.o
                0x000013ac                Led_Initialize
 .text.led_control
                0x00001410       0xc0 ./source/led_control.o
                0x00001410                led_control
 .text.main     0x000014d0      0x29c ./source/main.o
                0x000014d0                main
 .text.CLOCK_SetEr32kClock
                0x0000176c       0x34 ./drivers/fsl_clock.o
 .text.CLOCK_SetPllFllSelClock
                0x000017a0       0x38 ./drivers/fsl_clock.o
 .text.CLOCK_GetMcgExtClkFreq
                0x000017d8       0x28 ./drivers/fsl_clock.o
 .text.CLOCK_GetFllExtRefClkFreq
                0x00001800       0xa4 ./drivers/fsl_clock.o
 .text.CLOCK_GetFllRefClkFreq
                0x000018a4       0x2c ./drivers/fsl_clock.o
 .text.CLOCK_GetOscRangeFromFreq
                0x000018d0       0x4c ./drivers/fsl_clock.o
 .text.CLOCK_GetPllFllSelClkFreq
                0x0000191c       0x4c ./drivers/fsl_clock.o
                0x0000191c                CLOCK_GetPllFllSelClkFreq
 .text.CLOCK_SetSimConfig
                0x00001968       0x38 ./drivers/fsl_clock.o
                0x00001968                CLOCK_SetSimConfig
 .text.CLOCK_GetFllFreq
                0x000019a0       0x84 ./drivers/fsl_clock.o
                0x000019a0                CLOCK_GetFllFreq
 .text.CLOCK_GetPll0Freq
                0x00001a24       0x70 ./drivers/fsl_clock.o
                0x00001a24                CLOCK_GetPll0Freq
 .text.CLOCK_SetInternalRefClkConfig
                0x00001a94      0x124 ./drivers/fsl_clock.o
                0x00001a94                CLOCK_SetInternalRefClkConfig
 .text.CLOCK_EnablePll0
                0x00001bb8       0x90 ./drivers/fsl_clock.o
                0x00001bb8                CLOCK_EnablePll0
 .text.CLOCK_InitOsc0
                0x00001c48       0x94 ./drivers/fsl_clock.o
                0x00001c48                CLOCK_InitOsc0
 .text.CLOCK_SetPbeMode
                0x00001cdc       0xb0 ./drivers/fsl_clock.o
                0x00001cdc                CLOCK_SetPbeMode
 .text.CLOCK_BootToPeeMode
                0x00001d8c       0x70 ./drivers/fsl_clock.o
                0x00001d8c                CLOCK_BootToPeeMode
 .text.__assertion_failed
                0x00001dfc       0x1c ./drivers/fsl_common.o
                0x00001dfc                __assertion_failed
 .text.GPIO_PinInit
                0x00001e18       0x64 ./drivers/fsl_gpio.o
                0x00001e18                GPIO_PinInit
 .text.CLOCK_EnableClock
                0x00001e7c       0x34 ./drivers/fsl_lpsci.o
 .text.LPSCI_GetInstance
                0x00001eb0       0x48 ./drivers/fsl_lpsci.o
                0x00001eb0                LPSCI_GetInstance
 .text.LPSCI_Init
                0x00001ef8      0x258 ./drivers/fsl_lpsci.o
                0x00001ef8                LPSCI_Init
 .text.LPSCI_GetDefaultConfig
                0x00002150       0x44 ./drivers/fsl_lpsci.o
                0x00002150                LPSCI_GetDefaultConfig
 .text.LPSCI_ClearStatusFlags
                0x00002194       0x94 ./drivers/fsl_lpsci.o
                0x00002194                LPSCI_ClearStatusFlags
 .text.LPSCI_WriteBlocking
                0x00002228       0x4c ./drivers/fsl_lpsci.o
                0x00002228                LPSCI_WriteBlocking
 .text.LPSCI_ReadBlocking
                0x00002274       0xc0 ./drivers/fsl_lpsci.o
                0x00002274                LPSCI_ReadBlocking
 .text.UART0_DriverIRQHandler
                0x00002334       0x24 ./drivers/fsl_lpsci.o
                0x00002334                UART0_DriverIRQHandler
 .text.CLOCK_EnableClock
                0x00002358       0x34 ./drivers/fsl_uart.o
 .text.UART_GetInstance
                0x0000238c       0x54 ./drivers/fsl_uart.o
                0x0000238c                UART_GetInstance
 .text.UART_Init
                0x000023e0      0x1e0 ./drivers/fsl_uart.o
                0x000023e0                UART_Init
 .text.UART_GetDefaultConfig
                0x000025c0       0x44 ./drivers/fsl_uart.o
                0x000025c0                UART_GetDefaultConfig
 .text.UART_ReadBlocking
                0x00002604       0x98 ./drivers/fsl_uart.o
                0x00002604                UART_ReadBlocking
 .text.UART1_DriverIRQHandler
                0x0000269c       0x24 ./drivers/fsl_uart.o
                0x0000269c                UART1_DriverIRQHandler
 .text.UART2_DriverIRQHandler
                0x000026c0       0x24 ./drivers/fsl_uart.o
                0x000026c0                UART2_DriverIRQHandler
 .text.CLOCK_SetLpsci0Clock
                0x000026e4       0x38 ./board/board.o
 .text.BOARD_InitDebugConsole
                0x0000271c       0x30 ./board/board.o
                0x0000271c                BOARD_InitDebugConsole
 .text.CLOCK_SetSimSafeDivs
                0x0000274c       0x20 ./board/clock_config.o
 .text.CLOCK_SetXtal0Freq
                0x0000276c       0x1c ./board/clock_config.o
 .text.CLOCK_CONFIG_SetFllExtRefDiv
                0x00002788       0x3c ./board/clock_config.o
 .text.BOARD_BootClockRUN
                0x000027c4       0x64 ./board/clock_config.o
                0x000027c4                BOARD_BootClockRUN
 .text.CLOCK_EnableClock
                0x00002828       0x34 ./board/pin_mux.o
 .text.PORT_SetPinMux
                0x0000285c       0x40 ./board/pin_mux.o
 .text.BOARD_InitPins
                0x0000289c       0x90 ./board/pin_mux.o
                0x0000289c                BOARD_InitPins
 .text.SystemInit
                0x0000292c       0x18 ./CMSIS/system_MKL25Z4.o
                0x0000292c                SystemInit
 .text.malloc   0x00002944       0xcc c:/nxp/mcuxpressoide_11.0.1_2563/ide/plugins/com.nxp.mcuxpresso.tools.win32_11.0.1.201907311258/tools/bin/../lib/gcc/arm-none-eabi/8.2.1/../../../../arm-none-eabi/lib/thumb/v6-m/nofp\libcr_c.a(alloc.o)
                0x00002944                malloc
 .text._Csys_alloc
                0x00002a10       0x20 c:/nxp/mcuxpressoide_11.0.1_2563/ide/plugins/com.nxp.mcuxpresso.tools.win32_11.0.1.201907311258/tools/bin/../lib/gcc/arm-none-eabi/8.2.1/../../../../arm-none-eabi/lib/thumb/v6-m/nofp\libcr_c.a(alloc.o)
                0x00002a10                _Csys_alloc
 .text._initio  0x00002a30       0x7c c:/nxp/mcuxpressoide_11.0.1_2563/ide/plugins/com.nxp.mcuxpresso.tools.win32_11.0.1.201907311258/tools/bin/../lib/gcc/arm-none-eabi/8.2.1/../../../../arm-none-eabi/lib/thumb/v6-m/nofp\libcr_c.a(initio.o)
                0x00002a30                _initio
 .text._terminateio
                0x00002aac       0x50 c:/nxp/mcuxpressoide_11.0.1_2563/ide/plugins/com.nxp.mcuxpresso.tools.win32_11.0.1.201907311258/tools/bin/../lib/gcc/arm-none-eabi/8.2.1/../../../../arm-none-eabi/lib/thumb/v6-m/nofp\libcr_c.a(initio.o)
                0x00002aac                _terminateio
 .text.__vfprintf
                0x00002afc      0xcd8 c:/nxp/mcuxpressoide_11.0.1_2563/ide/plugins/com.nxp.mcuxpresso.tools.win32_11.0.1.201907311258/tools/bin/../lib/gcc/arm-none-eabi/8.2.1/../../../../arm-none-eabi/lib/thumb/v6-m/nofp\libcr_c.a(printf.o)
                0x00002afc                __vfprintf
 .text._vsnprintf
                0x000037d4       0x70 c:/nxp/mcuxpressoide_11.0.1_2563/ide/plugins/com.nxp.mcuxpresso.tools.win32_11.0.1.201907311258/tools/bin/../lib/gcc/arm-none-eabi/8.2.1/../../../../arm-none-eabi/lib/thumb/v6-m/nofp\libcr_c.a(printf.o)
                0x000037d4                _vsnprintf
 .text._printf  0x00003844       0x50 c:/nxp/mcuxpressoide_11.0.1_2563/ide/plugins/com.nxp.mcuxpresso.tools.win32_11.0.1.201907311258/tools/bin/../lib/gcc/arm-none-eabi/8.2.1/../../../../arm-none-eabi/lib/thumb/v6-m/nofp\libcr_c.a(printf.o)
                0x00003844                _printf
 .text.setvbuf  0x00003894       0x4c c:/nxp/mcuxpressoide_11.0.1_2563/ide/plugins/com.nxp.mcuxpresso.tools.win32_11.0.1.201907311258/tools/bin/../lib/gcc/arm-none-eabi/8.2.1/../../../../arm-none-eabi/lib/thumb/v6-m/nofp\libcr_c.a(setvbuf.o)
                0x00003894                setvbuf
 .text.exit     0x000038e0       0x2c c:/nxp/mcuxpressoide_11.0.1_2563/ide/plugins/com.nxp.mcuxpresso.tools.win32_11.0.1.201907311258/tools/bin/../lib/gcc/arm-none-eabi/8.2.1/../../../../arm-none-eabi/lib/thumb/v6-m/nofp\libcr_c.a(stdlib.o)
                0x000038e0                exit
 .text.strlen   0x0000390c       0x58 c:/nxp/mcuxpressoide_11.0.1_2563/ide/plugins/com.nxp.mcuxpresso.tools.win32_11.0.1.201907311258/tools/bin/../lib/gcc/arm-none-eabi/8.2.1/../../../../arm-none-eabi/lib/thumb/v6-m/nofp\libcr_c.a(strlen.o)
                0x0000390c                strlen
 .text._sbrk    0x00003964       0x40 c:/nxp/mcuxpressoide_11.0.1_2563/ide/plugins/com.nxp.mcuxpresso.tools.win32_11.0.1.201907311258/tools/bin/../lib/gcc/arm-none-eabi/8.2.1/../../../../arm-none-eabi/lib/thumb/v6-m/nofp\libcr_c.a(_cr_sbrk.o)
                0x00003964                _sbrk
 .text._deferredlazyseek
                0x000039a4       0x40 c:/nxp/mcuxpressoide_11.0.1_2563/ide/plugins/com.nxp.mcuxpresso.tools.win32_11.0.1.201907311258/tools/bin/../lib/gcc/arm-none-eabi/8.2.1/../../../../arm-none-eabi/lib/thumb/v6-m/nofp\libcr_c.a(_deferredlazyseek.o)
                0x000039a4                _deferredlazyseek
 .text.__flsbuf
                0x000039e4      0x14c c:/nxp/mcuxpressoide_11.0.1_2563/ide/plugins/com.nxp.mcuxpresso.tools.win32_11.0.1.201907311258/tools/bin/../lib/gcc/arm-none-eabi/8.2.1/../../../../arm-none-eabi/lib/thumb/v6-m/nofp\libcr_c.a(_deferredlazyseek.o)
                0x000039e4                __flsbuf
 .text._fdopen  0x00003b30       0x74 c:/nxp/mcuxpressoide_11.0.1_2563/ide/plugins/com.nxp.mcuxpresso.tools.win32_11.0.1.201907311258/tools/bin/../lib/gcc/arm-none-eabi/8.2.1/../../../../arm-none-eabi/lib/thumb/v6-m/nofp\libcr_c.a(_fdopen.o)
                0x00003b30                _fdopen
 .text._fflush  0x00003ba4       0x5c c:/nxp/mcuxpressoide_11.0.1_2563/ide/plugins/com.nxp.mcuxpresso.tools.win32_11.0.1.201907311258/tools/bin/../lib/gcc/arm-none-eabi/8.2.1/../../../../arm-none-eabi/lib/thumb/v6-m/nofp\libcr_c.a(_fflush.o)
                0x00003ba4                _fflush
 .text._Cwritebuf
                0x00003c00       0x68 c:/nxp/mcuxpressoide_11.0.1_2563/ide/plugins/com.nxp.mcuxpresso.tools.win32_11.0.1.201907311258/tools/bin/../lib/gcc/arm-none-eabi/8.2.1/../../../../arm-none-eabi/lib/thumb/v6-m/nofp\libcr_c.a(_writebuf.o)
                0x00003c00                _Cwritebuf
 .text.fclose   0x00003c68       0x5c c:/nxp/mcuxpressoide_11.0.1_2563/ide/plugins/com.nxp.mcuxpresso.tools.win32_11.0.1.201907311258/tools/bin/../lib/gcc/arm-none-eabi/8.2.1/../../../../arm-none-eabi/lib/thumb/v6-m/nofp\libcr_c.a(fclose.o)
                0x00003c68                fclose
 .text.fflush   0x00003cc4       0x44 c:/nxp/mcuxpressoide_11.0.1_2563/ide/plugins/com.nxp.mcuxpresso.tools.win32_11.0.1.201907311258/tools/bin/../lib/gcc/arm-none-eabi/8.2.1/../../../../arm-none-eabi/lib/thumb/v6-m/nofp\libcr_c.a(fflush.o)
                0x00003cc4                fflush
 .text.fseek    0x00003d08       0xf0 c:/nxp/mcuxpressoide_11.0.1_2563/ide/plugins/com.nxp.mcuxpresso.tools.win32_11.0.1.201907311258/tools/bin/../lib/gcc/arm-none-eabi/8.2.1/../../../../arm-none-eabi/lib/thumb/v6-m/nofp\libcr_c.a(fseek.o)
                0x00003d08                fseek
 .text.ftell    0x00003df8       0x48 c:/nxp/mcuxpressoide_11.0.1_2563/ide/plugins/com.nxp.mcuxpresso.tools.win32_11.0.1.201907311258/tools/bin/../lib/gcc/arm-none-eabi/8.2.1/../../../../arm-none-eabi/lib/thumb/v6-m/nofp\libcr_c.a(ftell.o)
                0x00003df8                ftell
 .text.__check_heap_overflow
                0x00003e40       0x14 c:/nxp/mcuxpressoide_11.0.1_2563/ide/plugins/com.nxp.mcuxpresso.tools.win32_11.0.1.201907311258/tools/bin/../lib/gcc/arm-none-eabi/8.2.1/../../../../arm-none-eabi/lib/thumb/v6-m/nofp\libcr_c.a(_cr_check_heap.o)
                0x00003e40                __check_heap_overflow
 .text._do_fflush
                0x00003e54       0x44 c:/nxp/mcuxpressoide_11.0.1_2563/ide/plugins/com.nxp.mcuxpresso.tools.win32_11.0.1.201907311258/tools/bin/../lib/gcc/arm-none-eabi/8.2.1/../../../../arm-none-eabi/lib/thumb/v6-m/nofp\libcr_c.a(_do_fflush.o)
                0x00003e54                _do_fflush
 .text.__sys_appexit
                0x00003e98        0xc c:/nxp/mcuxpressoide_11.0.1_2563/ide/plugins/com.nxp.mcuxpresso.tools.win32_11.0.1.201907311258/tools/bin/../lib/gcc/arm-none-eabi/8.2.1/../../../../arm-none-eabi/lib/thumb/v6-m/nofp\libcr_semihost_nf.a(__sys_appexit.o)
                0x00003e98                __sys_appexit
                0x00003e98                __exit
 .text.UART_EnableTx
                0x00003ea4       0x40 ./utilities/fsl_debug_console.o
 .text.UART_EnableRx
                0x00003ee4       0x40 ./utilities/fsl_debug_console.o
 .text.LPSCI_EnableTx
                0x00003f24       0x40 ./utilities/fsl_debug_console.o
 .text.LPSCI_EnableRx
                0x00003f64       0x40 ./utilities/fsl_debug_console.o
 .text.DbgConsole_PrintfPaddingCharacter
                0x00003fa4       0x46 ./utilities/fsl_debug_console.o
 .text.DbgConsole_ConvertRadixNumToString
                0x00003fea      0x114 ./utilities/fsl_debug_console.o
 .text.DbgConsole_PrintfFormattedData
                0x000040fe      0x336 ./utilities/fsl_debug_console.o
 .text.Log_String
                0x00004434       0x10 ./source/Logger.o
                0x00004434                Log_String
 .text.Send_String_Poll
                0x00004444       0x2e ./source/UARTFunction_polled.o
                0x00004444                Send_String_Poll
 .text.GPIO_SetPinsOutput
                0x00004472       0x18 ./source/led_control.o
 .text.GPIO_ClearPinsOutput
                0x0000448a       0x18 ./source/led_control.o
 .text.OSC_SetExtRefClkConfig
                0x000044a2       0x3e ./drivers/fsl_clock.o
 .text.OSC_SetCapLoad
                0x000044e0       0x42 ./drivers/fsl_clock.o
 .text.CLOCK_GetPll0RefFreq
                0x00004522       0x10 ./drivers/fsl_clock.o
 .text.CLOCK_SetExternalRefClkConfig
                0x00004532       0x16 ./drivers/fsl_clock.o
                0x00004532                CLOCK_SetExternalRefClkConfig
 .text.GPIO_WritePinOutput
                0x00004548       0x34 ./drivers/fsl_gpio.o
 .text.LPSCI_GetStatusFlags
                0x0000457c       0x26 ./drivers/fsl_lpsci.o
                0x0000457c                LPSCI_GetStatusFlags
 .text.UART_GetStatusFlags
                0x000045a2       0x26 ./drivers/fsl_uart.o
                0x000045a2                UART_GetStatusFlags
 .text.UART_WriteBlocking
                0x000045c8       0x3a ./drivers/fsl_uart.o
                0x000045c8                UART_WriteBlocking
 .text.BOARD_InitBootClocks
                0x00004602        0xe ./board/clock_config.o
                0x00004602                BOARD_InitBootClocks
 .text.BOARD_InitBootPeripherals
                0x00004610        0xa ./board/peripherals.o
                0x00004610                BOARD_InitBootPeripherals
 .text.BOARD_InitBootPins
                0x0000461a        0xe ./board/pin_mux.o
                0x0000461a                BOARD_InitBootPins
 .text.__main   0x00004628        0xc c:/nxp/mcuxpressoide_11.0.1_2563/ide/plugins/com.nxp.mcuxpresso.tools.win32_11.0.1.201907311258/tools/bin/../lib/gcc/arm-none-eabi/8.2.1/../../../../arm-none-eabi/lib/thumb/v6-m/nofp\libcr_semihost_nf.a(_cr__main.o)
                0x00004628                __CR_SEMIHOST
                0x00004628                __main
 .text.memset   0x00004634        0x8 c:/nxp/mcuxpressoide_11.0.1_2563/ide/plugins/com.nxp.mcuxpresso.tools.win32_11.0.1.201907311258/tools/bin/../lib/gcc/arm-none-eabi/8.2.1/../../../../arm-none-eabi/lib/thumb/v6-m/nofp\libcr_c.a(memset.o)
                0x00004634                memset
 .text.free     0x0000463c       0x2c c:/nxp/mcuxpressoide_11.0.1_2563/ide/plugins/com.nxp.mcuxpresso.tools.win32_11.0.1.201907311258/tools/bin/../lib/gcc/arm-none-eabi/8.2.1/../../../../arm-none-eabi/lib/thumb/v6-m/nofp\libcr_c.a(alloc.o)
                0x0000463c                free
 .text.no_fp_display
                0x00004668        0x4 c:/nxp/mcuxpressoide_11.0.1_2563/ide/plugins/com.nxp.mcuxpresso.tools.win32_11.0.1.201907311258/tools/bin/../lib/gcc/arm-none-eabi/8.2.1/../../../../arm-none-eabi/lib/thumb/v6-m/nofp\libcr_c.a(printf.o)
 .text.remove   0x0000466c       0x12 c:/nxp/mcuxpressoide_11.0.1_2563/ide/plugins/com.nxp.mcuxpresso.tools.win32_11.0.1.201907311258/tools/bin/../lib/gcc/arm-none-eabi/8.2.1/../../../../arm-none-eabi/lib/thumb/v6-m/nofp\libcr_c.a(remove.o)
                0x0000466c                remove
 .text.__aeabi_division_idivmod
                0x0000467e       0x78 c:/nxp/mcuxpressoide_11.0.1_2563/ide/plugins/com.nxp.mcuxpresso.tools.win32_11.0.1.201907311258/tools/bin/../lib/gcc/arm-none-eabi/8.2.1/thumb/v6-m/nofp\libcr_eabihelpers.a(division_32.o)
                0x0000467e                __aeabi_idivmod
                0x0000467e                __aeabi_idiv
                0x00004684                __aeabi_uidivmod
                0x00004684                __aeabi_uidiv
 .text.__aeabi_division_uldivmod
                0x000046f6       0x5a c:/nxp/mcuxpressoide_11.0.1_2563/ide/plugins/com.nxp.mcuxpresso.tools.win32_11.0.1.201907311258/tools/bin/../lib/gcc/arm-none-eabi/8.2.1/thumb/v6-m/nofp\libcr_eabihelpers.a(division_64.o)
                0x000046f6                __aeabi_uldivmod
 .text.__aeabi_division_idiv0
                0x00004750        0x2 c:/nxp/mcuxpressoide_11.0.1_2563/ide/plugins/com.nxp.mcuxpresso.tools.win32_11.0.1.201907311258/tools/bin/../lib/gcc/arm-none-eabi/8.2.1/thumb/v6-m/nofp\libcr_eabihelpers.a(division_idiv0.o)
                0x00004750                __aeabi_idiv0
 .text.__aeabi_llong_lmul
                0x00004752       0x2e c:/nxp/mcuxpressoide_11.0.1_2563/ide/plugins/com.nxp.mcuxpresso.tools.win32_11.0.1.201907311258/tools/bin/../lib/gcc/arm-none-eabi/8.2.1/thumb/v6-m/nofp\libcr_eabihelpers.a(llong.o)
                0x00004752                __aeabi_lmul
 .text.__aeabi_memset_lowlevel
                0x00004780       0x2a c:/nxp/mcuxpressoide_11.0.1_2563/ide/plugins/com.nxp.mcuxpresso.tools.win32_11.0.1.201907311258/tools/bin/../lib/gcc/arm-none-eabi/8.2.1/thumb/v6-m/nofp\libcr_eabihelpers.a(memcpy.o)
                0x00004780                __aeabi_lowlevel_memset
 .text.__sys_close
                0x000047aa        0xc c:/nxp/mcuxpressoide_11.0.1_2563/ide/plugins/com.nxp.mcuxpresso.tools.win32_11.0.1.201907311258/tools/bin/../lib/gcc/arm-none-eabi/8.2.1/../../../../arm-none-eabi/lib/thumb/v6-m/nofp\libcr_semihost_nf.a(__sys_close.o)
                0x000047aa                __sys_close
 .text.__sys_flen
                0x000047b6        0xc c:/nxp/mcuxpressoide_11.0.1_2563/ide/plugins/com.nxp.mcuxpresso.tools.win32_11.0.1.201907311258/tools/bin/../lib/gcc/arm-none-eabi/8.2.1/../../../../arm-none-eabi/lib/thumb/v6-m/nofp\libcr_semihost_nf.a(__sys_flen.o)
                0x000047b6                __sys_flen
 .text.__sys_istty
                0x000047c2        0xc c:/nxp/mcuxpressoide_11.0.1_2563/ide/plugins/com.nxp.mcuxpresso.tools.win32_11.0.1.201907311258/tools/bin/../lib/gcc/arm-none-eabi/8.2.1/../../../../arm-none-eabi/lib/thumb/v6-m/nofp\libcr_semihost_nf.a(__sys_istty.o)
                0x000047c2                __sys_istty
 .text.__sys_remove
                0x000047ce        0xc c:/nxp/mcuxpressoide_11.0.1_2563/ide/plugins/com.nxp.mcuxpresso.tools.win32_11.0.1.201907311258/tools/bin/../lib/gcc/arm-none-eabi/8.2.1/../../../../arm-none-eabi/lib/thumb/v6-m/nofp\libcr_semihost_nf.a(__sys_remove.o)
                0x000047ce                __sys_remove
 .text.__sys_seek
                0x000047da        0xc c:/nxp/mcuxpressoide_11.0.1_2563/ide/plugins/com.nxp.mcuxpresso.tools.win32_11.0.1.201907311258/tools/bin/../lib/gcc/arm-none-eabi/8.2.1/../../../../arm-none-eabi/lib/thumb/v6-m/nofp\libcr_semihost_nf.a(__sys_seek.o)
                0x000047da                __sys_seek
 .text.__sys_tmpnam
                0x000047e6        0xc c:/nxp/mcuxpressoide_11.0.1_2563/ide/plugins/com.nxp.mcuxpresso.tools.win32_11.0.1.201907311258/tools/bin/../lib/gcc/arm-none-eabi/8.2.1/../../../../arm-none-eabi/lib/thumb/v6-m/nofp\libcr_semihost_nf.a(__sys_tmpnam.o)
                0x000047e6                __sys_tmpnam
 .text.__sys_write
                0x000047f2        0xc c:/nxp/mcuxpressoide_11.0.1_2563/ide/plugins/com.nxp.mcuxpresso.tools.win32_11.0.1.201907311258/tools/bin/../lib/gcc/arm-none-eabi/8.2.1/../../../../arm-none-eabi/lib/thumb/v6-m/nofp\libcr_semihost_nf.a(__sys_write.o)
                0x000047f2                __sys_write
 *(SORT_BY_ALIGNMENT(.rodata) SORT_BY_ALIGNMENT(.rodata.*) SORT_BY_ALIGNMENT(.constdata) SORT_BY_ALIGNMENT(.constdata.*))
 *fill*         0x000047fe        0x2 ff
 .rodata        0x00004800       0x57 ./source/System.o
 *fill*         0x00004857        0x1 ff
 .rodata        0x00004858      0x105 ./source/UARTFunction_Interrupt.o
 *fill*         0x0000495d        0x3 ff
 .rodata        0x00004960       0xe0 ./source/UARTFunction_polled.o
 .rodata        0x00004a40      0x38b ./source/circular_buffer.o
 *fill*         0x00004dcb        0x1 ff
 .rodata        0x00004dcc      0x1e8 ./source/main.o
 .rodata        0x00004fb4      0x11d ./drivers/fsl_clock.o
 *fill*         0x000050d1        0x3 ff
 .rodata.fllFactorTable.5230
                0x000050d4       0x10 ./drivers/fsl_clock.o
 .rodata        0x000050e4        0x4 ./drivers/fsl_common.o
 .rodata        0x000050e8       0x62 ./drivers/fsl_gpio.o
 *fill*         0x0000514a        0x2 ff
 .rodata        0x0000514c      0x48c ./drivers/fsl_lpsci.o
 .rodata.s_uartBases
                0x000055d8        0xc ./drivers/fsl_uart.o
 .rodata.s_uartClock
                0x000055e4        0xc ./drivers/fsl_uart.o
 .rodata        0x000055f0      0x45b ./drivers/fsl_uart.o
 *fill*         0x00005a4b        0x1 ff
 .rodata.mcgConfig_BOARD_BootClockRUN
                0x00005a4c        0xa ./board/clock_config.o
                0x00005a4c                mcgConfig_BOARD_BootClockRUN
 *fill*         0x00005a56        0x2 ff
 .rodata.simConfig_BOARD_BootClockRUN
                0x00005a58        0x8 ./board/clock_config.o
                0x00005a58                simConfig_BOARD_BootClockRUN
 .rodata.oscConfig_BOARD_BootClockRUN
                0x00005a60        0x8 ./board/clock_config.o
                0x00005a60                oscConfig_BOARD_BootClockRUN
 .rodata.__num_Ciob_streams
                0x00005a68        0x4 c:/nxp/mcuxpressoide_11.0.1_2563/ide/plugins/com.nxp.mcuxpresso.tools.win32_11.0.1.201907311258/tools/bin/../lib/gcc/arm-none-eabi/8.2.1/../../../../arm-none-eabi/lib/thumb/v6-m/nofp\libcr_semihost_nf.a(__ciob.o)
                0x00005a68                __num_Ciob_streams
 .rodata._Csys_alloc.str1.1
                0x00005a6c       0x18 c:/nxp/mcuxpressoide_11.0.1_2563/ide/plugins/com.nxp.mcuxpresso.tools.win32_11.0.1.201907311258/tools/bin/../lib/gcc/arm-none-eabi/8.2.1/../../../../arm-none-eabi/lib/thumb/v6-m/nofp\libcr_c.a(alloc.o)
 .rodata._initio.str1.1
                0x00005a84        0x4 c:/nxp/mcuxpressoide_11.0.1_2563/ide/plugins/com.nxp.mcuxpresso.tools.win32_11.0.1.201907311258/tools/bin/../lib/gcc/arm-none-eabi/8.2.1/../../../../arm-none-eabi/lib/thumb/v6-m/nofp\libcr_c.a(initio.o)
 .rodata.__vfprintf.str1.1
                0x00005a88       0x37 c:/nxp/mcuxpressoide_11.0.1_2563/ide/plugins/com.nxp.mcuxpresso.tools.win32_11.0.1.201907311258/tools/bin/../lib/gcc/arm-none-eabi/8.2.1/../../../../arm-none-eabi/lib/thumb/v6-m/nofp\libcr_c.a(printf.o)
                                 0x38 (size before relaxing)
                0x00005ac0                . = ALIGN (0x4)
 *fill*         0x00005abf        0x1 ff

.glue_7         0x00005ac0        0x0
 .glue_7        0x00005ac0        0x0 linker stubs

.glue_7t        0x00005ac0        0x0
 .glue_7t       0x00005ac0        0x0 linker stubs

.vfp11_veneer   0x00005ac0        0x0
 .vfp11_veneer  0x00005ac0        0x0 linker stubs

.v4_bx          0x00005ac0        0x0
 .v4_bx         0x00005ac0        0x0 linker stubs

.iplt           0x00005ac0        0x0
 .iplt          0x00005ac0        0x0 ./utilities/fsl_debug_console.o

.rel.dyn        0x00005ac0        0x0
 .rel.iplt      0x00005ac0        0x0 ./utilities/fsl_debug_console.o

.ARM.extab
 *(SORT_BY_ALIGNMENT(.ARM.extab*) SORT_BY_ALIGNMENT(.gnu.linkonce.armextab.*))
                0x00005ac0                __exidx_start = .

.ARM.exidx
 *(SORT_BY_ALIGNMENT(.ARM.exidx*) SORT_BY_ALIGNMENT(.gnu.linkonce.armexidx.*))
                0x00005ac0                __exidx_end = .
                0x00005ac0                _etext = .

.m_usb_data
 *(SORT_BY_ALIGNMENT(m_usb_bdt))

.mtb_buffer_default
                0x1ffff000       0x80
 *(SORT_BY_ALIGNMENT(.mtb*))
 .mtb.$RAM1     0x1ffff000       0x80 ./source/mtb.o
                0x1ffff000                __mtb_buffer__

.uninit_RESERVED
                0x1ffff080        0x0
                0x1ffff080                . = ALIGN (0x4)
 *(SORT_BY_ALIGNMENT(.bss.$RESERVED*))
                0x1ffff080                . = ALIGN (0x4)
                0x1ffff080                _end_uninit_RESERVED = .

.data           0x1ffff080        0xc load address 0x00005ac0
 FILL mask 0xff
                0x1ffff080                _data = .
 *(SORT_BY_ALIGNMENT(vtable))
 *(SORT_BY_ALIGNMENT(.ramfunc*))
 *(SORT_BY_ALIGNMENT(CodeQuickAccess))
 *(SORT_BY_ALIGNMENT(DataQuickAccess))
 *(SORT_BY_ALIGNMENT(RamFunction))
 *(SORT_BY_ALIGNMENT(.data*))
 .data.s_slowIrcFreq
                0x1ffff080        0x4 ./drivers/fsl_clock.o
 .data.SystemCoreClock
                0x1ffff084        0x4 ./CMSIS/system_MKL25Z4.o
                0x1ffff084                SystemCoreClock
 .data.SIZE     0x1ffff088        0x2 ./source/main.o
                0x1ffff088                SIZE
 .data.Status   0x1ffff08a        0x1 ./source/main.o
                0x1ffff08a                Status
                0x1ffff08c                . = ALIGN (0x4)
 *fill*         0x1ffff08b        0x1 ff
                0x1ffff08c                _edata = .

.igot.plt       0x1ffff08c        0x0 load address 0x00005acc
 .igot.plt      0x1ffff08c        0x0 ./utilities/fsl_debug_console.o

.bss            0x1ffff090      0x1b4 load address 0x00005acc
                0x1ffff090                . = ALIGN (0x4)
                0x1ffff090                _bss = .
 *(SORT_BY_ALIGNMENT(.bss*))
 .bss.time      0x1ffff090        0x8 ./source/Time_Systick.o
                0x1ffff090                time
 .bss.S         0x1ffff098        0x8 ./source/Time_Systick.o
                0x1ffff098                S
 .bss.mil       0x1ffff0a0        0x8 ./source/Time_Systick.o
                0x1ffff0a0                mil
 .bss.s_debugConsole
                0x1ffff0a8       0x10 ./utilities/fsl_debug_console.o
 .bss.ucunit_checks_failed
                0x1ffff0b8        0x4 ./source/UARTFunction_Interrupt.o
 .bss.ucunit_checks_passed
                0x1ffff0bc        0x4 ./source/UARTFunction_Interrupt.o
 .bss.ucunit_checklist_failed_checks
                0x1ffff0c0        0x4 ./source/UARTFunction_Interrupt.o
 .bss.ucunit_action
                0x1ffff0c4        0x4 ./source/UARTFunction_Interrupt.o
 .bss.ucunit_checks_failed
                0x1ffff0c8        0x4 ./source/circular_buffer.o
 .bss.ucunit_checks_passed
                0x1ffff0cc        0x4 ./source/circular_buffer.o
 .bss.ucunit_checklist_failed_checks
                0x1ffff0d0        0x4 ./source/circular_buffer.o
 .bss.ucunit_action
                0x1ffff0d4        0x4 ./source/circular_buffer.o
 .bss.g_xtal0Freq
                0x1ffff0d8        0x4 ./drivers/fsl_clock.o
                0x1ffff0d8                g_xtal0Freq
 .bss.s_lpsciHandle
                0x1ffff0dc        0x4 ./drivers/fsl_lpsci.o
 .bss.s_lpsciIsr
                0x1ffff0e0        0x4 ./drivers/fsl_lpsci.o
 .bss.s_uartHandle
                0x1ffff0e4        0xc ./drivers/fsl_uart.o
 .bss.s_uartIsr
                0x1ffff0f0        0x4 ./drivers/fsl_uart.o
 .bss._exitvector
                0x1ffff0f4       0x84 c:/nxp/mcuxpressoide_11.0.1_2563/ide/plugins/com.nxp.mcuxpresso.tools.win32_11.0.1.201907311258/tools/bin/../lib/gcc/arm-none-eabi/8.2.1/../../../../arm-none-eabi/lib/thumb/v6-m/nofp\libcr_c.a(stdlib.o)
                0x1ffff0f4                _exitvector
 .bss._number_of_exit_functions
                0x1ffff178        0x4 c:/nxp/mcuxpressoide_11.0.1_2563/ide/plugins/com.nxp.mcuxpresso.tools.win32_11.0.1.201907311258/tools/bin/../lib/gcc/arm-none-eabi/8.2.1/../../../../arm-none-eabi/lib/thumb/v6-m/nofp\libcr_c.a(stdlib.o)
                0x1ffff178                _number_of_exit_functions
 .bss.__end_of_heap
                0x1ffff17c        0x4 c:/nxp/mcuxpressoide_11.0.1_2563/ide/plugins/com.nxp.mcuxpresso.tools.win32_11.0.1.201907311258/tools/bin/../lib/gcc/arm-none-eabi/8.2.1/../../../../arm-none-eabi/lib/thumb/v6-m/nofp\libcr_c.a(__init_alloc.o)
                0x1ffff17c                __end_of_heap
 .bss.__heaps   0x1ffff180        0x4 c:/nxp/mcuxpressoide_11.0.1_2563/ide/plugins/com.nxp.mcuxpresso.tools.win32_11.0.1.201907311258/tools/bin/../lib/gcc/arm-none-eabi/8.2.1/../../../../arm-none-eabi/lib/thumb/v6-m/nofp\libcr_c.a(__init_alloc.o)
                0x1ffff180                __heaps
 .bss.errno     0x1ffff184        0x4 c:/nxp/mcuxpressoide_11.0.1_2563/ide/plugins/com.nxp.mcuxpresso.tools.win32_11.0.1.201907311258/tools/bin/../lib/gcc/arm-none-eabi/8.2.1/../../../../arm-none-eabi/lib/thumb/v6-m/nofp\libcr_c.a(errno.o)
                0x1ffff184                errno
 .bss.__Ciob    0x1ffff188       0xb4 c:/nxp/mcuxpressoide_11.0.1_2563/ide/plugins/com.nxp.mcuxpresso.tools.win32_11.0.1.201907311258/tools/bin/../lib/gcc/arm-none-eabi/8.2.1/../../../../arm-none-eabi/lib/thumb/v6-m/nofp\libcr_semihost_nf.a(__ciob.o)
                0x1ffff188                __Ciob
 .bss.character_recieve
                0x1ffff23c        0x1 ./source/UARTFunction_Interrupt.o
                0x1ffff23c                character_recieve
 .bss.character_transmit
                0x1ffff23d        0x1 ./source/UARTFunction_Interrupt.o
                0x1ffff23d                character_transmit
 .bss.flag      0x1ffff23e        0x1 ./source/UARTFunction_Interrupt.o
                0x1ffff23e                flag
 .bss.txavailable
                0x1ffff23f        0x1 ./source/UARTFunction_Interrupt.o
                0x1ffff23f                txavailable
 .bss.status_flag
                0x1ffff240        0x1 ./source/circular_buffer.o
                0x1ffff240                status_flag
 *(SORT_BY_ALIGNMENT(COMMON))
                0x1ffff244                . = ALIGN (0x4)
 *fill*         0x1ffff241        0x3 
                0x1ffff244                _ebss = .
                [!provide]                PROVIDE (end = .)

.noinit         0x1ffff244        0x0 load address 0x00005acc
                0x1ffff244                . = ALIGN (0x4)
                0x1ffff244                _noinit = .
 *(SORT_BY_ALIGNMENT(.noinit*))
                0x1ffff244                . = ALIGN (0x4)
                0x1ffff244                _end_noinit = .
                0x00000400                _HeapSize = 0x400

.heap           0x1ffff244      0x400 load address 0x00005acc
                0x1ffff244                _pvHeapStart = .
                0x1ffff644                . = (. + _HeapSize)
 *fill*         0x1ffff244      0x400 
                0x1ffff644                . = ALIGN (0x4)
                0x1ffff644                _pvHeapLimit = .
                0x00000400                _StackSize = 0x400

.heap2stackfill
                0x1ffff644      0x400 load address 0x00005acc
                0x1ffffa44                . = (. + _StackSize)
 *fill*         0x1ffff644      0x400 

.stack          0x20002c00        0x0
                0x20002c00                _vStackBase = .
                0x20002c00                . = ALIGN (0x4)
                0x20003000                _vStackTop = (. + _StackSize)
                0x00000000                _image_start = LOADADDR (.text)
                0x00005acc                _image_end = (LOADADDR (.data) + SIZEOF (.data))
                0x00005acc                _image_size = (_image_end - _image_start)
OUTPUT(Uart_Trial_Nitik.axf elf32-littlearm)

.debug_info     0x00000000     0xbcb4
 .debug_info    0x00000000      0xe72 ./utilities/fsl_debug_console.o
 .debug_info    0x00000e72      0x4df ./startup/startup_mkl25z4.o
 .debug_info    0x00001351      0x7d5 ./source/Logger.o
 .debug_info    0x00001b26      0x288 ./source/System.o
 .debug_info    0x00001dae      0x181 ./source/Time_Systick.o
 .debug_info    0x00001f2f      0xff0 ./source/UARTFunction_Interrupt.o
 .debug_info    0x00002f1f      0xdf4 ./source/UARTFunction_polled.o
 .debug_info    0x00003d13      0x682 ./source/circular_buffer.o
 .debug_info    0x00004395      0x71d ./source/led_control.o
 .debug_info    0x00004ab2      0x8e1 ./source/main.o
 .debug_info    0x00005393       0x53 ./source/mtb.o
 .debug_info    0x000053e6     0x1a97 ./drivers/fsl_clock.o
 .debug_info    0x00006e7d      0x44e ./drivers/fsl_common.o
 .debug_info    0x000072cb      0x566 ./drivers/fsl_gpio.o
 .debug_info    0x00007831     0x1469 ./drivers/fsl_lpsci.o
 .debug_info    0x00008c9a     0x140a ./drivers/fsl_uart.o
 .debug_info    0x0000a0a4      0x6fa ./board/board.o
 .debug_info    0x0000a79e      0xafe ./board/clock_config.o
 .debug_info    0x0000b29c       0x3c ./board/peripherals.o
 .debug_info    0x0000b2d8      0x5a3 ./board/pin_mux.o
 .debug_info    0x0000b87b      0x439 ./CMSIS/system_MKL25Z4.o

.debug_abbrev   0x00000000     0x2769
 .debug_abbrev  0x00000000      0x2d7 ./utilities/fsl_debug_console.o
 .debug_abbrev  0x000002d7      0x18d ./startup/startup_mkl25z4.o
 .debug_abbrev  0x00000464      0x1d7 ./source/Logger.o
 .debug_abbrev  0x0000063b       0xf2 ./source/System.o
 .debug_abbrev  0x0000072d       0xbe ./source/Time_Systick.o
 .debug_abbrev  0x000007eb      0x2bb ./source/UARTFunction_Interrupt.o
 .debug_abbrev  0x00000aa6      0x29c ./source/UARTFunction_polled.o
 .debug_abbrev  0x00000d42      0x19e ./source/circular_buffer.o
 .debug_abbrev  0x00000ee0      0x203 ./source/led_control.o
 .debug_abbrev  0x000010e3      0x197 ./source/main.o
 .debug_abbrev  0x0000127a       0x46 ./source/mtb.o
 .debug_abbrev  0x000012c0      0x36f ./drivers/fsl_clock.o
 .debug_abbrev  0x0000162f      0x27e ./drivers/fsl_common.o
 .debug_abbrev  0x000018ad      0x1b8 ./drivers/fsl_gpio.o
 .debug_abbrev  0x00001a65      0x309 ./drivers/fsl_lpsci.o
 .debug_abbrev  0x00001d6e      0x323 ./drivers/fsl_uart.o
 .debug_abbrev  0x00002091      0x185 ./board/board.o
 .debug_abbrev  0x00002216      0x211 ./board/clock_config.o
 .debug_abbrev  0x00002427       0x31 ./board/peripherals.o
 .debug_abbrev  0x00002458      0x1bb ./board/pin_mux.o
 .debug_abbrev  0x00002613      0x156 ./CMSIS/system_MKL25Z4.o

.debug_aranges  0x00000000      0xa10
 .debug_aranges
                0x00000000       0x90 ./utilities/fsl_debug_console.o
 .debug_aranges
                0x00000090      0x160 ./startup/startup_mkl25z4.o
 .debug_aranges
                0x000001f0       0x58 ./source/Logger.o
 .debug_aranges
                0x00000248       0x48 ./source/System.o
 .debug_aranges
                0x00000290       0x28 ./source/Time_Systick.o
 .debug_aranges
                0x000002b8       0x70 ./source/UARTFunction_Interrupt.o
 .debug_aranges
                0x00000328       0x78 ./source/UARTFunction_polled.o
 .debug_aranges
                0x000003a0       0x60 ./source/circular_buffer.o
 .debug_aranges
                0x00000400       0x40 ./source/led_control.o
 .debug_aranges
                0x00000440       0x20 ./source/main.o
 .debug_aranges
                0x00000460       0x18 ./source/mtb.o
 .debug_aranges
                0x00000478      0x1d8 ./drivers/fsl_clock.o
 .debug_aranges
                0x00000650       0x38 ./drivers/fsl_common.o
 .debug_aranges
                0x00000688       0x40 ./drivers/fsl_gpio.o
 .debug_aranges
                0x000006c8      0x118 ./drivers/fsl_lpsci.o
 .debug_aranges
                0x000007e0      0x130 ./drivers/fsl_uart.o
 .debug_aranges
                0x00000910       0x28 ./board/board.o
 .debug_aranges
                0x00000938       0x58 ./board/clock_config.o
 .debug_aranges
                0x00000990       0x20 ./board/peripherals.o
 .debug_aranges
                0x000009b0       0x38 ./board/pin_mux.o
 .debug_aranges
                0x000009e8       0x28 ./CMSIS/system_MKL25Z4.o

.debug_ranges   0x00000000      0x8b8
 .debug_ranges  0x00000000       0x80 ./utilities/fsl_debug_console.o
 .debug_ranges  0x00000080      0x150 ./startup/startup_mkl25z4.o
 .debug_ranges  0x000001d0       0x48 ./source/Logger.o
 .debug_ranges  0x00000218       0x38 ./source/System.o
 .debug_ranges  0x00000250       0x18 ./source/Time_Systick.o
 .debug_ranges  0x00000268       0x60 ./source/UARTFunction_Interrupt.o
 .debug_ranges  0x000002c8       0x68 ./source/UARTFunction_polled.o
 .debug_ranges  0x00000330       0x50 ./source/circular_buffer.o
 .debug_ranges  0x00000380       0x30 ./source/led_control.o
 .debug_ranges  0x000003b0       0x10 ./source/main.o
 .debug_ranges  0x000003c0      0x1c8 ./drivers/fsl_clock.o
 .debug_ranges  0x00000588       0x28 ./drivers/fsl_common.o
 .debug_ranges  0x000005b0       0x30 ./drivers/fsl_gpio.o
 .debug_ranges  0x000005e0      0x108 ./drivers/fsl_lpsci.o
 .debug_ranges  0x000006e8      0x120 ./drivers/fsl_uart.o
 .debug_ranges  0x00000808       0x18 ./board/board.o
 .debug_ranges  0x00000820       0x48 ./board/clock_config.o
 .debug_ranges  0x00000868       0x10 ./board/peripherals.o
 .debug_ranges  0x00000878       0x28 ./board/pin_mux.o
 .debug_ranges  0x000008a0       0x18 ./CMSIS/system_MKL25Z4.o

.debug_macro    0x00000000     0x97ac
 .debug_macro   0x00000000      0x127 ./utilities/fsl_debug_console.o
 .debug_macro   0x00000127      0xaae ./utilities/fsl_debug_console.o
 .debug_macro   0x00000bd5       0x10 ./utilities/fsl_debug_console.o
 .debug_macro   0x00000be5       0x16 ./utilities/fsl_debug_console.o
 .debug_macro   0x00000bfb       0x10 ./utilities/fsl_debug_console.o
 .debug_macro   0x00000c0b      0x12e ./utilities/fsl_debug_console.o
 .debug_macro   0x00000d39       0x28 ./utilities/fsl_debug_console.o
 .debug_macro   0x00000d61       0xc4 ./utilities/fsl_debug_console.o
 .debug_macro   0x00000e25       0x16 ./utilities/fsl_debug_console.o
 .debug_macro   0x00000e3b       0x22 ./utilities/fsl_debug_console.o
 .debug_macro   0x00000e5d      0x5b3 ./utilities/fsl_debug_console.o
 .debug_macro   0x00001410       0x10 ./utilities/fsl_debug_console.o
 .debug_macro   0x00001420       0x3f ./utilities/fsl_debug_console.o
 .debug_macro   0x0000145f       0x3a ./utilities/fsl_debug_console.o
 .debug_macro   0x00001499       0x26 ./utilities/fsl_debug_console.o
 .debug_macro   0x000014bf      0x329 ./utilities/fsl_debug_console.o
 .debug_macro   0x000017e8       0x30 ./utilities/fsl_debug_console.o
 .debug_macro   0x00001818     0x51e2 ./utilities/fsl_debug_console.o
 .debug_macro   0x000069fa     0x1352 ./utilities/fsl_debug_console.o
 .debug_macro   0x00007d4c       0x3a ./utilities/fsl_debug_console.o
 .debug_macro   0x00007d86       0xf4 ./utilities/fsl_debug_console.o
 .debug_macro   0x00007e7a       0x35 ./utilities/fsl_debug_console.o
 .debug_macro   0x00007eaf       0x2e ./utilities/fsl_debug_console.o
 .debug_macro   0x00007edd       0x10 ./utilities/fsl_debug_console.o
 .debug_macro   0x00007eed       0x10 ./utilities/fsl_debug_console.o
 .debug_macro   0x00007efd       0x29 ./startup/startup_mkl25z4.o
 .debug_macro   0x00007f26      0x1a4 ./source/Logger.o
 .debug_macro   0x000080ca       0xd8 ./source/Logger.o
 .debug_macro   0x000081a2       0x16 ./source/Logger.o
 .debug_macro   0x000081b8       0x10 ./source/Logger.o
 .debug_macro   0x000081c8      0x112 ./source/Logger.o
 .debug_macro   0x000082da       0x64 ./source/Logger.o
 .debug_macro   0x0000833e       0x34 ./source/Logger.o
 .debug_macro   0x00008372       0x22 ./source/Logger.o
 .debug_macro   0x00008394      0x11b ./source/System.o
 .debug_macro   0x000084af       0x22 ./source/System.o
 .debug_macro   0x000084d1       0x63 ./source/Time_Systick.o
 .debug_macro   0x00008534      0x180 ./source/UARTFunction_Interrupt.o
 .debug_macro   0x000086b4      0x110 ./source/UARTFunction_Interrupt.o
 .debug_macro   0x000087c4      0x17a ./source/UARTFunction_polled.o
 .debug_macro   0x0000893e       0x93 ./source/circular_buffer.o
 .debug_macro   0x000089d1       0xd2 ./source/circular_buffer.o
 .debug_macro   0x00008aa3      0x137 ./source/led_control.o
 .debug_macro   0x00008bda      0x1b4 ./source/main.o
 .debug_macro   0x00008d8e       0x10 ./source/main.o
 .debug_macro   0x00008d9e       0x2f ./source/mtb.o
 .debug_macro   0x00008dcd       0x82 ./source/mtb.o
 .debug_macro   0x00008e4f       0x10 ./source/mtb.o
 .debug_macro   0x00008e5f      0x196 ./drivers/fsl_clock.o
 .debug_macro   0x00008ff5       0x1c ./drivers/fsl_clock.o
 .debug_macro   0x00009011       0xef ./drivers/fsl_common.o
 .debug_macro   0x00009100       0xec ./drivers/fsl_gpio.o
 .debug_macro   0x000091ec       0xec ./drivers/fsl_lpsci.o
 .debug_macro   0x000092d8       0xf2 ./drivers/fsl_uart.o
 .debug_macro   0x000093ca      0x112 ./board/board.o
 .debug_macro   0x000094dc      0x123 ./board/clock_config.o
 .debug_macro   0x000095ff       0x1b ./board/peripherals.o
 .debug_macro   0x0000961a       0xee ./board/pin_mux.o
 .debug_macro   0x00009708       0x10 ./board/pin_mux.o
 .debug_macro   0x00009718       0x94 ./CMSIS/system_MKL25Z4.o

.debug_line     0x00000000     0x725a
 .debug_line    0x00000000      0xc18 ./utilities/fsl_debug_console.o
 .debug_line    0x00000c18      0x1e7 ./startup/startup_mkl25z4.o
 .debug_line    0x00000dff      0x446 ./source/Logger.o
 .debug_line    0x00001245      0x329 ./source/System.o
 .debug_line    0x0000156e      0x1e7 ./source/Time_Systick.o
 .debug_line    0x00001755      0x6ab ./source/UARTFunction_Interrupt.o
 .debug_line    0x00001e00      0x5a1 ./source/UARTFunction_polled.o
 .debug_line    0x000023a1      0x51e ./source/circular_buffer.o
 .debug_line    0x000028bf      0x38a ./source/led_control.o
 .debug_line    0x00002c49      0x4af ./source/main.o
 .debug_line    0x000030f8       0xd1 ./source/mtb.o
 .debug_line    0x000031c9     0x12b1 ./drivers/fsl_clock.o
 .debug_line    0x0000447a      0x350 ./drivers/fsl_common.o
 .debug_line    0x000047ca      0x34b ./drivers/fsl_gpio.o
 .debug_line    0x00004b15      0xd32 ./drivers/fsl_lpsci.o
 .debug_line    0x00005847      0xd21 ./drivers/fsl_uart.o
 .debug_line    0x00006568      0x2e3 ./board/board.o
 .debug_line    0x0000684b      0x373 ./board/clock_config.o
 .debug_line    0x00006bbe       0x5c ./board/peripherals.o
 .debug_line    0x00006c1a      0x301 ./board/pin_mux.o
 .debug_line    0x00006f1b      0x33f ./CMSIS/system_MKL25Z4.o

.debug_str      0x00000000    0x37886
 .debug_str     0x00000000    0x314d1 ./utilities/fsl_debug_console.o
                              0x3177e (size before relaxing)
 .debug_str     0x000314d1      0x3e1 ./startup/startup_mkl25z4.o
                               0x31d1 (size before relaxing)
 .debug_str     0x000318b2     0x1468 ./source/Logger.o
                              0x323e3 (size before relaxing)
 .debug_str     0x00032d1a       0x7d ./source/System.o
                              0x30a0c (size before relaxing)
 .debug_str     0x00032d97       0x48 ./source/Time_Systick.o
                               0x459f (size before relaxing)
 .debug_str     0x00032ddf     0x1450 ./source/UARTFunction_Interrupt.o
                              0x3324a (size before relaxing)
 .debug_str     0x0003422f       0xd5 ./source/UARTFunction_polled.o
                              0x321b3 (size before relaxing)
 .debug_str     0x00034304      0x157 ./source/circular_buffer.o
                               0x5aa3 (size before relaxing)
 .debug_str     0x0003445b      0x145 ./source/led_control.o
                              0x3194e (size before relaxing)
 .debug_str     0x000345a0       0x5a ./source/main.o
                              0x32ebd (size before relaxing)
 .debug_str     0x000345fa      0x532 ./source/mtb.o
                               0x32dd (size before relaxing)
 .debug_str     0x00034b2c     0x14d2 ./drivers/fsl_clock.o
                              0x322d8 (size before relaxing)
 .debug_str     0x00035ffe      0x113 ./drivers/fsl_common.o
                              0x308bf (size before relaxing)
 .debug_str     0x00036111       0xb1 ./drivers/fsl_gpio.o
                              0x30b3d (size before relaxing)
 .debug_str     0x000361c2      0x93b ./drivers/fsl_lpsci.o
                              0x318e0 (size before relaxing)
 .debug_str     0x00036afd      0x832 ./drivers/fsl_uart.o
                              0x31903 (size before relaxing)
 .debug_str     0x0003732f       0x4c ./board/board.o
                              0x3141d (size before relaxing)
 .debug_str     0x0003737b      0x300 ./board/clock_config.o
                              0x31206 (size before relaxing)
 .debug_str     0x0003767b       0x31 ./board/peripherals.o
                               0x2ddb (size before relaxing)
 .debug_str     0x000376ac      0x18b ./board/pin_mux.o
                              0x30b1a (size before relaxing)
 .debug_str     0x00037837       0x4f ./CMSIS/system_MKL25Z4.o
                              0x2fc42 (size before relaxing)

.comment        0x00000000       0x75
 .comment       0x00000000       0x75 ./utilities/fsl_debug_console.o
                                 0x76 (size before relaxing)
 .comment       0x00000075       0x76 ./startup/startup_mkl25z4.o
 .comment       0x00000075       0x76 ./source/Logger.o
 .comment       0x00000075       0x76 ./source/System.o
 .comment       0x00000075       0x76 ./source/Time_Systick.o
 .comment       0x00000075       0x76 ./source/UARTFunction_Interrupt.o
 .comment       0x00000075       0x76 ./source/UARTFunction_polled.o
 .comment       0x00000075       0x76 ./source/circular_buffer.o
 .comment       0x00000075       0x76 ./source/led_control.o
 .comment       0x00000075       0x76 ./source/main.o
 .comment       0x00000075       0x76 ./source/mtb.o
 .comment       0x00000075       0x76 ./drivers/fsl_clock.o
 .comment       0x00000075       0x76 ./drivers/fsl_common.o
 .comment       0x00000075       0x76 ./drivers/fsl_gpio.o
 .comment       0x00000075       0x76 ./drivers/fsl_lpsci.o
 .comment       0x00000075       0x76 ./drivers/fsl_uart.o
 .comment       0x00000075       0x76 ./board/board.o
 .comment       0x00000075       0x76 ./board/clock_config.o
 .comment       0x00000075       0x76 ./board/peripherals.o
 .comment       0x00000075       0x76 ./board/pin_mux.o
 .comment       0x00000075       0x76 ./CMSIS/system_MKL25Z4.o
 .comment       0x00000075       0x76 c:/nxp/mcuxpressoide_11.0.1_2563/ide/plugins/com.nxp.mcuxpresso.tools.win32_11.0.1.201907311258/tools/bin/../lib/gcc/arm-none-eabi/8.2.1/../../../../arm-none-eabi/lib/thumb/v6-m/nofp\libcr_semihost_nf.a(_cr__main.o)
 .comment       0x00000075       0x76 c:/nxp/mcuxpressoide_11.0.1_2563/ide/plugins/com.nxp.mcuxpresso.tools.win32_11.0.1.201907311258/tools/bin/../lib/gcc/arm-none-eabi/8.2.1/../../../../arm-none-eabi/lib/thumb/v6-m/nofp\libcr_c.a(memset.o)
 .comment       0x00000075       0x76 c:/nxp/mcuxpressoide_11.0.1_2563/ide/plugins/com.nxp.mcuxpresso.tools.win32_11.0.1.201907311258/tools/bin/../lib/gcc/arm-none-eabi/8.2.1/../../../../arm-none-eabi/lib/thumb/v6-m/nofp\libcr_c.a(alloc.o)
 .comment       0x00000075       0x76 c:/nxp/mcuxpressoide_11.0.1_2563/ide/plugins/com.nxp.mcuxpresso.tools.win32_11.0.1.201907311258/tools/bin/../lib/gcc/arm-none-eabi/8.2.1/../../../../arm-none-eabi/lib/thumb/v6-m/nofp\libcr_c.a(initio.o)
 .comment       0x00000075       0x76 c:/nxp/mcuxpressoide_11.0.1_2563/ide/plugins/com.nxp.mcuxpresso.tools.win32_11.0.1.201907311258/tools/bin/../lib/gcc/arm-none-eabi/8.2.1/../../../../arm-none-eabi/lib/thumb/v6-m/nofp\libcr_c.a(printf.o)
 .comment       0x00000075       0x76 c:/nxp/mcuxpressoide_11.0.1_2563/ide/plugins/com.nxp.mcuxpresso.tools.win32_11.0.1.201907311258/tools/bin/../lib/gcc/arm-none-eabi/8.2.1/../../../../arm-none-eabi/lib/thumb/v6-m/nofp\libcr_c.a(setvbuf.o)
 .comment       0x00000075       0x76 c:/nxp/mcuxpressoide_11.0.1_2563/ide/plugins/com.nxp.mcuxpresso.tools.win32_11.0.1.201907311258/tools/bin/../lib/gcc/arm-none-eabi/8.2.1/../../../../arm-none-eabi/lib/thumb/v6-m/nofp\libcr_c.a(stdlib.o)
 .comment       0x00000075       0x76 c:/nxp/mcuxpressoide_11.0.1_2563/ide/plugins/com.nxp.mcuxpresso.tools.win32_11.0.1.201907311258/tools/bin/../lib/gcc/arm-none-eabi/8.2.1/../../../../arm-none-eabi/lib/thumb/v6-m/nofp\libcr_c.a(strlen.o)
 .comment       0x00000075       0x76 c:/nxp/mcuxpressoide_11.0.1_2563/ide/plugins/com.nxp.mcuxpresso.tools.win32_11.0.1.201907311258/tools/bin/../lib/gcc/arm-none-eabi/8.2.1/../../../../arm-none-eabi/lib/thumb/v6-m/nofp\libcr_c.a(__init_alloc.o)
 .comment       0x00000075       0x76 c:/nxp/mcuxpressoide_11.0.1_2563/ide/plugins/com.nxp.mcuxpresso.tools.win32_11.0.1.201907311258/tools/bin/../lib/gcc/arm-none-eabi/8.2.1/../../../../arm-none-eabi/lib/thumb/v6-m/nofp\libcr_c.a(_cr_sbrk.o)
 .comment       0x00000075       0x76 c:/nxp/mcuxpressoide_11.0.1_2563/ide/plugins/com.nxp.mcuxpresso.tools.win32_11.0.1.201907311258/tools/bin/../lib/gcc/arm-none-eabi/8.2.1/../../../../arm-none-eabi/lib/thumb/v6-m/nofp\libcr_c.a(_deferredlazyseek.o)
 .comment       0x00000075       0x76 c:/nxp/mcuxpressoide_11.0.1_2563/ide/plugins/com.nxp.mcuxpresso.tools.win32_11.0.1.201907311258/tools/bin/../lib/gcc/arm-none-eabi/8.2.1/../../../../arm-none-eabi/lib/thumb/v6-m/nofp\libcr_c.a(_fdopen.o)
 .comment       0x00000075       0x76 c:/nxp/mcuxpressoide_11.0.1_2563/ide/plugins/com.nxp.mcuxpresso.tools.win32_11.0.1.201907311258/tools/bin/../lib/gcc/arm-none-eabi/8.2.1/../../../../arm-none-eabi/lib/thumb/v6-m/nofp\libcr_c.a(_fflush.o)
 .comment       0x00000075       0x76 c:/nxp/mcuxpressoide_11.0.1_2563/ide/plugins/com.nxp.mcuxpresso.tools.win32_11.0.1.201907311258/tools/bin/../lib/gcc/arm-none-eabi/8.2.1/../../../../arm-none-eabi/lib/thumb/v6-m/nofp\libcr_c.a(_writebuf.o)
 .comment       0x00000075       0x76 c:/nxp/mcuxpressoide_11.0.1_2563/ide/plugins/com.nxp.mcuxpresso.tools.win32_11.0.1.201907311258/tools/bin/../lib/gcc/arm-none-eabi/8.2.1/../../../../arm-none-eabi/lib/thumb/v6-m/nofp\libcr_c.a(errno.o)
 .comment       0x00000075       0x76 c:/nxp/mcuxpressoide_11.0.1_2563/ide/plugins/com.nxp.mcuxpresso.tools.win32_11.0.1.201907311258/tools/bin/../lib/gcc/arm-none-eabi/8.2.1/../../../../arm-none-eabi/lib/thumb/v6-m/nofp\libcr_c.a(fclose.o)
 .comment       0x00000075       0x76 c:/nxp/mcuxpressoide_11.0.1_2563/ide/plugins/com.nxp.mcuxpresso.tools.win32_11.0.1.201907311258/tools/bin/../lib/gcc/arm-none-eabi/8.2.1/../../../../arm-none-eabi/lib/thumb/v6-m/nofp\libcr_c.a(fflush.o)
 .comment       0x00000075       0x76 c:/nxp/mcuxpressoide_11.0.1_2563/ide/plugins/com.nxp.mcuxpresso.tools.win32_11.0.1.201907311258/tools/bin/../lib/gcc/arm-none-eabi/8.2.1/../../../../arm-none-eabi/lib/thumb/v6-m/nofp\libcr_c.a(fseek.o)
 .comment       0x00000075       0x76 c:/nxp/mcuxpressoide_11.0.1_2563/ide/plugins/com.nxp.mcuxpresso.tools.win32_11.0.1.201907311258/tools/bin/../lib/gcc/arm-none-eabi/8.2.1/../../../../arm-none-eabi/lib/thumb/v6-m/nofp\libcr_c.a(ftell.o)
 .comment       0x00000075       0x76 c:/nxp/mcuxpressoide_11.0.1_2563/ide/plugins/com.nxp.mcuxpresso.tools.win32_11.0.1.201907311258/tools/bin/../lib/gcc/arm-none-eabi/8.2.1/../../../../arm-none-eabi/lib/thumb/v6-m/nofp\libcr_c.a(remove.o)
 .comment       0x00000075       0x76 c:/nxp/mcuxpressoide_11.0.1_2563/ide/plugins/com.nxp.mcuxpresso.tools.win32_11.0.1.201907311258/tools/bin/../lib/gcc/arm-none-eabi/8.2.1/../../../../arm-none-eabi/lib/thumb/v6-m/nofp\libcr_c.a(_cr_check_heap.o)
 .comment       0x00000075       0x76 c:/nxp/mcuxpressoide_11.0.1_2563/ide/plugins/com.nxp.mcuxpresso.tools.win32_11.0.1.201907311258/tools/bin/../lib/gcc/arm-none-eabi/8.2.1/../../../../arm-none-eabi/lib/thumb/v6-m/nofp\libcr_c.a(_do_fflush.o)
 .comment       0x00000075       0x76 c:/nxp/mcuxpressoide_11.0.1_2563/ide/plugins/com.nxp.mcuxpresso.tools.win32_11.0.1.201907311258/tools/bin/../lib/gcc/arm-none-eabi/8.2.1/../../../../arm-none-eabi/lib/thumb/v6-m/nofp\libcr_semihost_nf.a(__ciob.o)

.ARM.attributes
                0x00000000       0x2a
 .ARM.attributes
                0x00000000       0x2c ./utilities/fsl_debug_console.o
 .ARM.attributes
                0x0000002c       0x2c ./startup/startup_mkl25z4.o
 .ARM.attributes
                0x00000058       0x2c ./source/Logger.o
 .ARM.attributes
                0x00000084       0x2c ./source/System.o
 .ARM.attributes
                0x000000b0       0x2c ./source/Time_Systick.o
 .ARM.attributes
                0x000000dc       0x2c ./source/UARTFunction_Interrupt.o
 .ARM.attributes
                0x00000108       0x2c ./source/UARTFunction_polled.o
 .ARM.attributes
                0x00000134       0x2c ./source/circular_buffer.o
 .ARM.attributes
                0x00000160       0x2c ./source/led_control.o
 .ARM.attributes
                0x0000018c       0x2c ./source/main.o
 .ARM.attributes
                0x000001b8       0x32 ./source/mtb.o
 .ARM.attributes
                0x000001ea       0x2c ./drivers/fsl_clock.o
 .ARM.attributes
                0x00000216       0x2c ./drivers/fsl_common.o
 .ARM.attributes
                0x00000242       0x2c ./drivers/fsl_gpio.o
 .ARM.attributes
                0x0000026e       0x2c ./drivers/fsl_lpsci.o
 .ARM.attributes
                0x0000029a       0x2c ./drivers/fsl_uart.o
 .ARM.attributes
                0x000002c6       0x2c ./board/board.o
 .ARM.attributes
                0x000002f2       0x2c ./board/clock_config.o
 .ARM.attributes
                0x0000031e       0x2c ./board/peripherals.o
 .ARM.attributes
                0x0000034a       0x2c ./board/pin_mux.o
 .ARM.attributes
                0x00000376       0x2c ./CMSIS/system_MKL25Z4.o
 .ARM.attributes
                0x000003a2       0x2c c:/nxp/mcuxpressoide_11.0.1_2563/ide/plugins/com.nxp.mcuxpresso.tools.win32_11.0.1.201907311258/tools/bin/../lib/gcc/arm-none-eabi/8.2.1/../../../../arm-none-eabi/lib/thumb/v6-m/nofp\libcr_semihost_nf.a(_cr__main.o)
 .ARM.attributes
                0x000003ce       0x2c c:/nxp/mcuxpressoide_11.0.1_2563/ide/plugins/com.nxp.mcuxpresso.tools.win32_11.0.1.201907311258/tools/bin/../lib/gcc/arm-none-eabi/8.2.1/../../../../arm-none-eabi/lib/thumb/v6-m/nofp\libcr_c.a(memset.o)
 .ARM.attributes
                0x000003fa       0x2c c:/nxp/mcuxpressoide_11.0.1_2563/ide/plugins/com.nxp.mcuxpresso.tools.win32_11.0.1.201907311258/tools/bin/../lib/gcc/arm-none-eabi/8.2.1/../../../../arm-none-eabi/lib/thumb/v6-m/nofp\libcr_c.a(alloc.o)
 .ARM.attributes
                0x00000426       0x2c c:/nxp/mcuxpressoide_11.0.1_2563/ide/plugins/com.nxp.mcuxpresso.tools.win32_11.0.1.201907311258/tools/bin/../lib/gcc/arm-none-eabi/8.2.1/../../../../arm-none-eabi/lib/thumb/v6-m/nofp\libcr_c.a(initio.o)
 .ARM.attributes
                0x00000452       0x2c c:/nxp/mcuxpressoide_11.0.1_2563/ide/plugins/com.nxp.mcuxpresso.tools.win32_11.0.1.201907311258/tools/bin/../lib/gcc/arm-none-eabi/8.2.1/../../../../arm-none-eabi/lib/thumb/v6-m/nofp\libcr_c.a(printf.o)
 .ARM.attributes
                0x0000047e       0x2c c:/nxp/mcuxpressoide_11.0.1_2563/ide/plugins/com.nxp.mcuxpresso.tools.win32_11.0.1.201907311258/tools/bin/../lib/gcc/arm-none-eabi/8.2.1/../../../../arm-none-eabi/lib/thumb/v6-m/nofp\libcr_c.a(setvbuf.o)
 .ARM.attributes
                0x000004aa       0x2c c:/nxp/mcuxpressoide_11.0.1_2563/ide/plugins/com.nxp.mcuxpresso.tools.win32_11.0.1.201907311258/tools/bin/../lib/gcc/arm-none-eabi/8.2.1/../../../../arm-none-eabi/lib/thumb/v6-m/nofp\libcr_c.a(stdlib.o)
 .ARM.attributes
                0x000004d6       0x2c c:/nxp/mcuxpressoide_11.0.1_2563/ide/plugins/com.nxp.mcuxpresso.tools.win32_11.0.1.201907311258/tools/bin/../lib/gcc/arm-none-eabi/8.2.1/../../../../arm-none-eabi/lib/thumb/v6-m/nofp\libcr_c.a(strlen.o)
 .ARM.attributes
                0x00000502       0x2c c:/nxp/mcuxpressoide_11.0.1_2563/ide/plugins/com.nxp.mcuxpresso.tools.win32_11.0.1.201907311258/tools/bin/../lib/gcc/arm-none-eabi/8.2.1/../../../../arm-none-eabi/lib/thumb/v6-m/nofp\libcr_c.a(__init_alloc.o)
 .ARM.attributes
                0x0000052e       0x2c c:/nxp/mcuxpressoide_11.0.1_2563/ide/plugins/com.nxp.mcuxpresso.tools.win32_11.0.1.201907311258/tools/bin/../lib/gcc/arm-none-eabi/8.2.1/../../../../arm-none-eabi/lib/thumb/v6-m/nofp\libcr_c.a(_cr_sbrk.o)
 .ARM.attributes
                0x0000055a       0x2c c:/nxp/mcuxpressoide_11.0.1_2563/ide/plugins/com.nxp.mcuxpresso.tools.win32_11.0.1.201907311258/tools/bin/../lib/gcc/arm-none-eabi/8.2.1/../../../../arm-none-eabi/lib/thumb/v6-m/nofp\libcr_c.a(_deferredlazyseek.o)
 .ARM.attributes
                0x00000586       0x2c c:/nxp/mcuxpressoide_11.0.1_2563/ide/plugins/com.nxp.mcuxpresso.tools.win32_11.0.1.201907311258/tools/bin/../lib/gcc/arm-none-eabi/8.2.1/../../../../arm-none-eabi/lib/thumb/v6-m/nofp\libcr_c.a(_fdopen.o)
 .ARM.attributes
                0x000005b2       0x2c c:/nxp/mcuxpressoide_11.0.1_2563/ide/plugins/com.nxp.mcuxpresso.tools.win32_11.0.1.201907311258/tools/bin/../lib/gcc/arm-none-eabi/8.2.1/../../../../arm-none-eabi/lib/thumb/v6-m/nofp\libcr_c.a(_fflush.o)
 .ARM.attributes
                0x000005de       0x2c c:/nxp/mcuxpressoide_11.0.1_2563/ide/plugins/com.nxp.mcuxpresso.tools.win32_11.0.1.201907311258/tools/bin/../lib/gcc/arm-none-eabi/8.2.1/../../../../arm-none-eabi/lib/thumb/v6-m/nofp\libcr_c.a(_writebuf.o)
 .ARM.attributes
                0x0000060a       0x31 c:/nxp/mcuxpressoide_11.0.1_2563/ide/plugins/com.nxp.mcuxpresso.tools.win32_11.0.1.201907311258/tools/bin/../lib/gcc/arm-none-eabi/8.2.1/../../../../arm-none-eabi/lib/thumb/v6-m/nofp\libcr_c.a(errno.o)
 .ARM.attributes
                0x0000063b       0x2c c:/nxp/mcuxpressoide_11.0.1_2563/ide/plugins/com.nxp.mcuxpresso.tools.win32_11.0.1.201907311258/tools/bin/../lib/gcc/arm-none-eabi/8.2.1/../../../../arm-none-eabi/lib/thumb/v6-m/nofp\libcr_c.a(fclose.o)
 .ARM.attributes
                0x00000667       0x2c c:/nxp/mcuxpressoide_11.0.1_2563/ide/plugins/com.nxp.mcuxpresso.tools.win32_11.0.1.201907311258/tools/bin/../lib/gcc/arm-none-eabi/8.2.1/../../../../arm-none-eabi/lib/thumb/v6-m/nofp\libcr_c.a(fflush.o)
 .ARM.attributes
                0x00000693       0x2c c:/nxp/mcuxpressoide_11.0.1_2563/ide/plugins/com.nxp.mcuxpresso.tools.win32_11.0.1.201907311258/tools/bin/../lib/gcc/arm-none-eabi/8.2.1/../../../../arm-none-eabi/lib/thumb/v6-m/nofp\libcr_c.a(fseek.o)
 .ARM.attributes
                0x000006bf       0x2c c:/nxp/mcuxpressoide_11.0.1_2563/ide/plugins/com.nxp.mcuxpresso.tools.win32_11.0.1.201907311258/tools/bin/../lib/gcc/arm-none-eabi/8.2.1/../../../../arm-none-eabi/lib/thumb/v6-m/nofp\libcr_c.a(ftell.o)
 .ARM.attributes
                0x000006eb       0x2c c:/nxp/mcuxpressoide_11.0.1_2563/ide/plugins/com.nxp.mcuxpresso.tools.win32_11.0.1.201907311258/tools/bin/../lib/gcc/arm-none-eabi/8.2.1/../../../../arm-none-eabi/lib/thumb/v6-m/nofp\libcr_c.a(remove.o)
 .ARM.attributes
                0x00000717       0x2c c:/nxp/mcuxpressoide_11.0.1_2563/ide/plugins/com.nxp.mcuxpresso.tools.win32_11.0.1.201907311258/tools/bin/../lib/gcc/arm-none-eabi/8.2.1/../../../../arm-none-eabi/lib/thumb/v6-m/nofp\libcr_c.a(_cr_check_heap.o)
 .ARM.attributes
                0x00000743       0x2c c:/nxp/mcuxpressoide_11.0.1_2563/ide/plugins/com.nxp.mcuxpresso.tools.win32_11.0.1.201907311258/tools/bin/../lib/gcc/arm-none-eabi/8.2.1/../../../../arm-none-eabi/lib/thumb/v6-m/nofp\libcr_c.a(_do_fflush.o)
 .ARM.attributes
                0x0000076f       0x1c c:/nxp/mcuxpressoide_11.0.1_2563/ide/plugins/com.nxp.mcuxpresso.tools.win32_11.0.1.201907311258/tools/bin/../lib/gcc/arm-none-eabi/8.2.1/thumb/v6-m/nofp\libcr_eabihelpers.a(division_32.o)
 .ARM.attributes
                0x0000078b       0x1c c:/nxp/mcuxpressoide_11.0.1_2563/ide/plugins/com.nxp.mcuxpresso.tools.win32_11.0.1.201907311258/tools/bin/../lib/gcc/arm-none-eabi/8.2.1/thumb/v6-m/nofp\libcr_eabihelpers.a(division_64.o)
 .ARM.attributes
                0x000007a7       0x1c c:/nxp/mcuxpressoide_11.0.1_2563/ide/plugins/com.nxp.mcuxpresso.tools.win32_11.0.1.201907311258/tools/bin/../lib/gcc/arm-none-eabi/8.2.1/thumb/v6-m/nofp\libcr_eabihelpers.a(division_idiv0.o)
 .ARM.attributes
                0x000007c3       0x1c c:/nxp/mcuxpressoide_11.0.1_2563/ide/plugins/com.nxp.mcuxpresso.tools.win32_11.0.1.201907311258/tools/bin/../lib/gcc/arm-none-eabi/8.2.1/thumb/v6-m/nofp\libcr_eabihelpers.a(llong.o)
 .ARM.attributes
                0x000007df       0x1c c:/nxp/mcuxpressoide_11.0.1_2563/ide/plugins/com.nxp.mcuxpresso.tools.win32_11.0.1.201907311258/tools/bin/../lib/gcc/arm-none-eabi/8.2.1/thumb/v6-m/nofp\libcr_eabihelpers.a(memcpy.o)
 .ARM.attributes
                0x000007fb       0x31 c:/nxp/mcuxpressoide_11.0.1_2563/ide/plugins/com.nxp.mcuxpresso.tools.win32_11.0.1.201907311258/tools/bin/../lib/gcc/arm-none-eabi/8.2.1/../../../../arm-none-eabi/lib/thumb/v6-m/nofp\libcr_semihost_nf.a(__ciob.o)
 .ARM.attributes
                0x0000082c       0x1c c:/nxp/mcuxpressoide_11.0.1_2563/ide/plugins/com.nxp.mcuxpresso.tools.win32_11.0.1.201907311258/tools/bin/../lib/gcc/arm-none-eabi/8.2.1/../../../../arm-none-eabi/lib/thumb/v6-m/nofp\libcr_semihost_nf.a(__sys_appexit.o)
 .ARM.attributes
                0x00000848       0x1c c:/nxp/mcuxpressoide_11.0.1_2563/ide/plugins/com.nxp.mcuxpresso.tools.win32_11.0.1.201907311258/tools/bin/../lib/gcc/arm-none-eabi/8.2.1/../../../../arm-none-eabi/lib/thumb/v6-m/nofp\libcr_semihost_nf.a(__sys_close.o)
 .ARM.attributes
                0x00000864       0x1c c:/nxp/mcuxpressoide_11.0.1_2563/ide/plugins/com.nxp.mcuxpresso.tools.win32_11.0.1.201907311258/tools/bin/../lib/gcc/arm-none-eabi/8.2.1/../../../../arm-none-eabi/lib/thumb/v6-m/nofp\libcr_semihost_nf.a(__sys_flen.o)
 .ARM.attributes
                0x00000880       0x1c c:/nxp/mcuxpressoide_11.0.1_2563/ide/plugins/com.nxp.mcuxpresso.tools.win32_11.0.1.201907311258/tools/bin/../lib/gcc/arm-none-eabi/8.2.1/../../../../arm-none-eabi/lib/thumb/v6-m/nofp\libcr_semihost_nf.a(__sys_istty.o)
 .ARM.attributes
                0x0000089c       0x1c c:/nxp/mcuxpressoide_11.0.1_2563/ide/plugins/com.nxp.mcuxpresso.tools.win32_11.0.1.201907311258/tools/bin/../lib/gcc/arm-none-eabi/8.2.1/../../../../arm-none-eabi/lib/thumb/v6-m/nofp\libcr_semihost_nf.a(__sys_remove.o)
 .ARM.attributes
                0x000008b8       0x1c c:/nxp/mcuxpressoide_11.0.1_2563/ide/plugins/com.nxp.mcuxpresso.tools.win32_11.0.1.201907311258/tools/bin/../lib/gcc/arm-none-eabi/8.2.1/../../../../arm-none-eabi/lib/thumb/v6-m/nofp\libcr_semihost_nf.a(__sys_seek.o)
 .ARM.attributes
                0x000008d4       0x1c c:/nxp/mcuxpressoide_11.0.1_2563/ide/plugins/com.nxp.mcuxpresso.tools.win32_11.0.1.201907311258/tools/bin/../lib/gcc/arm-none-eabi/8.2.1/../../../../arm-none-eabi/lib/thumb/v6-m/nofp\libcr_semihost_nf.a(__sys_tmpnam.o)
 .ARM.attributes
                0x000008f0       0x1c c:/nxp/mcuxpressoide_11.0.1_2563/ide/plugins/com.nxp.mcuxpresso.tools.win32_11.0.1.201907311258/tools/bin/../lib/gcc/arm-none-eabi/8.2.1/../../../../arm-none-eabi/lib/thumb/v6-m/nofp\libcr_semihost_nf.a(__sys_write.o)

.debug_frame    0x00000000     0x1fa0
 .debug_frame   0x00000000      0x1f0 ./utilities/fsl_debug_console.o
 .debug_frame   0x000001f0      0x3b0 ./startup/startup_mkl25z4.o
 .debug_frame   0x000005a0      0x104 ./source/Logger.o
 .debug_frame   0x000006a4       0xc0 ./source/System.o
 .debug_frame   0x00000764       0x50 ./source/Time_Systick.o
 .debug_frame   0x000007b4      0x164 ./source/UARTFunction_Interrupt.o
 .debug_frame   0x00000918      0x184 ./source/UARTFunction_polled.o
 .debug_frame   0x00000a9c      0x130 ./source/circular_buffer.o
 .debug_frame   0x00000bcc       0xb0 ./source/led_control.o
 .debug_frame   0x00000c7c       0x34 ./source/main.o
 .debug_frame   0x00000cb0      0x6e0 ./drivers/fsl_clock.o
 .debug_frame   0x00001390       0x90 ./drivers/fsl_common.o
 .debug_frame   0x00001420       0xb0 ./drivers/fsl_gpio.o
 .debug_frame   0x000014d0      0x418 ./drivers/fsl_lpsci.o
 .debug_frame   0x000018e8      0x468 ./drivers/fsl_uart.o
 .debug_frame   0x00001d50       0x50 ./board/board.o
 .debug_frame   0x00001da0      0x100 ./board/clock_config.o
 .debug_frame   0x00001ea0       0x2c ./board/peripherals.o
 .debug_frame   0x00001ecc       0x88 ./board/pin_mux.o
 .debug_frame   0x00001f54       0x4c ./CMSIS/system_MKL25Z4.o

Cross Reference Table

Symbol                                            File
ADC0_DriverIRQHandler                             ./startup/startup_mkl25z4.o
ADC0_IRQHandler                                   ./startup/startup_mkl25z4.o
BOARD_BootClockRUN                                ./board/clock_config.o
BOARD_BootClockVLPR                               ./board/clock_config.o
BOARD_InitBootClocks                              ./board/clock_config.o
                                                  ./source/main.o
BOARD_InitBootPeripherals                         ./board/peripherals.o
                                                  ./source/main.o
BOARD_InitBootPins                                ./board/pin_mux.o
                                                  ./source/main.o
BOARD_InitDebugConsole                            ./board/board.o
                                                  ./source/main.o
BOARD_InitPins                                    ./board/pin_mux.o
CLOCK_BootToBlpeMode                              ./drivers/fsl_clock.o
CLOCK_BootToBlpiMode                              ./drivers/fsl_clock.o
                                                  ./board/clock_config.o
CLOCK_BootToFeeMode                               ./drivers/fsl_clock.o
CLOCK_BootToFeiMode                               ./drivers/fsl_clock.o
CLOCK_BootToPeeMode                               ./drivers/fsl_clock.o
                                                  ./board/clock_config.o
CLOCK_CalcPllDiv                                  ./drivers/fsl_clock.o
CLOCK_ClearStatusFlags                            ./drivers/fsl_clock.o
CLOCK_DeinitOsc0                                  ./drivers/fsl_clock.o
CLOCK_EnablePll0                                  ./drivers/fsl_clock.o
CLOCK_EnableUsbfs0Clock                           ./drivers/fsl_clock.o
CLOCK_ExternalModeToFbeModeQuick                  ./drivers/fsl_clock.o
CLOCK_FllStableDelay                              ./drivers/fsl_clock.o
CLOCK_GetBusClkFreq                               ./drivers/fsl_clock.o
CLOCK_GetCoreSysClkFreq                           ./drivers/fsl_clock.o
CLOCK_GetEr32kClkFreq                             ./drivers/fsl_clock.o
CLOCK_GetFixedFreqClkFreq                         ./drivers/fsl_clock.o
CLOCK_GetFlashClkFreq                             ./drivers/fsl_clock.o
CLOCK_GetFllFreq                                  ./drivers/fsl_clock.o
CLOCK_GetFreq                                     ./drivers/fsl_clock.o
CLOCK_GetInternalRefClkFreq                       ./drivers/fsl_clock.o
CLOCK_GetMode                                     ./drivers/fsl_clock.o
CLOCK_GetOsc0ErClkFreq                            ./drivers/fsl_clock.o
CLOCK_GetOutClkFreq                               ./drivers/fsl_clock.o
CLOCK_GetPlatClkFreq                              ./drivers/fsl_clock.o
CLOCK_GetPll0Freq                                 ./drivers/fsl_clock.o
CLOCK_GetPllFllSelClkFreq                         ./drivers/fsl_clock.o
                                                  ./board/board.o
CLOCK_GetStatusFlags                              ./drivers/fsl_clock.o
CLOCK_InitOsc0                                    ./drivers/fsl_clock.o
                                                  ./board/clock_config.o
CLOCK_InternalModeToFbiModeQuick                  ./drivers/fsl_clock.o
CLOCK_SetBlpeMode                                 ./drivers/fsl_clock.o
CLOCK_SetBlpiMode                                 ./drivers/fsl_clock.o
CLOCK_SetExternalRefClkConfig                     ./drivers/fsl_clock.o
CLOCK_SetFbeMode                                  ./drivers/fsl_clock.o
CLOCK_SetFbiMode                                  ./drivers/fsl_clock.o
CLOCK_SetFeeMode                                  ./drivers/fsl_clock.o
CLOCK_SetFeiMode                                  ./drivers/fsl_clock.o
CLOCK_SetInternalRefClkConfig                     ./drivers/fsl_clock.o
                                                  ./board/clock_config.o
CLOCK_SetMcgConfig                                ./drivers/fsl_clock.o
CLOCK_SetOsc0MonitorMode                          ./drivers/fsl_clock.o
CLOCK_SetPbeMode                                  ./drivers/fsl_clock.o
CLOCK_SetPeeMode                                  ./drivers/fsl_clock.o
CLOCK_SetPll0MonitorMode                          ./drivers/fsl_clock.o
CLOCK_SetSimConfig                                ./drivers/fsl_clock.o
                                                  ./board/clock_config.o
CLOCK_TrimInternalRefClk                          ./drivers/fsl_clock.o
CMP0_DriverIRQHandler                             ./startup/startup_mkl25z4.o
CMP0_IRQHandler                                   ./startup/startup_mkl25z4.o
DAC0_DriverIRQHandler                             ./startup/startup_mkl25z4.o
DAC0_IRQHandler                                   ./startup/startup_mkl25z4.o
DMA0_DriverIRQHandler                             ./startup/startup_mkl25z4.o
DMA0_IRQHandler                                   ./startup/startup_mkl25z4.o
DMA1_DriverIRQHandler                             ./startup/startup_mkl25z4.o
DMA1_IRQHandler                                   ./startup/startup_mkl25z4.o
DMA2_DriverIRQHandler                             ./startup/startup_mkl25z4.o
DMA2_IRQHandler                                   ./startup/startup_mkl25z4.o
DMA3_DriverIRQHandler                             ./startup/startup_mkl25z4.o
DMA3_IRQHandler                                   ./startup/startup_mkl25z4.o
DbgConsole_Deinit                                 ./utilities/fsl_debug_console.o
DbgConsole_Getchar                                ./utilities/fsl_debug_console.o
DbgConsole_Init                                   ./utilities/fsl_debug_console.o
                                                  ./board/board.o
DbgConsole_Printf                                 ./utilities/fsl_debug_console.o
                                                  ./drivers/fsl_common.o
                                                  ./source/UARTFunction_Interrupt.o
                                                  ./source/System.o
                                                  ./source/Logger.o
DbgConsole_Putchar                                ./utilities/fsl_debug_console.o
DbgConsole_Scanf                                  ./utilities/fsl_debug_console.o
FLASH_Erase                                       ./drivers/fsl_flash.o
FLASH_EraseAll                                    ./drivers/fsl_flash.o
FLASH_EraseAllExecuteOnlySegments                 ./drivers/fsl_flash.o
FLASH_GetProperty                                 ./drivers/fsl_flash.o
FLASH_GetSecurityState                            ./drivers/fsl_flash.o
FLASH_Init                                        ./drivers/fsl_flash.o
FLASH_IsExecuteOnly                               ./drivers/fsl_flash.o
FLASH_IsProtected                                 ./drivers/fsl_flash.o
FLASH_PflashGetPrefetchSpeculation                ./drivers/fsl_flash.o
FLASH_PflashGetProtection                         ./drivers/fsl_flash.o
FLASH_PflashSetPrefetchSpeculation                ./drivers/fsl_flash.o
                                                  ./drivers/fsl_smc.o
FLASH_PflashSetProtection                         ./drivers/fsl_flash.o
FLASH_PrepareExecuteInRamFunctions                ./drivers/fsl_flash.o
FLASH_Program                                     ./drivers/fsl_flash.o
FLASH_ProgramOnce                                 ./drivers/fsl_flash.o
FLASH_ReadOnce                                    ./drivers/fsl_flash.o
FLASH_ReadResource                                ./drivers/fsl_flash.o
FLASH_SecurityBypass                              ./drivers/fsl_flash.o
FLASH_SetCallback                                 ./drivers/fsl_flash.o
FLASH_SetProperty                                 ./drivers/fsl_flash.o
FLASH_VerifyErase                                 ./drivers/fsl_flash.o
FLASH_VerifyEraseAll                              ./drivers/fsl_flash.o
FLASH_VerifyEraseAllExecuteOnlySegments           ./drivers/fsl_flash.o
FLASH_VerifyProgram                               ./drivers/fsl_flash.o
FTFA_DriverIRQHandler                             ./startup/startup_mkl25z4.o
FTFA_IRQHandler                                   ./startup/startup_mkl25z4.o
Flash_Config                                      ./startup/startup_mkl25z4.o
GPIO_ClearPinsInterruptFlags                      ./drivers/fsl_gpio.o
GPIO_GetPinsInterruptFlags                        ./drivers/fsl_gpio.o
GPIO_PinInit                                      ./drivers/fsl_gpio.o
                                                  ./source/led_control.o
H                                                 ./source/Time_Systick.o
HardFault_Handler                                 ./startup/startup_mkl25z4.o
Hours                                             ./source/Time_Systick.o
I2C0_DriverIRQHandler                             ./startup/startup_mkl25z4.o
I2C0_IRQHandler                                   ./startup/startup_mkl25z4.o
I2C1_DriverIRQHandler                             ./startup/startup_mkl25z4.o
I2C1_IRQHandler                                   ./startup/startup_mkl25z4.o
InstallIRQHandler                                 ./drivers/fsl_common.o
IntDefaultHandler                                 ./startup/startup_mkl25z4.o
LLWU_DriverIRQHandler                             ./startup/startup_mkl25z4.o
LLWU_IRQHandler                                   ./startup/startup_mkl25z4.o
LPSCI_ClearStatusFlags                            ./drivers/fsl_lpsci.o
LPSCI_Deinit                                      ./drivers/fsl_lpsci.o
                                                  ./utilities/fsl_debug_console.o
LPSCI_DisableInterrupts                           ./drivers/fsl_lpsci.o
LPSCI_EnableInterrupts                            ./drivers/fsl_lpsci.o
LPSCI_GetDefaultConfig                            ./drivers/fsl_lpsci.o
                                                  ./utilities/fsl_debug_console.o
LPSCI_GetEnabledInterrupts                        ./drivers/fsl_lpsci.o
LPSCI_GetInstance                                 ./drivers/fsl_lpsci.o
LPSCI_GetStatusFlags                              ./drivers/fsl_lpsci.o
LPSCI_Init                                        ./drivers/fsl_lpsci.o
                                                  ./utilities/fsl_debug_console.o
LPSCI_ReadBlocking                                ./drivers/fsl_lpsci.o
                                                  ./utilities/fsl_debug_console.o
LPSCI_SetBaudRate                                 ./drivers/fsl_lpsci.o
LPSCI_TransferAbortReceive                        ./drivers/fsl_lpsci.o
LPSCI_TransferAbortSend                           ./drivers/fsl_lpsci.o
LPSCI_TransferCreateHandle                        ./drivers/fsl_lpsci.o
LPSCI_TransferGetReceiveCount                     ./drivers/fsl_lpsci.o
LPSCI_TransferGetSendCount                        ./drivers/fsl_lpsci.o
LPSCI_TransferHandleErrorIRQ                      ./drivers/fsl_lpsci.o
LPSCI_TransferHandleIRQ                           ./drivers/fsl_lpsci.o
LPSCI_TransferReceiveNonBlocking                  ./drivers/fsl_lpsci.o
LPSCI_TransferSendNonBlocking                     ./drivers/fsl_lpsci.o
LPSCI_TransferStartRingBuffer                     ./drivers/fsl_lpsci.o
LPSCI_TransferStopRingBuffer                      ./drivers/fsl_lpsci.o
LPSCI_WriteBlocking                               ./drivers/fsl_lpsci.o
                                                  ./utilities/fsl_debug_console.o
LPTMR0_DriverIRQHandler                           ./startup/startup_mkl25z4.o
LPTMR0_IRQHandler                                 ./startup/startup_mkl25z4.o
LVD_LVW_DriverIRQHandler                          ./startup/startup_mkl25z4.o
LVD_LVW_IRQHandler                                ./startup/startup_mkl25z4.o
Led_Initialize                                    ./source/led_control.o
                                                  ./source/main.o
Log_Data                                          ./source/Logger.o
Log_Disable                                       ./source/Logger.o
Log_Enable                                        ./source/Logger.o
Log_Integer                                       ./source/Logger.o
Log_Status                                        ./source/Logger.o
Log_Status_Flag                                   ./source/Logger.o
Log_String                                        ./source/Logger.o
                                                  ./source/UARTFunction_polled.o
                                                  ./source/UARTFunction_Interrupt.o
                                                  ./source/Time_Systick.o
M                                                 ./source/Time_Systick.o
MCG_DriverIRQHandler                              ./startup/startup_mkl25z4.o
MCG_IRQHandler                                    ./startup/startup_mkl25z4.o
Milli                                             ./source/Time_Systick.o
Mins                                              ./source/Time_Systick.o
NMI_Handler                                       ./startup/startup_mkl25z4.o
PIT_DriverIRQHandler                              ./startup/startup_mkl25z4.o
PIT_IRQHandler                                    ./startup/startup_mkl25z4.o
PORTA_DriverIRQHandler                            ./startup/startup_mkl25z4.o
PORTA_IRQHandler                                  ./startup/startup_mkl25z4.o
PORTD_DriverIRQHandler                            ./startup/startup_mkl25z4.o
PORTD_IRQHandler                                  ./startup/startup_mkl25z4.o
PendSV_Handler                                    ./startup/startup_mkl25z4.o
Print_Data                                        ./source/Logger.o
                                                  ./source/main.o
RTC_DriverIRQHandler                              ./startup/startup_mkl25z4.o
RTC_IRQHandler                                    ./startup/startup_mkl25z4.o
RTC_Seconds_DriverIRQHandler                      ./startup/startup_mkl25z4.o
RTC_Seconds_IRQHandler                            ./startup/startup_mkl25z4.o
Receive_available                                 ./source/UARTFunction_polled.o
Receive_available_interrupt                       ./source/UARTFunction_Interrupt.o
Receive_data                                      ./source/UARTFunction_polled.o
Receive_data_interrupt                            ./source/UARTFunction_Interrupt.o
                                                  ./source/main.o
Recieve_polled                                    ./source/UARTFunction_polled.o
                                                  ./source/main.o
Reserved20_DriverIRQHandler                       ./startup/startup_mkl25z4.o
Reserved20_IRQHandler                             ./startup/startup_mkl25z4.o
Reserved39_DriverIRQHandler                       ./startup/startup_mkl25z4.o
Reserved39_IRQHandler                             ./startup/startup_mkl25z4.o
Reserved45_DriverIRQHandler                       ./startup/startup_mkl25z4.o
Reserved45_IRQHandler                             ./startup/startup_mkl25z4.o
ResetISR                                          ./startup/startup_mkl25z4.o
S                                                 ./source/Time_Systick.o
SIZE                                              ./source/main.o
                                                  ./source/circular_buffer.o
SMC_PostExitStopModes                             ./drivers/fsl_smc.o
SMC_PreEnterStopModes                             ./drivers/fsl_smc.o
SMC_SetPowerModeLls                               ./drivers/fsl_smc.o
SMC_SetPowerModeRun                               ./drivers/fsl_smc.o
SMC_SetPowerModeStop                              ./drivers/fsl_smc.o
SMC_SetPowerModeVlls                              ./drivers/fsl_smc.o
SMC_SetPowerModeVlpr                              ./drivers/fsl_smc.o
                                                  ./board/clock_config.o
SMC_SetPowerModeVlps                              ./drivers/fsl_smc.o
SMC_SetPowerModeVlpw                              ./drivers/fsl_smc.o
SMC_SetPowerModeWait                              ./drivers/fsl_smc.o
SPI0_DriverIRQHandler                             ./startup/startup_mkl25z4.o
SPI0_IRQHandler                                   ./startup/startup_mkl25z4.o
SPI1_DriverIRQHandler                             ./startup/startup_mkl25z4.o
SPI1_IRQHandler                                   ./startup/startup_mkl25z4.o
SVC_Handler                                       ./startup/startup_mkl25z4.o