core_cm0plus.h:745:22:NVIC_EnableIRQ	16	static
core_cm0plus.h:791:22:NVIC_ClearPendingIRQ	16	static
core_cm0plus.h:804:22:NVIC_SetPriority	24	static
UARTFunction_Interrupt.c:26:6:delay2	16	static
UARTFunction_Interrupt.c:33:6:uart_init_interrupt	16	static
UARTFunction_Interrupt.c:97:9:transmit_available_interrupt	8	static
UARTFunction_Interrupt.c:112:6:transmit_data_interrupt	24	static
UARTFunction_Interrupt.c:121:9:Receive_available_interrupt	8	static
UARTFunction_Interrupt.c:132:9:Receive_data_interrupt	16	static
UARTFunction_Interrupt.c:152:6:Send_String_interrupt	16	static
UARTFunction_Interrupt.c:161:6:UART0_IRQHandler	8	static
