Archive member included to satisfy reference by file (symbol)

c:/nxp/mcuxpressoide_11.0.1_2563/ide/plugins/com.nxp.mcuxpresso.tools.win32_11.0.1.201907311258/tools/bin/../lib/gcc/arm-none-eabi/8.2.1/../../../../arm-none-eabi/lib/thumb/v6-m/nofp\libcr_semihost_nf.a(_cr__main.o)
                              ./startup/startup_mkl25z4.o (__main)
c:/nxp/mcuxpressoide_11.0.1_2563/ide/plugins/com.nxp.mcuxpresso.tools.win32_11.0.1.201907311258/tools/bin/../lib/gcc/arm-none-eabi/8.2.1/../../../../arm-none-eabi/lib/thumb/v6-m/nofp\libcr_c.a(memcpy.o)
                              ./drivers/fsl_flash.o (memcpy)
c:/nxp/mcuxpressoide_11.0.1_2563/ide/plugins/com.nxp.mcuxpresso.tools.win32_11.0.1.201907311258/tools/bin/../lib/gcc/arm-none-eabi/8.2.1/../../../../arm-none-eabi/lib/thumb/v6-m/nofp\libcr_c.a(memset.o)
                              ./source/main.o (memset)
c:/nxp/mcuxpressoide_11.0.1_2563/ide/plugins/com.nxp.mcuxpresso.tools.win32_11.0.1.201907311258/tools/bin/../lib/gcc/arm-none-eabi/8.2.1/../../../../arm-none-eabi/lib/thumb/v6-m/nofp\libcr_c.a(alloc.o)
                              ./source/main.o (malloc)
c:/nxp/mcuxpressoide_11.0.1_2563/ide/plugins/com.nxp.mcuxpresso.tools.win32_11.0.1.201907311258/tools/bin/../lib/gcc/arm-none-eabi/8.2.1/../../../../arm-none-eabi/lib/thumb/v6-m/nofp\libcr_c.a(initio.o)
                              c:/nxp/mcuxpressoide_11.0.1_2563/ide/plugins/com.nxp.mcuxpresso.tools.win32_11.0.1.201907311258/tools/bin/../lib/gcc/arm-none-eabi/8.2.1/../../../../arm-none-eabi/lib/thumb/v6-m/nofp\libcr_semihost_nf.a(_cr__main.o) (_initio)
c:/nxp/mcuxpressoide_11.0.1_2563/ide/plugins/com.nxp.mcuxpresso.tools.win32_11.0.1.201907311258/tools/bin/../lib/gcc/arm-none-eabi/8.2.1/../../../../arm-none-eabi/lib/thumb/v6-m/nofp\libcr_c.a(itoa.o)
                              ./source/Time_Systick.o (uitoa)
c:/nxp/mcuxpressoide_11.0.1_2563/ide/plugins/com.nxp.mcuxpresso.tools.win32_11.0.1.201907311258/tools/bin/../lib/gcc/arm-none-eabi/8.2.1/../../../../arm-none-eabi/lib/thumb/v6-m/nofp\libcr_c.a(printf.o)
                              ./source/System.o (_printf)
c:/nxp/mcuxpressoide_11.0.1_2563/ide/plugins/com.nxp.mcuxpresso.tools.win32_11.0.1.201907311258/tools/bin/../lib/gcc/arm-none-eabi/8.2.1/../../../../arm-none-eabi/lib/thumb/v6-m/nofp\libcr_c.a(setvbuf.o)
                              c:/nxp/mcuxpressoide_11.0.1_2563/ide/plugins/com.nxp.mcuxpresso.tools.win32_11.0.1.201907311258/tools/bin/../lib/gcc/arm-none-eabi/8.2.1/../../../../arm-none-eabi/lib/thumb/v6-m/nofp\libcr_c.a(initio.o) (setvbuf)
c:/nxp/mcuxpressoide_11.0.1_2563/ide/plugins/com.nxp.mcuxpresso.tools.win32_11.0.1.201907311258/tools/bin/../lib/gcc/arm-none-eabi/8.2.1/../../../../arm-none-eabi/lib/thumb/v6-m/nofp\libcr_c.a(stdlib.o)
                              ./source/System.o (exit)
c:/nxp/mcuxpressoide_11.0.1_2563/ide/plugins/com.nxp.mcuxpresso.tools.win32_11.0.1.201907311258/tools/bin/../lib/gcc/arm-none-eabi/8.2.1/../../../../arm-none-eabi/lib/thumb/v6-m/nofp\libcr_c.a(strlen.o)
                              ./utilities/fsl_debug_console.o (strlen)
c:/nxp/mcuxpressoide_11.0.1_2563/ide/plugins/com.nxp.mcuxpresso.tools.win32_11.0.1.201907311258/tools/bin/../lib/gcc/arm-none-eabi/8.2.1/../../../../arm-none-eabi/lib/thumb/v6-m/nofp\libcr_c.a(__init_alloc.o)
                              c:/nxp/mcuxpressoide_11.0.1_2563/ide/plugins/com.nxp.mcuxpresso.tools.win32_11.0.1.201907311258/tools/bin/../lib/gcc/arm-none-eabi/8.2.1/../../../../arm-none-eabi/lib/thumb/v6-m/nofp\libcr_c.a(alloc.o) (__heaps)
c:/nxp/mcuxpressoide_11.0.1_2563/ide/plugins/com.nxp.mcuxpresso.tools.win32_11.0.1.201907311258/tools/bin/../lib/gcc/arm-none-eabi/8.2.1/../../../../arm-none-eabi/lib/thumb/v6-m/nofp\libcr_c.a(_cr_sbrk.o)
                              c:/nxp/mcuxpressoide_11.0.1_2563/ide/plugins/com.nxp.mcuxpresso.tools.win32_11.0.1.201907311258/tools/bin/../lib/gcc/arm-none-eabi/8.2.1/../../../../arm-none-eabi/lib/thumb/v6-m/nofp\libcr_c.a(alloc.o) (_sbrk)
c:/nxp/mcuxpressoide_11.0.1_2563/ide/plugins/com.nxp.mcuxpresso.tools.win32_11.0.1.201907311258/tools/bin/../lib/gcc/arm-none-eabi/8.2.1/../../../../arm-none-eabi/lib/thumb/v6-m/nofp\libcr_c.a(_deferredlazyseek.o)
                              c:/nxp/mcuxpressoide_11.0.1_2563/ide/plugins/com.nxp.mcuxpresso.tools.win32_11.0.1.201907311258/tools/bin/../lib/gcc/arm-none-eabi/8.2.1/../../../../arm-none-eabi/lib/thumb/v6-m/nofp\libcr_c.a(printf.o) (__flsbuf)
c:/nxp/mcuxpressoide_11.0.1_2563/ide/plugins/com.nxp.mcuxpresso.tools.win32_11.0.1.201907311258/tools/bin/../lib/gcc/arm-none-eabi/8.2.1/../../../../arm-none-eabi/lib/thumb/v6-m/nofp\libcr_c.a(_fdopen.o)
                              c:/nxp/mcuxpressoide_11.0.1_2563/ide/plugins/com.nxp.mcuxpresso.tools.win32_11.0.1.201907311258/tools/bin/../lib/gcc/arm-none-eabi/8.2.1/../../../../arm-none-eabi/lib/thumb/v6-m/nofp\libcr_c.a(initio.o) (_fdopen)
[...]
Memory Configuration

Name             Origin             Length             Attributes
PROGRAM_FLASH    0x00000000         0x00020000         xr
SRAM             0x1ffff000         0x00004000         xrw
*default*        0x00000000         0xffffffff

Linker script and memory map

LOAD ./utilities/fsl_debug_console.o
LOAD ./startup/startup_mkl25z4.o
LOAD ./source/Logger.o
LOAD ./source/System.o
LOAD ./source/Testsuite.o
LOAD ./source/Time_Systick.o
LOAD ./source/UARTFunction_Interrupt.o
LOAD ./source/UARTFunction_polled.o
LOAD ./source/circular_buffer.o
LOAD ./source/led_control.o
LOAD ./source/main.o
LOAD ./source/mtb.o
LOAD ./drivers/fsl_clock.o
LOAD ./drivers/fsl_common.o
LOAD ./drivers/fsl_flash.o
LOAD ./drivers/fsl_gpio.o
LOAD ./drivers/fsl_lpsci.o
LOAD ./drivers/fsl_smc.o
LOAD ./drivers/fsl_uart.o
LOAD ./board/board.o
LOAD ./board/clock_config.o
LOAD ./board/peripherals.o
LOAD ./board/pin_mux.o
LOAD ./CMSIS/system_MKL25Z4.o
START GROUP
LOAD c:/nxp/mcuxpressoide_11.0.1_2563/ide/plugins/com.nxp.mcuxpresso.tools.win32_11.0.1.201907311258/tools/bin/../lib/gcc/arm-none-eabi/8.2.1/../../../../arm-none-eabi/lib/thumb/v6-m/nofp\libcr_semihost_nf.a
LOAD c:/nxp/mcuxpressoide_11.0.1_2563/ide/plugins/com.nxp.mcuxpresso.tools.win32_11.0.1.201907311258/tools/bin/../lib/gcc/arm-none-eabi/8.2.1/../../../../arm-none-eabi/lib/thumb/v6-m/nofp\libcr_c.a
LOAD c:/nxp/mcuxpressoide_11.0.1_2563/ide/plugins/com.nxp.mcuxpresso.tools.win32_11.0.1.201907311258/tools/bin/../lib/gcc/arm-none-eabi/8.2.1/thumb/v6-m/nofp\libcr_eabihelpers.a
LOAD c:/nxp/mcuxpressoide_11.0.1_2563/ide/plugins/com.nxp.mcuxpresso.tools.win32_11.0.1.201907311258/tools/bin/../lib/gcc/arm-none-eabi/8.2.1/thumb/v6-m/nofp\libgcc.a
END GROUP
                0x00000000                __base_PROGRAM_FLASH = 0x0
                0x00000000                __base_Flash = 0x0
                0x00020000                __top_PROGRAM_FLASH = 0x20000
                0x00020000                __top_Flash = 0x20000
                0x1ffff000                __base_SRAM = 0x1ffff000
                0x1ffff000                __base_RAM = 0x1ffff000
                0x20003000                __top_SRAM = 0x20003000
                0x20003000                __top_RAM = 0x20003000

.text           0x00000000     0x608c
 FILL mask 0xff
                0x00000000                __vectors_start__ = ABSOLUTE (.)
 *(SORT_BY_ALIGNMENT(.isr_vector))
 .isr_vector    0x00000000       0xc0 ./startup/startup_mkl25z4.o
                0x00000000                g_pfnVectors
                0x00000000                __Vectors
                0x000000c0                . = ALIGN (0x4)
                0x000000c0                __section_table_start = .
                0x000000c0                __data_section_table = .
                0x000000c0        0x4 LONG 0x608c LOADADDR (.data)
                0x000000c4        0x4 LONG 0x1ffff080 ADDR (.data)
                0x000000c8        0x4 LONG 0xc SIZEOF (.data)
                0x000000cc                __data_section_table_end = .
                0x000000cc                __bss_section_table = .
                0x000000cc        0x4 LONG 0x1ffff08c ADDR (.bss)
                0x000000d0        0x4 LONG 0x24c SIZEOF (.bss)
                0x000000d4                __bss_section_table_end = .
                0x000000d4                __section_table_end = .
 *(SORT_BY_ALIGNMENT(.after_vectors*))
 .after_vectors.reset
                0x000000d4       0x4c ./startup/startup_mkl25z4.o
                0x000000d4                ResetISR
 .after_vectors.init_data
                0x00000120       0x12 ./startup/startup_mkl25z4.o
                0x00000120                data_init
 .after_vectors.init_bss
                0x00000132       0x10 ./startup/startup_mkl25z4.o
                0x00000132                bss_init
 .after_vectors
                0x00000142      0x10c ./startup/startup_mkl25z4.o
                0x00000142                NMI_Handler
                0x00000144                HardFault_Handler
                0x00000146                SVC_Handler
                0x00000148                PendSV_Handler
                0x0000014c                SPI1_DriverIRQHandler
                0x0000014c                LPTMR0_DriverIRQHandler
                0x0000014c                Reserved39_DriverIRQHandler
                0x0000014c                DMA0_DriverIRQHandler
                0x0000014c                I2C0_DriverIRQHandler
                0x0000014c                PORTD_DriverIRQHandler
                0x0000014c                DMA2_DriverIRQHandler
                0x0000014c                CMP0_DriverIRQHandler
                0x0000014c                TPM2_DriverIRQHandler
                0x0000014c                ADC0_DriverIRQHandler
                0x0000014c                SPI0_DriverIRQHandler
                0x0000014c                TSI0_DriverIRQHandler
                0x0000014c                RTC_Seconds_DriverIRQHandler
                0x0000014c                I2C1_DriverIRQHandler
                0x0000014c                LLWU_DriverIRQHandler
                0x0000014c                MCG_DriverIRQHandler
                0x0000014c                DMA1_DriverIRQHandler
                0x0000014c                PIT_DriverIRQHandler
                0x0000014c                RTC_DriverIRQHandler
                0x0000014c                FTFA_DriverIRQHandler
                0x0000014c                IntDefaultHandler
                0x0000014c                USB0_DriverIRQHandler
                0x0000014c                DAC0_DriverIRQHandler
                0x0000014c                TPM1_DriverIRQHandler
                0x0000014c                LVD_LVW_DriverIRQHandler
                0x0000014c                TPM0_DriverIRQHandler
                0x0000014c                PORTA_DriverIRQHandler
                0x0000014c                Reserved45_DriverIRQHandler
                0x0000014c                Reserved20_DriverIRQHandler
                0x0000014c                DMA3_DriverIRQHandler
                0x0000014e                DMA0_IRQHandler
                0x00000156                DMA1_IRQHandler
                0x0000015e                DMA2_IRQHandler
                0x00000166                DMA3_IRQHandler
                0x0000016e                Reserved20_IRQHandler
                0x00000176                FTFA_IRQHandler
                0x0000017e                LVD_LVW_IRQHandler
                0x00000186                LLWU_IRQHandler
                0x0000018e                I2C0_IRQHandler
                0x00000196                I2C1_IRQHandler
                0x0000019e                SPI0_IRQHandler
                0x000001a6                SPI1_IRQHandler
                0x000001b6                UART1_IRQHandler
                0x000001be                UART2_IRQHandler
                0x000001c6                ADC0_IRQHandler
                0x000001ce                CMP0_IRQHandler
                0x000001d6                TPM0_IRQHandler
                0x000001de                TPM1_IRQHandler
                0x000001e6                TPM2_IRQHandler
                0x000001ee                RTC_IRQHandler
                0x000001f6                RTC_Seconds_IRQHandler
                0x000001fe                PIT_IRQHandler
                0x00000206                Reserved39_IRQHandler
                0x0000020e                USB0_IRQHandler
                0x00000216                DAC0_IRQHandler
                0x0000021e                TSI0_IRQHandler
                0x00000226                MCG_IRQHandler
                0x0000022e                LPTMR0_IRQHandler
                0x00000236                Reserved45_IRQHandler
                0x0000023e                PORTA_IRQHandler
                0x00000246                PORTD_IRQHandler
                0x00000400                . = 0x400
 *fill*         0x0000024e      0x1b2 ff
                0x00000400                PROVIDE (__FLASH_CONFIG_START__ = .)
 *(SORT_BY_ALIGNMENT(.FlashConfig))
 .FlashConfig   0x00000400       0x10 ./startup/startup_mkl25z4.o
                0x00000400                Flash_Config
                0x00000410                PROVIDE (__FLASH_CONFIG_END__ = .)
                0x00000001                ASSERT (! ((__FLASH_CONFIG_START__ == __FLASH_CONFIG_END__)), Linker Flash Config Support Enabled, but no .FlashConfig section provided within application)
 *(SORT_BY_ALIGNMENT(.text*))
 .text.DbgConsole_Init
                0x00000410       0xf0 ./utilities/fsl_debug_console.o
                0x00000410                DbgConsole_Init
 .text.DbgConsole_Printf
                0x00000500       0x44 ./utilities/fsl_debug_console.o
                0x00000500                DbgConsole_Printf
 .text.DbgConsole_Putchar
                0x00000544       0x34 ./utilities/fsl_debug_console.o
                0x00000544                DbgConsole_Putchar
 .text.Log_Enable
                0x00000578       0x14 ./source/Logger.o
                0x00000578                Log_Enable
 .text.Log_String
                0x0000058c       0x28 ./source/Logger.o
                0x0000058c                Log_String
 .text.display_String
                0x000005b4       0x38 ./source/Logger.o
                0x000005b4                display_String
 .text.Print_Data
                0x000005ec       0x40 ./source/Logger.o
                0x000005ec                Print_Data
 .text.System_Safestate
                0x0000062c       0x1c ./source/System.o
                0x0000062c                System_Safestate
 .text.SysTick_Handler
                0x00000648       0x5c ./source/Time_Systick.o
                0x00000648                SysTick_Handler
 .text.display_time
                0x000006a4      0x100 ./source/Time_Systick.o
                0x000006a4                display_time
 .text.NVIC_EnableIRQ
                0x000007a4       0x2c ./source/UARTFunction_Interrupt.o
 .text.NVIC_ClearPendingIRQ
                0x000007d0       0x30 ./source/UARTFunction_Interrupt.o
 .text.NVIC_SetPriority
                0x00000800       0xdc ./source/UARTFunction_Interrupt.o
 .text.delay2   0x000008dc       0x30 ./source/UARTFunction_Interrupt.o
                0x000008dc                delay2
 .text.uart_init_interrupt
                0x0000090c      0x16c ./source/UARTFunction_Interrupt.o
                0x0000090c                uart_init_interrupt
 .text.transmit_available_interrupt
                0x00000a78       0x3c ./source/UARTFunction_Interrupt.o
                0x00000a78                transmit_available_interrupt
 .text.transmit_data_interrupt
                0x00000ab4       0x48 ./source/UARTFunction_Interrupt.o
                0x00000ab4                transmit_data_interrupt
 .text.Receive_available_interrupt
                0x00000afc       0x24 ./source/UARTFunction_Interrupt.o
                0x00000afc                Receive_available_interrupt
 .text.Receive_data_interrupt
                0x00000b20       0x6c ./source/UARTFunction_Interrupt.o
                0x00000b20                Receive_data_interrupt
 .text.Send_String_interrupt
                0x00000b8c       0x4c ./source/UARTFunction_Interrupt.o
                0x00000b8c                Send_String_interrupt
 .text.UART0_IRQHandler
                0x00000bd8       0x9c ./source/UARTFunction_Interrupt.o
                0x00000bd8                UART0_IRQHandler
 .text.NVIC_DisableIRQ
                0x00000c74       0x30 ./source/UARTFunction_polled.o
 .text.delay1   0x00000ca4       0x30 ./source/UARTFunction_polled.o
                0x00000ca4                delay1
 .text.uart_init_polled
                0x00000cd4      0x158 ./source/UARTFunction_polled.o
                0x00000cd4                uart_init_polled
 .text.transmit_available
                0x00000e2c       0x24 ./source/UARTFunction_polled.o
                0x00000e2c                transmit_available
 .text.transmit_data
                0x00000e50       0x28 ./source/UARTFunction_polled.o
                0x00000e50                transmit_data
 .text.Receive_available
                0x00000e78       0x28 ./source/UARTFunction_polled.o
                0x00000e78                Receive_available
 .text.Recieve_polled
                0x00000ea0       0x34 ./source/UARTFunction_polled.o
                0x00000ea0                Recieve_polled
 .text.circular_buffer_init
                0x00000ed4       0xf4 ./source/circular_buffer.o
                0x00000ed4                circular_buffer_init
 .text.advance_pointer
                0x00000fc8      0x138 ./source/circular_buffer.o
 .text.circular_buffer_add
                0x00001100       0xf4 ./source/circular_buffer.o
                0x00001100                circular_buffer_add
 .text.retreat_pointer
                0x000011f4       0x88 ./source/circular_buffer.o
 .text.circular_buffer_remove
                0x0000127c      0x108 ./source/circular_buffer.o
                0x0000127c                circular_buffer_remove
 .text.circular_buffer_reset
                0x00001384       0x98 ./source/circular_buffer.o
                0x00001384                circular_buffer_reset
 .text.circular_buffer_full
                0x0000141c       0xcc ./source/circular_buffer.o
                0x0000141c                circular_buffer_full
 .text.circular_buf_empty
                0x000014e8       0x94 ./source/circular_buffer.o
                0x000014e8                circular_buf_empty
 .text.circular_buffer_init_check
                0x0000157c       0x2c ./source/circular_buffer.o
                0x0000157c                circular_buffer_init_check
 .text.circular_buffer_destroy
                0x000015a8       0x30 ./source/circular_buffer.o
                0x000015a8                circular_buffer_destroy
 .text.Led_Initialize
                0x000015d8       0x64 ./source/led_control.o
                0x000015d8                Led_Initialize
 .text.led_control
                0x0000163c       0xc0 ./source/led_control.o
                0x0000163c                led_control
 .text.NVIC_SetPriority
                0x000016fc       0xdc ./source/main.o
 .text.SysTick_Config
                0x000017d8       0x48 ./source/main.o
 .text.main     0x00001820      0x39c ./source/main.o
                0x00001820                main
 .text.display_report
                0x00001bbc      0x140 ./source/main.o
                0x00001bbc                display_report
 .text.CLOCK_SetEr32kClock
                0x00001cfc       0x34 ./drivers/fsl_clock.o
 .text.CLOCK_SetPllFllSelClock
                0x00001d30       0x38 ./drivers/fsl_clock.o
 .text.CLOCK_GetMcgExtClkFreq
                0x00001d68       0x28 ./drivers/fsl_clock.o
 .text.CLOCK_GetFllExtRefClkFreq
                0x00001d90       0xa4 ./drivers/fsl_clock.o
 .text.CLOCK_GetFllRefClkFreq
                0x00001e34       0x2c ./drivers/fsl_clock.o
 .text.CLOCK_GetOscRangeFromFreq
                0x00001e60       0x4c ./drivers/fsl_clock.o
 .text.CLOCK_GetPllFllSelClkFreq
                0x00001eac       0x4c ./drivers/fsl_clock.o
                0x00001eac                CLOCK_GetPllFllSelClkFreq
 .text.CLOCK_SetSimConfig
                0x00001ef8       0x38 ./drivers/fsl_clock.o
                0x00001ef8                CLOCK_SetSimConfig
 .text.CLOCK_GetFllFreq
                0x00001f30       0x84 ./drivers/fsl_clock.o
                0x00001f30                CLOCK_GetFllFreq
 .text.CLOCK_GetPll0Freq
                0x00001fb4       0x70 ./drivers/fsl_clock.o
                0x00001fb4                CLOCK_GetPll0Freq
 .text.CLOCK_SetInternalRefClkConfig
                0x00002024      0x124 ./drivers/fsl_clock.o
                0x00002024                CLOCK_SetInternalRefClkConfig
 .text.CLOCK_EnablePll0
                0x00002148       0x90 ./drivers/fsl_clock.o
                0x00002148                CLOCK_EnablePll0
 .text.CLOCK_InitOsc0
                0x000021d8       0x94 ./drivers/fsl_clock.o
                0x000021d8                CLOCK_InitOsc0
 .text.CLOCK_SetPbeMode
                0x0000226c       0xb0 ./drivers/fsl_clock.o
                0x0000226c                CLOCK_SetPbeMode
 .text.CLOCK_BootToPeeMode
                0x0000231c       0x70 ./drivers/fsl_clock.o
                0x0000231c                CLOCK_BootToPeeMode
 .text.__assertion_failed
                0x0000238c       0x1c ./drivers/fsl_common.o
                0x0000238c                __assertion_failed
 .text.GPIO_PinInit
                0x000023a8       0x64 ./drivers/fsl_gpio.o
                0x000023a8                GPIO_PinInit
 .text.CLOCK_EnableClock
                0x0000240c       0x34 ./drivers/fsl_lpsci.o
 .text.LPSCI_GetInstance
                0x00002440       0x48 ./drivers/fsl_lpsci.o
                0x00002440                LPSCI_GetInstance
 .text.LPSCI_Init
                0x00002488      0x258 ./drivers/fsl_lpsci.o
                0x00002488                LPSCI_Init
 .text.LPSCI_GetDefaultConfig
                0x000026e0       0x44 ./drivers/fsl_lpsci.o
                0x000026e0                LPSCI_GetDefaultConfig
 .text.LPSCI_ClearStatusFlags
                0x00002724       0x94 ./drivers/fsl_lpsci.o
                0x00002724                LPSCI_ClearStatusFlags
 .text.LPSCI_WriteBlocking
                0x000027b8       0x4c ./drivers/fsl_lpsci.o
                0x000027b8                LPSCI_WriteBlocking
 .text.LPSCI_ReadBlocking
                0x00002804       0xc0 ./drivers/fsl_lpsci.o
                0x00002804                LPSCI_ReadBlocking
 .text.UART0_DriverIRQHandler
                0x000028c4       0x24 ./drivers/fsl_lpsci.o
                0x000028c4                UART0_DriverIRQHandler
 .text.CLOCK_EnableClock
                0x000028e8       0x34 ./drivers/fsl_uart.o
 .text.UART_GetInstance
                0x0000291c       0x54 ./drivers/fsl_uart.o
                0x0000291c                UART_GetInstance
 .text.UART_Init
                0x00002970      0x1e0 ./drivers/fsl_uart.o
                0x00002970                UART_Init
 .text.UART_GetDefaultConfig
                0x00002b50       0x44 ./drivers/fsl_uart.o
                0x00002b50                UART_GetDefaultConfig
 .text.UART_ReadBlocking
                0x00002b94       0x98 ./drivers/fsl_uart.o
                0x00002b94                UART_ReadBlocking
 .text.UART1_DriverIRQHandler
                0x00002c2c       0x24 ./drivers/fsl_uart.o
                0x00002c2c                UART1_DriverIRQHandler
 .text.UART2_DriverIRQHandler
                0x00002c50       0x24 ./drivers/fsl_uart.o
                0x00002c50                UART2_DriverIRQHandler
 .text.CLOCK_SetLpsci0Clock
                0x00002c74       0x38 ./board/board.o
 .text.BOARD_InitDebugConsole
                0x00002cac       0x30 ./board/board.o
                0x00002cac                BOARD_InitDebugConsole
 .text.CLOCK_SetSimSafeDivs
                0x00002cdc       0x20 ./board/clock_config.o
 .text.CLOCK_SetXtal0Freq
                0x00002cfc       0x1c ./board/clock_config.o
 .text.CLOCK_CONFIG_SetFllExtRefDiv
                0x00002d18       0x3c ./board/clock_config.o
 .text.BOARD_BootClockRUN
                0x00002d54       0x64 ./board/clock_config.o
                0x00002d54                BOARD_BootClockRUN
 .text.CLOCK_EnableClock
                0x00002db8       0x34 ./board/pin_mux.o
 .text.PORT_SetPinMux
                0x00002dec       0x40 ./board/pin_mux.o
 .text.BOARD_InitPins
                0x00002e2c       0x90 ./board/pin_mux.o
                0x00002e2c                BOARD_InitPins
 .text.SystemInit
                0x00002ebc       0x18 ./CMSIS/system_MKL25Z4.o
                0x00002ebc                SystemInit
 .text.malloc   0x00002ed4       0xcc c:/nxp/mcuxpressoide_11.0.1_2563/ide/plugins/com.nxp.mcuxpresso.tools.win32_11.0.1.201907311258/tools/bin/../lib/gcc/arm-none-eabi/8.2.1/../../../../arm-none-eabi/lib/thumb/v6-m/nofp\libcr_c.a(alloc.o)
                0x00002ed4                malloc
 .text._Csys_alloc
                0x00002fa0       0x20 c:/nxp/mcuxpressoide_11.0.1_2563/ide/plugins/com.nxp.mcuxpresso.tools.win32_11.0.1.201907311258/tools/bin/../lib/gcc/arm-none-eabi/8.2.1/../../../../arm-none-eabi/lib/thumb/v6-m/nofp\libcr_c.a(alloc.o)
                0x00002fa0                _Csys_alloc
 .text._initio  0x00002fc0       0x7c c:/nxp/mcuxpressoide_11.0.1_2563/ide/plugins/com.nxp.mcuxpresso.tools.win32_11.0.1.201907311258/tools/bin/../lib/gcc/arm-none-eabi/8.2.1/../../../../arm-none-eabi/lib/thumb/v6-m/nofp\libcr_c.a(initio.o)
                0x00002fc0                _initio
 .text._terminateio
                0x0000303c       0x50 c:/nxp/mcuxpressoide_11.0.1_2563/ide/plugins/com.nxp.mcuxpresso.tools.win32_11.0.1.201907311258/tools/bin/../lib/gcc/arm-none-eabi/8.2.1/../../../../arm-none-eabi/lib/thumb/v6-m/nofp\libcr_c.a(initio.o)
                0x0000303c                _terminateio
 .text.uitoa    0x0000308c       0x48 c:/nxp/mcuxpressoide_11.0.1_2563/ide/plugins/com.nxp.mcuxpresso.tools.win32_11.0.1.201907311258/tools/bin/../lib/gcc/arm-none-eabi/8.2.1/../../../../arm-none-eabi/lib/thumb/v6-m/nofp\libcr_c.a(itoa.o)
                0x0000308c                uitoa
 .text.itoa     0x000030d4       0x60 c:/nxp/mcuxpressoide_11.0.1_2563/ide/plugins/com.nxp.mcuxpresso.tools.win32_11.0.1.201907311258/tools/bin/../lib/gcc/arm-none-eabi/8.2.1/../../../../arm-none-eabi/lib/thumb/v6-m/nofp\libcr_c.a(itoa.o)
                0x000030d4                itoa
 .text.__vfprintf
                0x00003134      0xcd8 c:/nxp/mcuxpressoide_11.0.1_2563/ide/plugins/com.nxp.mcuxpresso.tools.win32_11.0.1.201907311258/tools/bin/../lib/gcc/arm-none-eabi/8.2.1/../../../../arm-none-eabi/lib/thumb/v6-m/nofp\libcr_c.a(printf.o)
                0x00003134                __vfprintf
 .text._vsnprintf
                0x00003e0c       0x70 c:/nxp/mcuxpressoide_11.0.1_2563/ide/plugins/com.nxp.mcuxpresso.tools.win32_11.0.1.201907311258/tools/bin/../lib/gcc/arm-none-eabi/8.2.1/../../../../arm-none-eabi/lib/thumb/v6-m/nofp\libcr_c.a(printf.o)
                0x00003e0c                _vsnprintf
 .text._printf  0x00003e7c       0x50 c:/nxp/mcuxpressoide_11.0.1_2563/ide/plugins/com.nxp.mcuxpresso.tools.win32_11.0.1.201907311258/tools/bin/../lib/gcc/arm-none-eabi/8.2.1/../../../../arm-none-eabi/lib/thumb/v6-m/nofp\libcr_c.a(printf.o)
                0x00003e7c                _printf
 .text.setvbuf  0x00003ecc       0x4c c:/nxp/mcuxpressoide_11.0.1_2563/ide/plugins/com.nxp.mcuxpresso.tools.win32_11.0.1.201907311258/tools/bin/../lib/gcc/arm-none-eabi/8.2.1/../../../../arm-none-eabi/lib/thumb/v6-m/nofp\libcr_c.a(setvbuf.o)
                0x00003ecc                setvbuf
 .text.exit     0x00003f18       0x2c c:/nxp/mcuxpressoide_11.0.1_2563/ide/plugins/com.nxp.mcuxpresso.tools.win32_11.0.1.201907311258/tools/bin/../lib/gcc/arm-none-eabi/8.2.1/../../../../arm-none-eabi/lib/thumb/v6-m/nofp\libcr_c.a(stdlib.o)
                0x00003f18                exit
 .text.strlen   0x00003f44       0x58 c:/nxp/mcuxpressoide_11.0.1_2563/ide/plugins/com.nxp.mcuxpresso.tools.win32_11.0.1.201907311258/tools/bin/../lib/gcc/arm-none-eabi/8.2.1/../../../../arm-none-eabi/lib/thumb/v6-m/nofp\libcr_c.a(strlen.o)
                0x00003f44                strlen
 .text._sbrk    0x00003f9c       0x40 c:/nxp/mcuxpressoide_11.0.1_2563/ide/plugins/com.nxp.mcuxpresso.tools.win32_11.0.1.201907311258/tools/bin/../lib/gcc/arm-none-eabi/8.2.1/../../../../arm-none-eabi/lib/thumb/v6-m/nofp\libcr_c.a(_cr_sbrk.o)
                0x00003f9c                _sbrk
 .text._deferredlazyseek
                0x00003fdc       0x40 c:/nxp/mcuxpressoide_11.0.1_2563/ide/plugins/com.nxp.mcuxpresso.tools.win32_11.0.1.201907311258/tools/bin/../lib/gcc/arm-none-eabi/8.2.1/../../../../arm-none-eabi/lib/thumb/v6-m/nofp\libcr_c.a(_deferredlazyseek.o)
                0x00003fdc                _deferredlazyseek
 .text.__flsbuf
                0x0000401c      0x14c c:/nxp/mcuxpressoide_11.0.1_2563/ide/plugins/com.nxp.mcuxpresso.tools.win32_11.0.1.201907311258/tools/bin/../lib/gcc/arm-none-eabi/8.2.1/../../../../arm-none-eabi/lib/thumb/v6-m/nofp\libcr_c.a(_deferredlazyseek.o)
                0x0000401c                __flsbuf
 .text._fdopen  0x00004168       0x74 c:/nxp/mcuxpressoide_11.0.1_2563/ide/plugins/com.nxp.mcuxpresso.tools.win32_11.0.1.201907311258/tools/bin/../lib/gcc/arm-none-eabi/8.2.1/../../../../arm-none-eabi/lib/thumb/v6-m/nofp\libcr_c.a(_fdopen.o)
                0x00004168                _fdopen
 .text._fflush  0x000041dc       0x5c c:/nxp/mcuxpressoide_11.0.1_2563/ide/plugins/com.nxp.mcuxpresso.tools.win32_11.0.1.201907311258/tools/bin/../lib/gcc/arm-none-eabi/8.2.1/../../../../arm-none-eabi/lib/thumb/v6-m/nofp\libcr_c.a(_fflush.o)
                0x000041dc                _fflush
 .text._Cwritebuf
                0x00004238       0x68 c:/nxp/mcuxpressoide_11.0.1_2563/ide/plugins/com.nxp.mcuxpresso.tools.win32_11.0.1.201907311258/tools/bin/../lib/gcc/arm-none-eabi/8.2.1/../../../../arm-none-eabi/lib/thumb/v6-m/nofp\libcr_c.a(_writebuf.o)
                0x00004238                _Cwritebuf
 .text.fclose   0x000042a0       0x5c c:/nxp/mcuxpressoide_11.0.1_2563/ide/plugins/com.nxp.mcuxpresso.tools.win32_11.0.1.201907311258/tools/bin/../lib/gcc/arm-none-eabi/8.2.1/../../../../arm-none-eabi/lib/thumb/v6-m/nofp\libcr_c.a(fclose.o)
                0x000042a0                fclose
 .text.fflush   0x000042fc       0x44 c:/nxp/mcuxpressoide_11.0.1_2563/ide/plugins/com.nxp.mcuxpresso.tools.win32_11.0.1.201907311258/tools/bin/../lib/gcc/arm-none-eabi/8.2.1/../../../../arm-none-eabi/lib/thumb/v6-m/nofp\libcr_c.a(fflush.o)
                0x000042fc                fflush
 .text.fseek    0x00004340       0xf0 c:/nxp/mcuxpressoide_11.0.1_2563/ide/plugins/com.nxp.mcuxpresso.tools.win32_11.0.1.201907311258/tools/bin/../lib/gcc/arm-none-eabi/8.2.1/../../../../arm-none-eabi/lib/thumb/v6-m/nofp\libcr_c.a(fseek.o)
                0x00004340                fseek
 .text.ftell    0x00004430       0x48 c:/nxp/mcuxpressoide_11.0.1_2563/ide/plugins/com.nxp.mcuxpresso.tools.win32_11.0.1.201907311258/tools/bin/../lib/gcc/arm-none-eabi/8.2.1/../../../../arm-none-eabi/lib/thumb/v6-m/nofp\libcr_c.a(ftell.o)
                0x00004430                ftell
 .text.__check_heap_overflow
                0x00004478       0x14 c:/nxp/mcuxpressoide_11.0.1_2563/ide/plugins/com.nxp.mcuxpresso.tools.win32_11.0.1.201907311258/tools/bin/../lib/gcc/arm-none-eabi/8.2.1/../../../../arm-none-eabi/lib/thumb/v6-m/nofp\libcr_c.a(_cr_check_heap.o)
                0x00004478                __check_heap_overflow
 .text._do_fflush
                0x0000448c       0x44 c:/nxp/mcuxpressoide_11.0.1_2563/ide/plugins/com.nxp.mcuxpresso.tools.win32_11.0.1.201907311258/tools/bin/../lib/gcc/arm-none-eabi/8.2.1/../../../../arm-none-eabi/lib/thumb/v6-m/nofp\libcr_c.a(_do_fflush.o)
                0x0000448c                _do_fflush
 .text.__sys_appexit
                0x000044d0        0xc c:/nxp/mcuxpressoide_11.0.1_2563/ide/plugins/com.nxp.mcuxpresso.tools.win32_11.0.1.201907311258/tools/bin/../lib/gcc/arm-none-eabi/8.2.1/../../../../arm-none-eabi/lib/thumb/v6-m/nofp\libcr_semihost_nf.a(__sys_appexit.o)
                0x000044d0                __sys_appexit
                0x000044d0                __exit
 .text.UART_EnableTx
                0x000044dc       0x40 ./utilities/fsl_debug_console.o
 .text.UART_EnableRx
                0x0000451c       0x40 ./utilities/fsl_debug_console.o
 .text.LPSCI_EnableTx
                0x0000455c       0x40 ./utilities/fsl_debug_console.o
 .text.LPSCI_EnableRx
                0x0000459c       0x40 ./utilities/fsl_debug_console.o
 .text.DbgConsole_PrintfPaddingCharacter
                0x000045dc       0x46 ./utilities/fsl_debug_console.o
 .text.DbgConsole_ConvertRadixNumToString
                0x00004622      0x114 ./utilities/fsl_debug_console.o
 .text.DbgConsole_PrintfFormattedData
                0x00004736      0x336 ./utilities/fsl_debug_console.o
 .text.Transmit_polled
                0x00004a6c       0x2c ./source/UARTFunction_polled.o
                0x00004a6c                Transmit_polled
 .text.Send_String_Poll
                0x00004a98       0x2e ./source/UARTFunction_polled.o
                0x00004a98                Send_String_Poll
 .text.circular_buffer_valid
                0x00004ac6       0x22 ./source/circular_buffer.o
                0x00004ac6                circular_buffer_valid
 .text.GPIO_SetPinsOutput
                0x00004ae8       0x18 ./source/led_control.o
 .text.GPIO_ClearPinsOutput
                0x00004b00       0x18 ./source/led_control.o
 .text.delay    0x00004b18       0x2c ./source/led_control.o
                0x00004b18                delay
 .text.OSC_SetExtRefClkConfig
                0x00004b44       0x3e ./drivers/fsl_clock.o
 .text.OSC_SetCapLoad
                0x00004b82       0x42 ./drivers/fsl_clock.o
 .text.CLOCK_GetPll0RefFreq
                0x00004bc4       0x10 ./drivers/fsl_clock.o
 .text.CLOCK_SetExternalRefClkConfig
                0x00004bd4       0x16 ./drivers/fsl_clock.o
                0x00004bd4                CLOCK_SetExternalRefClkConfig
 .text.GPIO_WritePinOutput
                0x00004bea       0x34 ./drivers/fsl_gpio.o
 .text.LPSCI_GetStatusFlags
                0x00004c1e       0x26 ./drivers/fsl_lpsci.o
                0x00004c1e                LPSCI_GetStatusFlags
 .text.UART_GetStatusFlags
                0x00004c44       0x26 ./drivers/fsl_uart.o
                0x00004c44                UART_GetStatusFlags
 .text.UART_WriteBlocking
                0x00004c6a       0x3a ./drivers/fsl_uart.o
                0x00004c6a                UART_WriteBlocking
 .text.BOARD_InitBootClocks
                0x00004ca4        0xe ./board/clock_config.o
                0x00004ca4                BOARD_InitBootClocks
 .text.BOARD_InitBootPeripherals
                0x00004cb2        0xa ./board/peripherals.o
                0x00004cb2                BOARD_InitBootPeripherals
 .text.BOARD_InitBootPins
                0x00004cbc        0xe ./board/pin_mux.o
                0x00004cbc                BOARD_InitBootPins
 .text.__main   0x00004cca        0xc c:/nxp/mcuxpressoide_11.0.1_2563/ide/plugins/com.nxp.mcuxpresso.tools.win32_11.0.1.201907311258/tools/bin/../lib/gcc/arm-none-eabi/8.2.1/../../../../arm-none-eabi/lib/thumb/v6-m/nofp\libcr_semihost_nf.a(_cr__main.o)
                0x00004cca                __CR_SEMIHOST
                0x00004cca                __main
 .text.memset   0x00004cd6        0x8 c:/nxp/mcuxpressoide_11.0.1_2563/ide/plugins/com.nxp.mcuxpresso.tools.win32_11.0.1.201907311258/tools/bin/../lib/gcc/arm-none-eabi/8.2.1/../../../../arm-none-eabi/lib/thumb/v6-m/nofp\libcr_c.a(memset.o)
                0x00004cd6                memset
 .text.free     0x00004cde       0x2c c:/nxp/mcuxpressoide_11.0.1_2563/ide/plugins/com.nxp.mcuxpresso.tools.win32_11.0.1.201907311258/tools/bin/../lib/gcc/arm-none-eabi/8.2.1/../../../../arm-none-eabi/lib/thumb/v6-m/nofp\libcr_c.a(alloc.o)
                0x00004cde                free
 .text.no_fp_display
                0x00004d0a        0x4 c:/nxp/mcuxpressoide_11.0.1_2563/ide/plugins/com.nxp.mcuxpresso.tools.win32_11.0.1.201907311258/tools/bin/../lib/gcc/arm-none-eabi/8.2.1/../../../../arm-none-eabi/lib/thumb/v6-m/nofp\libcr_c.a(printf.o)
 .text.remove   0x00004d0e       0x12 c:/nxp/mcuxpressoide_11.0.1_2563/ide/plugins/com.nxp.mcuxpresso.tools.win32_11.0.1.201907311258/tools/bin/../lib/gcc/arm-none-eabi/8.2.1/../../../../arm-none-eabi/lib/thumb/v6-m/nofp\libcr_c.a(remove.o)
                0x00004d0e                remove
 .text.__aeabi_division_idivmod
                0x00004d20       0x78 c:/nxp/mcuxpressoide_11.0.1_2563/ide/plugins/com.nxp.mcuxpresso.tools.win32_11.0.1.201907311258/tools/bin/../lib/gcc/arm-none-eabi/8.2.1/thumb/v6-m/nofp\libcr_eabihelpers.a(division_32.o)
                0x00004d20                __aeabi_idivmod
                0x00004d20                __aeabi_idiv
                0x00004d26                __aeabi_uidivmod
                0x00004d26                __aeabi_uidiv
 .text.__aeabi_division_idiv0
                0x00004d98        0x2 c:/nxp/mcuxpressoide_11.0.1_2563/ide/plugins/com.nxp.mcuxpresso.tools.win32_11.0.1.201907311258/tools/bin/../lib/gcc/arm-none-eabi/8.2.1/thumb/v6-m/nofp\libcr_eabihelpers.a(division_idiv0.o)
                0x00004d98                __aeabi_idiv0
 .text.__aeabi_llong_lmul
                0x00004d9a       0x2e c:/nxp/mcuxpressoide_11.0.1_2563/ide/plugins/com.nxp.mcuxpresso.tools.win32_11.0.1.201907311258/tools/bin/../lib/gcc/arm-none-eabi/8.2.1/thumb/v6-m/nofp\libcr_eabihelpers.a(llong.o)
                0x00004d9a                __aeabi_lmul
 .text.__aeabi_memset_lowlevel
                0x00004dc8       0x2a c:/nxp/mcuxpressoide_11.0.1_2563/ide/plugins/com.nxp.mcuxpresso.tools.win32_11.0.1.201907311258/tools/bin/../lib/gcc/arm-none-eabi/8.2.1/thumb/v6-m/nofp\libcr_eabihelpers.a(memcpy.o)
                0x00004dc8                __aeabi_lowlevel_memset
 .text.__sys_close
                0x00004df2        0xc c:/nxp/mcuxpressoide_11.0.1_2563/ide/plugins/com.nxp.mcuxpresso.tools.win32_11.0.1.201907311258/tools/bin/../lib/gcc/arm-none-eabi/8.2.1/../../../../arm-none-eabi/lib/thumb/v6-m/nofp\libcr_semihost_nf.a(__sys_close.o)
                0x00004df2                __sys_close
 .text.__sys_flen
                0x00004dfe        0xc c:/nxp/mcuxpressoide_11.0.1_2563/ide/plugins/com.nxp.mcuxpresso.tools.win32_11.0.1.201907311258/tools/bin/../lib/gcc/arm-none-eabi/8.2.1/../../../../arm-none-eabi/lib/thumb/v6-m/nofp\libcr_semihost_nf.a(__sys_flen.o)
                0x00004dfe                __sys_flen
 .text.__sys_istty
                0x00004e0a        0xc c:/nxp/mcuxpressoide_11.0.1_2563/ide/plugins/com.nxp.mcuxpresso.tools.win32_11.0.1.201907311258/tools/bin/../lib/gcc/arm-none-eabi/8.2.1/../../../../arm-none-eabi/lib/thumb/v6-m/nofp\libcr_semihost_nf.a(__sys_istty.o)
                0x00004e0a                __sys_istty
 .text.__sys_remove
                0x00004e16        0xc c:/nxp/mcuxpressoide_11.0.1_2563/ide/plugins/com.nxp.mcuxpresso.tools.win32_11.0.1.201907311258/tools/bin/../lib/gcc/arm-none-eabi/8.2.1/../../../../arm-none-eabi/lib/thumb/v6-m/nofp\libcr_semihost_nf.a(__sys_remove.o)
                0x00004e16                __sys_remove
 .text.__sys_seek
                0x00004e22        0xc c:/nxp/mcuxpressoide_11.0.1_2563/ide/plugins/com.nxp.mcuxpresso.tools.win32_11.0.1.201907311258/tools/bin/../lib/gcc/arm-none-eabi/8.2.1/../../../../arm-none-eabi/lib/thumb/v6-m/nofp\libcr_semihost_nf.a(__sys_seek.o)
                0x00004e22                __sys_seek
 .text.__sys_tmpnam
                0x00004e2e        0xc c:/nxp/mcuxpressoide_11.0.1_2563/ide/plugins/com.nxp.mcuxpresso.tools.win32_11.0.1.201907311258/tools/bin/../lib/gcc/arm-none-eabi/8.2.1/../../../../arm-none-eabi/lib/thumb/v6-m/nofp\libcr_semihost_nf.a(__sys_tmpnam.o)
                0x00004e2e                __sys_tmpnam
 .text.__sys_write
                0x00004e3a        0xc c:/nxp/mcuxpressoide_11.0.1_2563/ide/plugins/com.nxp.mcuxpresso.tools.win32_11.0.1.201907311258/tools/bin/../lib/gcc/arm-none-eabi/8.2.1/../../../../arm-none-eabi/lib/thumb/v6-m/nofp\libcr_semihost_nf.a(__sys_write.o)
                0x00004e3a                __sys_write
 *(SORT_BY_ALIGNMENT(.rodata) SORT_BY_ALIGNMENT(.rodata.*) SORT_BY_ALIGNMENT(.constdata) SORT_BY_ALIGNMENT(.constdata.*))
 *fill*         0x00004e46        0x2 ff
 .rodata        0x00004e48       0x57 ./source/System.o
 *fill*         0x00004e9f        0x1 ff
 .rodata        0x00004ea0        0xa ./source/Time_Systick.o
 *fill*         0x00004eaa        0x2 ff
 .rodata        0x00004eac       0x4d ./source/UARTFunction_Interrupt.o
 *fill*         0x00004ef9        0x3 ff
 .rodata        0x00004efc       0x22 ./source/UARTFunction_polled.o
 *fill*         0x00004f1e        0x2 ff
 .rodata        0x00004f20      0x44c ./source/circular_buffer.o
 .rodata        0x0000536c      0x201 ./source/main.o
 *fill*         0x0000556d        0x3 ff
 .rodata        0x00005570      0x11d ./drivers/fsl_clock.o
 *fill*         0x0000568d        0x3 ff
 .rodata.fllFactorTable.5230
                0x00005690       0x10 ./drivers/fsl_clock.o
 .rodata        0x000056a0        0x4 ./drivers/fsl_common.o
 .rodata        0x000056a4       0x62 ./drivers/fsl_gpio.o
 *fill*         0x00005706        0x2 ff
 .rodata        0x00005708      0x48c ./drivers/fsl_lpsci.o
 .rodata.s_uartBases
                0x00005b94        0xc ./drivers/fsl_uart.o
 .rodata.s_uartClock
                0x00005ba0        0xc ./drivers/fsl_uart.o
 .rodata        0x00005bac      0x45b ./drivers/fsl_uart.o
 *fill*         0x00006007        0x1 ff
 .rodata.mcgConfig_BOARD_BootClockRUN
                0x00006008        0xa ./board/clock_config.o
                0x00006008                mcgConfig_BOARD_BootClockRUN
 *fill*         0x00006012        0x2 ff
 .rodata.simConfig_BOARD_BootClockRUN
                0x00006014        0x8 ./board/clock_config.o
                0x00006014                simConfig_BOARD_BootClockRUN
 .rodata.oscConfig_BOARD_BootClockRUN
                0x0000601c        0x8 ./board/clock_config.o
                0x0000601c                oscConfig_BOARD_BootClockRUN
 .rodata.__num_Ciob_streams
                0x00006024        0x4 c:/nxp/mcuxpressoide_11.0.1_2563/ide/plugins/com.nxp.mcuxpresso.tools.win32_11.0.1.201907311258/tools/bin/../lib/gcc/arm-none-eabi/8.2.1/../../../../arm-none-eabi/lib/thumb/v6-m/nofp\libcr_semihost_nf.a(__ciob.o)
                0x00006024                __num_Ciob_streams
 .rodata._Csys_alloc.str1.1
                0x00006028       0x18 c:/nxp/mcuxpressoide_11.0.1_2563/ide/plugins/com.nxp.mcuxpresso.tools.win32_11.0.1.201907311258/tools/bin/../lib/gcc/arm-none-eabi/8.2.1/../../../../arm-none-eabi/lib/thumb/v6-m/nofp\libcr_c.a(alloc.o)
 .rodata._initio.str1.1
                0x00006040        0x4 c:/nxp/mcuxpressoide_11.0.1_2563/ide/plugins/com.nxp.mcuxpresso.tools.win32_11.0.1.201907311258/tools/bin/../lib/gcc/arm-none-eabi/8.2.1/../../../../arm-none-eabi/lib/thumb/v6-m/nofp\libcr_c.a(initio.o)
 .rodata.digits
                0x00006044       0x11 c:/nxp/mcuxpressoide_11.0.1_2563/ide/plugins/com.nxp.mcuxpresso.tools.win32_11.0.1.201907311258/tools/bin/../lib/gcc/arm-none-eabi/8.2.1/../../../../arm-none-eabi/lib/thumb/v6-m/nofp\libcr_c.a(itoa.o)
 .rodata.__vfprintf.str1.1
                0x00006055       0x37 c:/nxp/mcuxpressoide_11.0.1_2563/ide/plugins/com.nxp.mcuxpresso.tools.win32_11.0.1.201907311258/tools/bin/../lib/gcc/arm-none-eabi/8.2.1/../../../../arm-none-eabi/lib/thumb/v6-m/nofp\libcr_c.a(printf.o)
                                 0x38 (size before relaxing)
                0x0000608c                . = ALIGN (0x4)

.glue_7         0x0000608c        0x0
 .glue_7        0x0000608c        0x0 linker stubs

.glue_7t        0x0000608c        0x0
 .glue_7t       0x0000608c        0x0 linker stubs

.vfp11_veneer   0x0000608c        0x0
 .vfp11_veneer  0x0000608c        0x0 linker stubs

.v4_bx          0x0000608c        0x0
 .v4_bx         0x0000608c        0x0 linker stubs

.iplt           0x0000608c        0x0
 .iplt          0x0000608c        0x0 ./utilities/fsl_debug_console.o

.rel.dyn        0x0000608c        0x0
 .rel.iplt      0x0000608c        0x0 ./utilities/fsl_debug_console.o

.ARM.extab
 *(SORT_BY_ALIGNMENT(.ARM.extab*) SORT_BY_ALIGNMENT(.gnu.linkonce.armextab.*))
                0x0000608c                __exidx_start = .

.ARM.exidx
 *(SORT_BY_ALIGNMENT(.ARM.exidx*) SORT_BY_ALIGNMENT(.gnu.linkonce.armexidx.*))
                0x0000608c                __exidx_end = .
                0x0000608c                _etext = .

.m_usb_data
 *(SORT_BY_ALIGNMENT(m_usb_bdt))

.mtb_buffer_default
                0x1ffff000       0x80
 *(SORT_BY_ALIGNMENT(.mtb*))
 .mtb.$RAM1     0x1ffff000       0x80 ./source/mtb.o
                0x1ffff000                __mtb_buffer__

.uninit_RESERVED
                0x1ffff080        0x0
                0x1ffff080                . = ALIGN (0x4)
 *(SORT_BY_ALIGNMENT(.bss.$RESERVED*))
                0x1ffff080                . = ALIGN (0x4)
                0x1ffff080                _end_uninit_RESERVED = .

.data           0x1ffff080        0xc load address 0x0000608c
 FILL mask 0xff
                0x1ffff080                _data = .
 *(SORT_BY_ALIGNMENT(vtable))
 *(SORT_BY_ALIGNMENT(.ramfunc*))
 *(SORT_BY_ALIGNMENT(CodeQuickAccess))
 *(SORT_BY_ALIGNMENT(DataQuickAccess))
 *(SORT_BY_ALIGNMENT(RamFunction))
 *(SORT_BY_ALIGNMENT(.data*))
 .data.s_slowIrcFreq
                0x1ffff080        0x4 ./drivers/fsl_clock.o
 .data.SystemCoreClock
                0x1ffff084        0x4 ./CMSIS/system_MKL25Z4.o
                0x1ffff084                SystemCoreClock
 .data.SIZE     0x1ffff088        0x2 ./source/main.o
                0x1ffff088                SIZE
 .data.Status   0x1ffff08a        0x1 ./source/main.o
                0x1ffff08a                Status
                0x1ffff08c                . = ALIGN (0x4)
 *fill*         0x1ffff08b        0x1 ff
                0x1ffff08c                _edata = .

.igot.plt       0x1ffff08c        0x0 load address 0x00006098
 .igot.plt      0x1ffff08c        0x0 ./utilities/fsl_debug_console.o

.bss            0x1ffff08c      0x24c load address 0x00006098
                0x1ffff08c                . = ALIGN (0x4)
                0x1ffff08c                _bss = .
 *(SORT_BY_ALIGNMENT(.bss*))
 .bss.s_debugConsole
                0x1ffff08c       0x10 ./utilities/fsl_debug_console.o
 .bss.t         0x1ffff09c        0x4 ./source/Time_Systick.o
                0x1ffff09c                t
 .bss.S         0x1ffff0a0        0x4 ./source/Time_Systick.o
                0x1ffff0a0                S
 .bss.M         0x1ffff0a4        0x4 ./source/Time_Systick.o
                0x1ffff0a4                M
 .bss.H         0x1ffff0a8        0x4 ./source/Time_Systick.o
                0x1ffff0a8                H
 .bss.mil       0x1ffff0ac        0x4 ./source/Time_Systick.o
                0x1ffff0ac                mil
 .bss.Hours     0x1ffff0b0        0xa ./source/Time_Systick.o
                0x1ffff0b0                Hours
 *fill*         0x1ffff0ba        0x2 
 .bss.Mins      0x1ffff0bc        0xa ./source/Time_Systick.o
                0x1ffff0bc                Mins
 *fill*         0x1ffff0c6        0x2 
 .bss.Seconds   0x1ffff0c8        0xa ./source/Time_Systick.o
                0x1ffff0c8                Seconds
 *fill*         0x1ffff0d2        0x2 
 .bss.Milli     0x1ffff0d4        0xa ./source/Time_Systick.o
                0x1ffff0d4                Milli
 *fill*         0x1ffff0de        0x2 
 .bss.ucunit_checks_failed
                0x1ffff0e0        0x4 ./source/circular_buffer.o
 .bss.ucunit_checks_passed
                0x1ffff0e4        0x4 ./source/circular_buffer.o
 .bss.ucunit_checklist_failed_checks
                0x1ffff0e8        0x4 ./source/circular_buffer.o
 .bss.ucunit_action
                0x1ffff0ec        0x4 ./source/circular_buffer.o
 .bss.count_chars
                0x1ffff0f0       0x34 ./source/main.o
                0x1ffff0f0                count_chars
 .bss.count_CHARS
                0x1ffff124       0x34 ./source/main.o
                0x1ffff124                count_CHARS
 .bss.count_num
                0x1ffff158       0x14 ./source/main.o
                0x1ffff158                count_num
 .bss.g_xtal0Freq
                0x1ffff16c        0x4 ./drivers/fsl_clock.o
                0x1ffff16c                g_xtal0Freq
 .bss.s_lpsciHandle
                0x1ffff170        0x4 ./drivers/fsl_lpsci.o
 .bss.s_lpsciIsr
                0x1ffff174        0x4 ./drivers/fsl_lpsci.o
 .bss.s_uartHandle
                0x1ffff178        0xc ./drivers/fsl_uart.o
 .bss.s_uartIsr
                0x1ffff184        0x4 ./drivers/fsl_uart.o
 .bss._exitvector
                0x1ffff188       0x84 c:/nxp/mcuxpressoide_11.0.1_2563/ide/plugins/com.nxp.mcuxpresso.tools.win32_11.0.1.201907311258/tools/bin/../lib/gcc/arm-none-eabi/8.2.1/../../../../arm-none-eabi/lib/thumb/v6-m/nofp\libcr_c.a(stdlib.o)
                0x1ffff188                _exitvector
 .bss._number_of_exit_functions
                0x1ffff20c        0x4 c:/nxp/mcuxpressoide_11.0.1_2563/ide/plugins/com.nxp.mcuxpresso.tools.win32_11.0.1.201907311258/tools/bin/../lib/gcc/arm-none-eabi/8.2.1/../../../../arm-none-eabi/lib/thumb/v6-m/nofp\libcr_c.a(stdlib.o)
                0x1ffff20c                _number_of_exit_functions
 .bss.__end_of_heap
                0x1ffff210        0x4 c:/nxp/mcuxpressoide_11.0.1_2563/ide/plugins/com.nxp.mcuxpresso.tools.win32_11.0.1.201907311258/tools/bin/../lib/gcc/arm-none-eabi/8.2.1/../../../../arm-none-eabi/lib/thumb/v6-m/nofp\libcr_c.a(__init_alloc.o)
                0x1ffff210                __end_of_heap
 .bss.__heaps   0x1ffff214        0x4 c:/nxp/mcuxpressoide_11.0.1_2563/ide/plugins/com.nxp.mcuxpresso.tools.win32_11.0.1.201907311258/tools/bin/../lib/gcc/arm-none-eabi/8.2.1/../../../../arm-none-eabi/lib/thumb/v6-m/nofp\libcr_c.a(__init_alloc.o)
                0x1ffff214                __heaps
 .bss.errno     0x1ffff218        0x4 c:/nxp/mcuxpressoide_11.0.1_2563/ide/plugins/com.nxp.mcuxpresso.tools.win32_11.0.1.201907311258/tools/bin/../lib/gcc/arm-none-eabi/8.2.1/../../../../arm-none-eabi/lib/thumb/v6-m/nofp\libcr_c.a(errno.o)
                0x1ffff218                errno
 .bss.__Ciob    0x1ffff21c       0xb4 c:/nxp/mcuxpressoide_11.0.1_2563/ide/plugins/com.nxp.mcuxpresso.tools.win32_11.0.1.201907311258/tools/bin/../lib/gcc/arm-none-eabi/8.2.1/../../../../arm-none-eabi/lib/thumb/v6-m/nofp\libcr_semihost_nf.a(__ciob.o)
                0x1ffff21c                __Ciob
 .bss.Log_Status_Flag
                0x1ffff2d0        0x1 ./source/Logger.o
                0x1ffff2d0                Log_Status_Flag
 .bss.character_recieve
                0x1ffff2d1        0x1 ./source/UARTFunction_Interrupt.o
                0x1ffff2d1                character_recieve
 .bss.character_transmit
                0x1ffff2d2        0x1 ./source/UARTFunction_Interrupt.o
                0x1ffff2d2                character_transmit
 .bss.flag      0x1ffff2d3        0x1 ./source/UARTFunction_Interrupt.o
                0x1ffff2d3                flag
 .bss.txavailable
                0x1ffff2d4        0x1 ./source/UARTFunction_Interrupt.o
                0x1ffff2d4                txavailable
 .bss.status_flag
                0x1ffff2d5        0x1 ./source/circular_buffer.o
                0x1ffff2d5                status_flag
 *(SORT_BY_ALIGNMENT(COMMON))
                0x1ffff2d8                . = ALIGN (0x4)
 *fill*         0x1ffff2d6        0x2 
                0x1ffff2d8                _ebss = .
                [!provide]                PROVIDE (end = .)

.noinit         0x1ffff2d8        0x0 load address 0x00006098
                0x1ffff2d8                . = ALIGN (0x4)
                0x1ffff2d8                _noinit = .
 *(SORT_BY_ALIGNMENT(.noinit*))
                0x1ffff2d8                . = ALIGN (0x4)
                0x1ffff2d8                _end_noinit = .
                0x00000400                _HeapSize = 0x400

.heap           0x1ffff2d8      0x400 load address 0x00006098
                0x1ffff2d8                _pvHeapStart = .
                0x1ffff6d8                . = (. + _HeapSize)
 *fill*         0x1ffff2d8      0x400 
                0x1ffff6d8                . = ALIGN (0x4)
                0x1ffff6d8                _pvHeapLimit = .
                0x00000400                _StackSize = 0x400

.heap2stackfill
                0x1ffff6d8      0x400 load address 0x00006098
                0x1ffffad8                . = (. + _StackSize)
 *fill*         0x1ffff6d8      0x400 

.stack          0x20002c00        0x0
                0x20002c00                _vStackBase = .
                0x20002c00                . = ALIGN (0x4)
                0x20003000                _vStackTop = (. + _StackSize)
                0x00000000                _image_start = LOADADDR (.text)
                0x00006098                _image_end = (LOADADDR (.data) + SIZEOF (.data))
                0x00006098                _image_size = (_image_end - _image_start)
OUTPUT(Pes_Project5.axf elf32-littlearm)

.debug_info     0x00000000     0xc00a
 .debug_info    0x00000000      0xe72 ./utilities/fsl_debug_console.o
 .debug_info    0x00000e72      0x4df ./startup/startup_mkl25z4.o
 .debug_info    0x00001351      0x7d5 ./source/Logger.o
 .debug_info    0x00001b26      0x288 ./source/System.o
 .debug_info    0x00001dae      0x182 ./source/Time_Systick.o
 .debug_info    0x00001f30      0xea1 ./source/UARTFunction_Interrupt.o
 .debug_info    0x00002dd1      0xdf4 ./source/UARTFunction_polled.o
 .debug_info    0x00003bc5      0x733 ./source/circular_buffer.o
 .debug_info    0x000042f8      0x71d ./source/led_control.o
 .debug_info    0x00004a15      0xcd4 ./source/main.o
 .debug_info    0x000056e9       0x53 ./source/mtb.o
 .debug_info    0x0000573c     0x1a97 ./drivers/fsl_clock.o
 .debug_info    0x000071d3      0x44e ./drivers/fsl_common.o
 .debug_info    0x00007621      0x566 ./drivers/fsl_gpio.o
 .debug_info    0x00007b87     0x1469 ./drivers/fsl_lpsci.o
 .debug_info    0x00008ff0     0x140a ./drivers/fsl_uart.o
 .debug_info    0x0000a3fa      0x6fa ./board/board.o
 .debug_info    0x0000aaf4      0xafe ./board/clock_config.o
 .debug_info    0x0000b5f2       0x3c ./board/peripherals.o
 .debug_info    0x0000b62e      0x5a3 ./board/pin_mux.o
 .debug_info    0x0000bbd1      0x439 ./CMSIS/system_MKL25Z4.o

.debug_abbrev   0x00000000     0x2827
 .debug_abbrev  0x00000000      0x2d7 ./utilities/fsl_debug_console.o
 .debug_abbrev  0x000002d7      0x18d ./startup/startup_mkl25z4.o
 .debug_abbrev  0x00000464      0x1bb ./source/Logger.o
 .debug_abbrev  0x0000061f       0xf2 ./source/System.o
 .debug_abbrev  0x00000711       0xbf ./source/Time_Systick.o
 .debug_abbrev  0x000007d0      0x2b2 ./source/UARTFunction_Interrupt.o
 .debug_abbrev  0x00000a82      0x29c ./source/UARTFunction_polled.o
 .debug_abbrev  0x00000d1e      0x1ba ./source/circular_buffer.o
 .debug_abbrev  0x00000ed8      0x203 ./source/led_control.o
 .debug_abbrev  0x000010db      0x25d ./source/main.o
 .debug_abbrev  0x00001338       0x46 ./source/mtb.o
 .debug_abbrev  0x0000137e      0x36f ./drivers/fsl_clock.o
 .debug_abbrev  0x000016ed      0x27e ./drivers/fsl_common.o
 .debug_abbrev  0x0000196b      0x1b8 ./drivers/fsl_gpio.o
 .debug_abbrev  0x00001b23      0x309 ./drivers/fsl_lpsci.o
 .debug_abbrev  0x00001e2c      0x323 ./drivers/fsl_uart.o
 .debug_abbrev  0x0000214f      0x185 ./board/board.o
 .debug_abbrev  0x000022d4      0x211 ./board/clock_config.o
 .debug_abbrev  0x000024e5       0x31 ./board/peripherals.o
 .debug_abbrev  0x00002516      0x1bb ./board/pin_mux.o
 .debug_abbrev  0x000026d1      0x156 ./CMSIS/system_MKL25Z4.o

.debug_aranges  0x00000000      0xa40
 .debug_aranges
                0x00000000       0x90 ./utilities/fsl_debug_console.o
 .debug_aranges
                0x00000090      0x160 ./startup/startup_mkl25z4.o
 .debug_aranges
                0x000001f0       0x58 ./source/Logger.o
 .debug_aranges
                0x00000248       0x48 ./source/System.o
 .debug_aranges
                0x00000290       0x28 ./source/Time_Systick.o
 .debug_aranges
                0x000002b8       0x70 ./source/UARTFunction_Interrupt.o
 .debug_aranges
                0x00000328       0x78 ./source/UARTFunction_polled.o
 .debug_aranges
                0x000003a0       0x78 ./source/circular_buffer.o
 .debug_aranges
                0x00000418       0x40 ./source/led_control.o
 .debug_aranges
                0x00000458       0x38 ./source/main.o
 .debug_aranges
                0x00000490       0x18 ./source/mtb.o
 .debug_aranges
                0x000004a8      0x1d8 ./drivers/fsl_clock.o
 .debug_aranges
                0x00000680       0x38 ./drivers/fsl_common.o
 .debug_aranges
                0x000006b8       0x40 ./drivers/fsl_gpio.o
 .debug_aranges
                0x000006f8      0x118 ./drivers/fsl_lpsci.o
 .debug_aranges
                0x00000810      0x130 ./drivers/fsl_uart.o
 .debug_aranges
                0x00000940       0x28 ./board/board.o
 .debug_aranges
                0x00000968       0x58 ./board/clock_config.o
 .debug_aranges
                0x000009c0       0x20 ./board/peripherals.o
 .debug_aranges
                0x000009e0       0x38 ./board/pin_mux.o
 .debug_aranges
                0x00000a18       0x28 ./CMSIS/system_MKL25Z4.o

.debug_ranges   0x00000000      0x8e8
 .debug_ranges  0x00000000       0x80 ./utilities/fsl_debug_console.o
 .debug_ranges  0x00000080      0x150 ./startup/startup_mkl25z4.o
 .debug_ranges  0x000001d0       0x48 ./source/Logger.o
 .debug_ranges  0x00000218       0x38 ./source/System.o
 .debug_ranges  0x00000250       0x18 ./source/Time_Systick.o
 .debug_ranges  0x00000268       0x60 ./source/UARTFunction_Interrupt.o
 .debug_ranges  0x000002c8       0x68 ./source/UARTFunction_polled.o
 .debug_ranges  0x00000330       0x68 ./source/circular_buffer.o
 .debug_ranges  0x00000398       0x30 ./source/led_control.o
 .debug_ranges  0x000003c8       0x28 ./source/main.o
 .debug_ranges  0x000003f0      0x1c8 ./drivers/fsl_clock.o
 .debug_ranges  0x000005b8       0x28 ./drivers/fsl_common.o
 .debug_ranges  0x000005e0       0x30 ./drivers/fsl_gpio.o
 .debug_ranges  0x00000610      0x108 ./drivers/fsl_lpsci.o
 .debug_ranges  0x00000718      0x120 ./drivers/fsl_uart.o
 .debug_ranges  0x00000838       0x18 ./board/board.o
 .debug_ranges  0x00000850       0x48 ./board/clock_config.o
 .debug_ranges  0x00000898       0x10 ./board/peripherals.o
 .debug_ranges  0x000008a8       0x28 ./board/pin_mux.o
 .debug_ranges  0x000008d0       0x18 ./CMSIS/system_MKL25Z4.o

.debug_macro    0x00000000     0x97a6
 .debug_macro   0x00000000      0x127 ./utilities/fsl_debug_console.o
 .debug_macro   0x00000127      0xaa8 ./utilities/fsl_debug_console.o
 .debug_macro   0x00000bcf       0x10 ./utilities/fsl_debug_console.o
 .debug_macro   0x00000bdf       0x16 ./utilities/fsl_debug_console.o
 .debug_macro   0x00000bf5       0x10 ./utilities/fsl_debug_console.o
 .debug_macro   0x00000c05      0x12e ./utilities/fsl_debug_console.o
 .debug_macro   0x00000d33       0x28 ./utilities/fsl_debug_console.o
 .debug_macro   0x00000d5b       0xc4 ./utilities/fsl_debug_console.o
 .debug_macro   0x00000e1f       0x16 ./utilities/fsl_debug_console.o
 .debug_macro   0x00000e35       0x22 ./utilities/fsl_debug_console.o
 .debug_macro   0x00000e57      0x5b3 ./utilities/fsl_debug_console.o
 .debug_macro   0x0000140a       0x10 ./utilities/fsl_debug_console.o
 .debug_macro   0x0000141a       0x3f ./utilities/fsl_debug_console.o
 .debug_macro   0x00001459       0x3a ./utilities/fsl_debug_console.o
 .debug_macro   0x00001493       0x26 ./utilities/fsl_debug_console.o
 .debug_macro   0x000014b9      0x329 ./utilities/fsl_debug_console.o
 .debug_macro   0x000017e2       0x30 ./utilities/fsl_debug_console.o
 .debug_macro   0x00001812     0x51e2 ./utilities/fsl_debug_console.o
 .debug_macro   0x000069f4     0x1352 ./utilities/fsl_debug_console.o
 .debug_macro   0x00007d46       0x3a ./utilities/fsl_debug_console.o
 .debug_macro   0x00007d80       0xf4 ./utilities/fsl_debug_console.o
 .debug_macro   0x00007e74       0x35 ./utilities/fsl_debug_console.o
 .debug_macro   0x00007ea9       0x2e ./utilities/fsl_debug_console.o
 .debug_macro   0x00007ed7       0x10 ./utilities/fsl_debug_console.o
 .debug_macro   0x00007ee7       0x10 ./utilities/fsl_debug_console.o
 .debug_macro   0x00007ef7       0x29 ./startup/startup_mkl25z4.o
 .debug_macro   0x00007f20      0x1a4 ./source/Logger.o
 .debug_macro   0x000080c4       0xd8 ./source/Logger.o
 .debug_macro   0x0000819c       0x16 ./source/Logger.o
 .debug_macro   0x000081b2       0x10 ./source/Logger.o
 .debug_macro   0x000081c2      0x112 ./source/Logger.o
 .debug_macro   0x000082d4       0x64 ./source/Logger.o
 .debug_macro   0x00008338       0x34 ./source/Logger.o
 .debug_macro   0x0000836c       0x22 ./source/Logger.o
 .debug_macro   0x0000838e      0x11b ./source/System.o
 .debug_macro   0x000084a9       0x22 ./source/System.o
 .debug_macro   0x000084cb       0x63 ./source/Time_Systick.o
 .debug_macro   0x0000852e      0x171 ./source/UARTFunction_Interrupt.o
 .debug_macro   0x0000869f      0x16b ./source/UARTFunction_polled.o
 .debug_macro   0x0000880a       0xb1 ./source/circular_buffer.o
 .debug_macro   0x000088bb       0xd2 ./source/circular_buffer.o
 .debug_macro   0x0000898d      0x110 ./source/circular_buffer.o
 .debug_macro   0x00008a9d      0x137 ./source/led_control.o
 .debug_macro   0x00008bd4      0x1b4 ./source/main.o
 .debug_macro   0x00008d88       0x10 ./source/main.o
 .debug_macro   0x00008d98       0x2f ./source/mtb.o
 .debug_macro   0x00008dc7       0x82 ./source/mtb.o
 .debug_macro   0x00008e49       0x10 ./source/mtb.o
 .debug_macro   0x00008e59      0x196 ./drivers/fsl_clock.o
 .debug_macro   0x00008fef       0x1c ./drivers/fsl_clock.o
 .debug_macro   0x0000900b       0xef ./drivers/fsl_common.o
 .debug_macro   0x000090fa       0xec ./drivers/fsl_gpio.o
 .debug_macro   0x000091e6       0xec ./drivers/fsl_lpsci.o
 .debug_macro   0x000092d2       0xf2 ./drivers/fsl_uart.o
 .debug_macro   0x000093c4      0x112 ./board/board.o
 .debug_macro   0x000094d6      0x123 ./board/clock_config.o
 .debug_macro   0x000095f9       0x1b ./board/peripherals.o
 .debug_macro   0x00009614       0xee ./board/pin_mux.o
 .debug_macro   0x00009702       0x10 ./board/pin_mux.o
 .debug_macro   0x00009712       0x94 ./CMSIS/system_MKL25Z4.o

.debug_line     0x00000000     0x7409
 .debug_line    0x00000000      0xc18 ./utilities/fsl_debug_console.o
 .debug_line    0x00000c18      0x1e7 ./startup/startup_mkl25z4.o
 .debug_line    0x00000dff      0x450 ./source/Logger.o
 .debug_line    0x0000124f      0x329 ./source/System.o
 .debug_line    0x00001578      0x1fa ./source/Time_Systick.o
 .debug_line    0x00001772      0x5d3 ./source/UARTFunction_Interrupt.o
 .debug_line    0x00001d45      0x5a8 ./source/UARTFunction_polled.o
 .debug_line    0x000022ed      0x5c8 ./source/circular_buffer.o
 .debug_line    0x000028b5      0x38a ./source/led_control.o
 .debug_line    0x00002c3f      0x668 ./source/main.o
 .debug_line    0x000032a7       0xd1 ./source/mtb.o
 .debug_line    0x00003378     0x12b1 ./drivers/fsl_clock.o
 .debug_line    0x00004629      0x350 ./drivers/fsl_common.o
 .debug_line    0x00004979      0x34b ./drivers/fsl_gpio.o
 .debug_line    0x00004cc4      0xd32 ./drivers/fsl_lpsci.o
 .debug_line    0x000059f6      0xd21 ./drivers/fsl_uart.o
 .debug_line    0x00006717      0x2e3 ./board/board.o
 .debug_line    0x000069fa      0x373 ./board/clock_config.o
 .debug_line    0x00006d6d       0x5c ./board/peripherals.o
 .debug_line    0x00006dc9      0x301 ./board/pin_mux.o
 .debug_line    0x000070ca      0x33f ./CMSIS/system_MKL25Z4.o

.debug_str      0x00000000    0x378d9
 .debug_str     0x00000000    0x314cc ./utilities/fsl_debug_console.o
                              0x31770 (size before relaxing)
 .debug_str     0x000314cc      0x3e1 ./startup/startup_mkl25z4.o
                               0x31c3 (size before relaxing)
 .debug_str     0x000318ad     0x1468 ./source/Logger.o
                              0x323d5 (size before relaxing)
 .debug_str     0x00032d15       0x7d ./source/System.o
                              0x309fe (size before relaxing)
 .debug_str     0x00032d92       0x3f ./source/Time_Systick.o
                               0x4583 (size before relaxing)
 .debug_str     0x00032dd1      0x48c ./source/UARTFunction_Interrupt.o
                              0x32267 (size before relaxing)
 .debug_str     0x0003325d       0xd5 ./source/UARTFunction_polled.o
                              0x321bc (size before relaxing)
 .debug_str     0x00033332     0x1136 ./source/circular_buffer.o
                               0x5b40 (size before relaxing)
 .debug_str     0x00034468      0x145 ./source/led_control.o
                              0x3193f (size before relaxing)
 .debug_str     0x000345ad       0xa0 ./source/main.o
                              0x33162 (size before relaxing)
 .debug_str     0x0003464d      0x532 ./source/mtb.o
                               0x32cf (size before relaxing)
 .debug_str     0x00034b7f     0x14d2 ./drivers/fsl_clock.o
                              0x322ca (size before relaxing)
 .debug_str     0x00036051      0x113 ./drivers/fsl_common.o
                              0x308b1 (size before relaxing)
 .debug_str     0x00036164       0xb1 ./drivers/fsl_gpio.o
                              0x30b2f (size before relaxing)
 .debug_str     0x00036215      0x93b ./drivers/fsl_lpsci.o
                              0x318d2 (size before relaxing)
 .debug_str     0x00036b50      0x832 ./drivers/fsl_uart.o
                              0x318f5 (size before relaxing)
 .debug_str     0x00037382       0x4c ./board/board.o
                              0x3140f (size before relaxing)
 .debug_str     0x000373ce      0x300 ./board/clock_config.o
                              0x311f8 (size before relaxing)
 .debug_str     0x000376ce       0x31 ./board/peripherals.o
                               0x2dcd (size before relaxing)
 .debug_str     0x000376ff      0x18b ./board/pin_mux.o
                              0x30b0c (size before relaxing)
 .debug_str     0x0003788a       0x4f ./CMSIS/system_MKL25Z4.o
                              0x2fc34 (size before relaxing)

.comment        0x00000000       0x75
 .comment       0x00000000       0x75 ./utilities/fsl_debug_console.o
                                 0x76 (size before relaxing)
 .comment       0x00000075       0x76 ./startup/startup_mkl25z4.o
 .comment       0x00000075       0x76 ./source/Logger.o
 .comment       0x00000075       0x76 ./source/System.o
 .comment       0x00000075       0x76 ./source/Time_Systick.o
 .comment       0x00000075       0x76 ./source/UARTFunction_Interrupt.o
 .comment       0x00000075       0x76 ./source/UARTFunction_polled.o
 .comment       0x00000075       0x76 ./source/circular_buffer.o
 .comment       0x00000075       0x76 ./source/led_control.o
 .comment       0x00000075       0x76 ./source/main.o
 .comment       0x00000075       0x76 ./source/mtb.o
 .comment       0x00000075       0x76 ./drivers/fsl_clock.o
 .comment       0x00000075       0x76 ./drivers/fsl_common.o
 .comment       0x00000075       0x76 ./drivers/fsl_gpio.o
 .comment       0x00000075       0x76 ./drivers/fsl_lpsci.o
 .comment       0x00000075       0x76 ./drivers/fsl_uart.o
 .comment       0x00000075       0x76 ./board/board.o
 .comment       0x00000075       0x76 ./board/clock_config.o
 .comment       0x00000075       0x76 ./board/peripherals.o
 .comment       0x00000075       0x76 ./board/pin_mux.o
 .comment       0x00000075       0x76 ./CMSIS/system_MKL25Z4.o
 .comment       0x00000075       0x76 c:/nxp/mcuxpressoide_11.0.1_2563/ide/plugins/com.nxp.mcuxpresso.tools.win32_11.0.1.201907311258/tools/bin/../lib/gcc/arm-none-eabi/8.2.1/../../../../arm-none-eabi/lib/thumb/v6-m/nofp\libcr_semihost_nf.a(_cr__main.o)
 .comment       0x00000075       0x76 c:/nxp/mcuxpressoide_11.0.1_2563/ide/plugins/com.nxp.mcuxpresso.tools.win32_11.0.1.201907311258/tools/bin/../lib/gcc/arm-none-eabi/8.2.1/../../../../arm-none-eabi/lib/thumb/v6-m/nofp\libcr_c.a(memset.o)
 .comment       0x00000075       0x76 c:/nxp/mcuxpressoide_11.0.1_2563/ide/plugins/com.nxp.mcuxpresso.tools.win32_11.0.1.201907311258/tools/bin/../lib/gcc/arm-none-eabi/8.2.1/../../../../arm-none-eabi/lib/thumb/v6-m/nofp\libcr_c.a(alloc.o)
 .comment       0x00000075       0x76 c:/nxp/mcuxpressoide_11.0.1_2563/ide/plugins/com.nxp.mcuxpresso.tools.win32_11.0.1.201907311258/tools/bin/../lib/gcc/arm-none-eabi/8.2.1/../../../../arm-none-eabi/lib/thumb/v6-m/nofp\libcr_c.a(initio.o)
 .comment       0x00000075       0x76 c:/nxp/mcuxpressoide_11.0.1_2563/ide/plugins/com.nxp.mcuxpresso.tools.win32_11.0.1.201907311258/tools/bin/../lib/gcc/arm-none-eabi/8.2.1/../../../../arm-none-eabi/lib/thumb/v6-m/nofp\libcr_c.a(itoa.o)
 .comment       0x00000075       0x76 c:/nxp/mcuxpressoide_11.0.1_2563/ide/plugins/com.nxp.mcuxpresso.tools.win32_11.0.1.201907311258/tools/bin/../lib/gcc/arm-none-eabi/8.2.1/../../../../arm-none-eabi/lib/thumb/v6-m/nofp\libcr_c.a(printf.o)
 .comment       0x00000075       0x76 c:/nxp/mcuxpressoide_11.0.1_2563/ide/plugins/com.nxp.mcuxpresso.tools.win32_11.0.1.201907311258/tools/bin/../lib/gcc/arm-none-eabi/8.2.1/../../../../arm-none-eabi/lib/thumb/v6-m/nofp\libcr_c.a(setvbuf.o)
 .comment       0x00000075       0x76 c:/nxp/mcuxpressoide_11.0.1_2563/ide/plugins/com.nxp.mcuxpresso.tools.win32_11.0.1.201907311258/tools/bin/../lib/gcc/arm-none-eabi/8.2.1/../../../../arm-none-eabi/lib/thumb/v6-m/nofp\libcr_c.a(stdlib.o)
 .comment       0x00000075       0x76 c:/nxp/mcuxpressoide_11.0.1_2563/ide/plugins/com.nxp.mcuxpresso.tools.win32_11.0.1.201907311258/tools/bin/../lib/gcc/arm-none-eabi/8.2.1/../../../../arm-none-eabi/lib/thumb/v6-m/nofp\libcr_c.a(strlen.o)
 .comment       0x00000075       0x76 c:/nxp/mcuxpressoide_11.0.1_2563/ide/plugins/com.nxp.mcuxpresso.tools.win32_11.0.1.201907311258/tools/bin/../lib/gcc/arm-none-eabi/8.2.1/../../../../arm-none-eabi/lib/thumb/v6-m/nofp\libcr_c.a(__init_alloc.o)
 .comment       0x00000075       0x76 c:/nxp/mcuxpressoide_11.0.1_2563/ide/plugins/com.nxp.mcuxpresso.tools.win32_11.0.1.201907311258/tools/bin/../lib/gcc/arm-none-eabi/8.2.1/../../../../arm-none-eabi/lib/thumb/v6-m/nofp\libcr_c.a(_cr_sbrk.o)
 .comment       0x00000075       0x76 c:/nxp/mcuxpressoide_11.0.1_2563/ide/plugins/com.nxp.mcuxpresso.tools.win32_11.0.1.201907311258/tools/bin/../lib/gcc/arm-none-eabi/8.2.1/../../../../arm-none-eabi/lib/thumb/v6-m/nofp\libcr_c.a(_deferredlazyseek.o)
 .comment       0x00000075       0x76 c:/nxp/mcuxpressoide_11.0.1_2563/ide/plugins/com.nxp.mcuxpresso.tools.win32_11.0.1.201907311258/tools/bin/../lib/gcc/arm-none-eabi/8.2.1/../../../../arm-none-eabi/lib/thumb/v6-m/nofp\libcr_c.a(_fdopen.o)
 .comment       0x00000075       0x76 c:/nxp/mcuxpressoide_11.0.1_2563/ide/plugins/com.nxp.mcuxpresso.tools.win32_11.0.1.201907311258/tools/bin/../lib/gcc/arm-none-eabi/8.2.1/../../../../arm-none-eabi/lib/thumb/v6-m/nofp\libcr_c.a(_fflush.o)
 .comment       0x00000075       0x76 c:/nxp/mcuxpressoide_11.0.1_2563/ide/plugins/com.nxp.mcuxpresso.tools.win32_11.0.1.201907311258/tools/bin/../lib/gcc/arm-none-eabi/8.2.1/../../../../arm-none-eabi/lib/thumb/v6-m/nofp\libcr_c.a(_writebuf.o)
 .comment       0x00000075       0x76 c:/nxp/mcuxpressoide_11.0.1_2563/ide/plugins/com.nxp.mcuxpresso.tools.win32_11.0.1.201907311258/tools/bin/../lib/gcc/arm-none-eabi/8.2.1/../../../../arm-none-eabi/lib/thumb/v6-m/nofp\libcr_c.a(errno.o)
 .comment       0x00000075       0x76 c:/nxp/mcuxpressoide_11.0.1_2563/ide/plugins/com.nxp.mcuxpresso.tools.win32_11.0.1.201907311258/tools/bin/../lib/gcc/arm-none-eabi/8.2.1/../../../../arm-none-eabi/lib/thumb/v6-m/nofp\libcr_c.a(fclose.o)
 .comment       0x00000075       0x76 c:/nxp/mcuxpressoide_11.0.1_2563/ide/plugins/com.nxp.mcuxpresso.tools.win32_11.0.1.201907311258/tools/bin/../lib/gcc/arm-none-eabi/8.2.1/../../../../arm-none-eabi/lib/thumb/v6-m/nofp\libcr_c.a(fflush.o)
 .comment       0x00000075       0x76 c:/nxp/mcuxpressoide_11.0.1_2563/ide/plugins/com.nxp.mcuxpresso.tools.win32_11.0.1.201907311258/tools/bin/../lib/gcc/arm-none-eabi/8.2.1/../../../../arm-none-eabi/lib/thumb/v6-m/nofp\libcr_c.a(fseek.o)
 .comment       0x00000075       0x76 c:/nxp/mcuxpressoide_11.0.1_2563/ide/plugins/com.nxp.mcuxpresso.tools.win32_11.0.1.201907311258/tools/bin/../lib/gcc/arm-none-eabi/8.2.1/../../../../arm-none-eabi/lib/thumb/v6-m/nofp\libcr_c.a(ftell.o)
 .comment       0x00000075       0x76 c:/nxp/mcuxpressoide_11.0.1_2563/ide/plugins/com.nxp.mcuxpresso.tools.win32_11.0.1.201907311258/tools/bin/../lib/gcc/arm-none-eabi/8.2.1/../../../../arm-none-eabi/lib/thumb/v6-m/nofp\libcr_c.a(remove.o)
 .comment       0x00000075       0x76 c:/nxp/mcuxpressoide_11.0.1_2563/ide/plugins/com.nxp.mcuxpresso.tools.win32_11.0.1.201907311258/tools/bin/../lib/gcc/arm-none-eabi/8.2.1/../../../../arm-none-eabi/lib/thumb/v6-m/nofp\libcr_c.a(_cr_check_heap.o)
 .comment       0x00000075       0x76 c:/nxp/mcuxpressoide_11.0.1_2563/ide/plugins/com.nxp.mcuxpresso.tools.win32_11.0.1.201907311258/tools/bin/../lib/gcc/arm-none-eabi/8.2.1/../../../../arm-none-eabi/lib/thumb/v6-m/nofp\libcr_c.a(_do_fflush.o)
 .comment       0x00000075       0x76 c:/nxp/mcuxpressoide_11.0.1_2563/ide/plugins/com.nxp.mcuxpresso.tools.win32_11.0.1.201907311258/tools/bin/../lib/gcc/arm-none-eabi/8.2.1/../../../../arm-none-eabi/lib/thumb/v6-m/nofp\libcr_semihost_nf.a(__ciob.o)

.ARM.attributes
                0x00000000       0x2a
 .ARM.attributes
                0x00000000       0x2c ./utilities/fsl_debug_console.o
 .ARM.attributes
                0x0000002c       0x2c ./startup/startup_mkl25z4.o
 .ARM.attributes
                0x00000058       0x2c ./source/Logger.o
 .ARM.attributes
                0x00000084       0x2c ./source/System.o
 .ARM.attributes
                0x000000b0       0x2c ./source/Time_Systick.o
 .ARM.attributes
                0x000000dc       0x2c ./source/UARTFunction_Interrupt.o
 .ARM.attributes
                0x00000108       0x2c ./source/UARTFunction_polled.o
 .ARM.attributes
                0x00000134       0x2c ./source/circular_buffer.o
 .ARM.attributes
                0x00000160       0x2c ./source/led_control.o
 .ARM.attributes
                0x0000018c       0x2c ./source/main.o
 .ARM.attributes
                0x000001b8       0x32 ./source/mtb.o
 .ARM.attributes
                0x000001ea       0x2c ./drivers/fsl_clock.o
 .ARM.attributes
                0x00000216       0x2c ./drivers/fsl_common.o
 .ARM.attributes
                0x00000242       0x2c ./drivers/fsl_gpio.o
 .ARM.attributes
                0x0000026e       0x2c ./drivers/fsl_lpsci.o
 .ARM.attributes
                0x0000029a       0x2c ./drivers/fsl_uart.o
 .ARM.attributes
                0x000002c6       0x2c ./board/board.o
 .ARM.attributes
                0x000002f2       0x2c ./board/clock_config.o
 .ARM.attributes
                0x0000031e       0x2c ./board/peripherals.o
 .ARM.attributes
                0x0000034a       0x2c ./board/pin_mux.o
 .ARM.attributes
                0x00000376       0x2c ./CMSIS/system_MKL25Z4.o
 .ARM.attributes
                0x000003a2       0x2c c:/nxp/mcuxpressoide_11.0.1_2563/ide/plugins/com.nxp.mcuxpresso.tools.win32_11.0.1.201907311258/tools/bin/../lib/gcc/arm-none-eabi/8.2.1/../../../../arm-none-eabi/lib/thumb/v6-m/nofp\libcr_semihost_nf.a(_cr__main.o)
 .ARM.attributes
                0x000003ce       0x2c c:/nxp/mcuxpressoide_11.0.1_2563/ide/plugins/com.nxp.mcuxpresso.tools.win32_11.0.1.201907311258/tools/bin/../lib/gcc/arm-none-eabi/8.2.1/../../../../arm-none-eabi/lib/thumb/v6-m/nofp\libcr_c.a(memset.o)
 .ARM.attributes
                0x000003fa       0x2c c:/nxp/mcuxpressoide_11.0.1_2563/ide/plugins/com.nxp.mcuxpresso.tools.win32_11.0.1.201907311258/tools/bin/../lib/gcc/arm-none-eabi/8.2.1/../../../../arm-none-eabi/lib/thumb/v6-m/nofp\libcr_c.a(alloc.o)
 .ARM.attributes
                0x00000426       0x2c c:/nxp/mcuxpressoide_11.0.1_2563/ide/plugins/com.nxp.mcuxpresso.tools.win32_11.0.1.201907311258/tools/bin/../lib/gcc/arm-none-eabi/8.2.1/../../../../arm-none-eabi/lib/thumb/v6-m/nofp\libcr_c.a(initio.o)
 .ARM.attributes
                0x00000452       0x2c c:/nxp/mcuxpressoide_11.0.1_2563/ide/plugins/com.nxp.mcuxpresso.tools.win32_11.0.1.201907311258/tools/bin/../lib/gcc/arm-none-eabi/8.2.1/../../../../arm-none-eabi/lib/thumb/v6-m/nofp\libcr_c.a(itoa.o)
 .ARM.attributes
                0x0000047e       0x2c c:/nxp/mcuxpressoide_11.0.1_2563/ide/plugins/com.nxp.mcuxpresso.tools.win32_11.0.1.201907311258/tools/bin/../lib/gcc/arm-none-eabi/8.2.1/../../../../arm-none-eabi/lib/thumb/v6-m/nofp\libcr_c.a(printf.o)
 .ARM.attributes
                0x000004aa       0x2c c:/nxp/mcuxpressoide_11.0.1_2563/ide/plugins/com.nxp.mcuxpresso.tools.win32_11.0.1.201907311258/tools/bin/../lib/gcc/arm-none-eabi/8.2.1/../../../../arm-none-eabi/lib/thumb/v6-m/nofp\libcr_c.a(setvbuf.o)
 .ARM.attributes
                0x000004d6       0x2c c:/nxp/mcuxpressoide_11.0.1_2563/ide/plugins/com.nxp.mcuxpresso.tools.win32_11.0.1.201907311258/tools/bin/../lib/gcc/arm-none-eabi/8.2.1/../../../../arm-none-eabi/lib/thumb/v6-m/nofp\libcr_c.a(stdlib.o)
 .ARM.attributes
                0x00000502       0x2c c:/nxp/mcuxpressoide_11.0.1_2563/ide/plugins/com.nxp.mcuxpresso.tools.win32_11.0.1.201907311258/tools/bin/../lib/gcc/arm-none-eabi/8.2.1/../../../../arm-none-eabi/lib/thumb/v6-m/nofp\libcr_c.a(strlen.o)
 .ARM.attributes
                0x0000052e       0x2c c:/nxp/mcuxpressoide_11.0.1_2563/ide/plugins/com.nxp.mcuxpresso.tools.win32_11.0.1.201907311258/tools/bin/../lib/gcc/arm-none-eabi/8.2.1/../../../../arm-none-eabi/lib/thumb/v6-m/nofp\libcr_c.a(__init_alloc.o)
 .ARM.attributes
                0x0000055a       0x2c c:/nxp/mcuxpressoide_11.0.1_2563/ide/plugins/com.nxp.mcuxpresso.tools.win32_11.0.1.201907311258/tools/bin/../lib/gcc/arm-none-eabi/8.2.1/../../../../arm-none-eabi/lib/thumb/v6-m/nofp\libcr_c.a(_cr_sbrk.o)
 .ARM.attributes
                0x00000586       0x2c c:/nxp/mcuxpressoide_11.0.1_2563/ide/plugins/com.nxp.mcuxpresso.tools.win32_11.0.1.201907311258/tools/bin/../lib/gcc/arm-none-eabi/8.2.1/../../../../arm-none-eabi/lib/thumb/v6-m/nofp\libcr_c.a(_deferredlazyseek.o)
 .ARM.attributes
                0x000005b2       0x2c c:/nxp/mcuxpressoide_11.0.1_2563/ide/plugins/com.nxp.mcuxpresso.tools.win32_11.0.1.201907311258/tools/bin/../lib/gcc/arm-none-eabi/8.2.1/../../../../arm-none-eabi/lib/thumb/v6-m/nofp\libcr_c.a(_fdopen.o)
 .ARM.attributes
                0x000005de       0x2c c:/nxp/mcuxpressoide_11.0.1_2563/ide/plugins/com.nxp.mcuxpresso.tools.win32_11.0.1.201907311258/tools/bin/../lib/gcc/arm-none-eabi/8.2.1/../../../../arm-none-eabi/lib/thumb/v6-m/nofp\libcr_c.a(_fflush.o)
 .ARM.attributes
                0x0000060a       0x2c c:/nxp/mcuxpressoide_11.0.1_2563/ide/plugins/com.nxp.mcuxpresso.tools.win32_11.0.1.201907311258/tools/bin/../lib/gcc/arm-none-eabi/8.2.1/../../../../arm-none-eabi/lib/thumb/v6-m/nofp\libcr_c.a(_writebuf.o)
 .ARM.attributes
                0x00000636       0x31 c:/nxp/mcuxpressoide_11.0.1_2563/ide/plugins/com.nxp.mcuxpresso.tools.win32_11.0.1.201907311258/tools/bin/../lib/gcc/arm-none-eabi/8.2.1/../../../../arm-none-eabi/lib/thumb/v6-m/nofp\libcr_c.a(errno.o)
 .ARM.attributes
                0x00000667       0x2c c:/nxp/mcuxpressoide_11.0.1_2563/ide/plugins/com.nxp.mcuxpresso.tools.win32_11.0.1.201907311258/tools/bin/../lib/gcc/arm-none-eabi/8.2.1/../../../../arm-none-eabi/lib/thumb/v6-m/nofp\libcr_c.a(fclose.o)
 .ARM.attributes
                0x00000693       0x2c c:/nxp/mcuxpressoide_11.0.1_2563/ide/plugins/com.nxp.mcuxpresso.tools.win32_11.0.1.201907311258/tools/bin/../lib/gcc/arm-none-eabi/8.2.1/../../../../arm-none-eabi/lib/thumb/v6-m/nofp\libcr_c.a(fflush.o)
 .ARM.attributes
                0x000006bf       0x2c c:/nxp/mcuxpressoide_11.0.1_2563/ide/plugins/com.nxp.mcuxpresso.tools.win32_11.0.1.201907311258/tools/bin/../lib/gcc/arm-none-eabi/8.2.1/../../../../arm-none-eabi/lib/thumb/v6-m/nofp\libcr_c.a(fseek.o)
 .ARM.attributes
                0x000006eb       0x2c c:/nxp/mcuxpressoide_11.0.1_2563/ide/plugins/com.nxp.mcuxpresso.tools.win32_11.0.1.201907311258/tools/bin/../lib/gcc/arm-none-eabi/8.2.1/../../../../arm-none-eabi/lib/thumb/v6-m/nofp\libcr_c.a(ftell.o)
 .ARM.attributes
                0x00000717       0x2c c:/nxp/mcuxpressoide_11.0.1_2563/ide/plugins/com.nxp.mcuxpresso.tools.win32_11.0.1.201907311258/tools/bin/../lib/gcc/arm-none-eabi/8.2.1/../../../../arm-none-eabi/lib/thumb/v6-m/nofp\libcr_c.a(remove.o)
 .ARM.attributes
                0x00000743       0x2c c:/nxp/mcuxpressoide_11.0.1_2563/ide/plugins/com.nxp.mcuxpresso.tools.win32_11.0.1.201907311258/tools/bin/../lib/gcc/arm-none-eabi/8.2.1/../../../../arm-none-eabi/lib/thumb/v6-m/nofp\libcr_c.a(_cr_check_heap.o)
 .ARM.attributes
                0x0000076f       0x2c c:/nxp/mcuxpressoide_11.0.1_2563/ide/plugins/com.nxp.mcuxpresso.tools.win32_11.0.1.201907311258/tools/bin/../lib/gcc/arm-none-eabi/8.2.1/../../../../arm-none-eabi/lib/thumb/v6-m/nofp\libcr_c.a(_do_fflush.o)
 .ARM.attributes
                0x0000079b       0x1c c:/nxp/mcuxpressoide_11.0.1_2563/ide/plugins/com.nxp.mcuxpresso.tools.win32_11.0.1.201907311258/tools/bin/../lib/gcc/arm-none-eabi/8.2.1/thumb/v6-m/nofp\libcr_eabihelpers.a(division_32.o)
 .ARM.attributes
                0x000007b7       0x1c c:/nxp/mcuxpressoide_11.0.1_2563/ide/plugins/com.nxp.mcuxpresso.tools.win32_11.0.1.201907311258/tools/bin/../lib/gcc/arm-none-eabi/8.2.1/thumb/v6-m/nofp\libcr_eabihelpers.a(division_idiv0.o)
 .ARM.attributes
                0x000007d3       0x1c c:/nxp/mcuxpressoide_11.0.1_2563/ide/plugins/com.nxp.mcuxpresso.tools.win32_11.0.1.201907311258/tools/bin/../lib/gcc/arm-none-eabi/8.2.1/thumb/v6-m/nofp\libcr_eabihelpers.a(llong.o)
 .ARM.attributes
                0x000007ef       0x1c c:/nxp/mcuxpressoide_11.0.1_2563/ide/plugins/com.nxp.mcuxpresso.tools.win32_11.0.1.201907311258/tools/bin/../lib/gcc/arm-none-eabi/8.2.1/thumb/v6-m/nofp\libcr_eabihelpers.a(memcpy.o)
 .ARM.attributes
                0x0000080b       0x31 c:/nxp/mcuxpressoide_11.0.1_2563/ide/plugins/com.nxp.mcuxpresso.tools.win32_11.0.1.201907311258/tools/bin/../lib/gcc/arm-none-eabi/8.2.1/../../../../arm-none-eabi/lib/thumb/v6-m/nofp\libcr_semihost_nf.a(__ciob.o)
 .ARM.attributes
                0x0000083c       0x1c c:/nxp/mcuxpressoide_11.0.1_2563/ide/plugins/com.nxp.mcuxpresso.tools.win32_11.0.1.201907311258/tools/bin/../lib/gcc/arm-none-eabi/8.2.1/../../../../arm-none-eabi/lib/thumb/v6-m/nofp\libcr_semihost_nf.a(__sys_appexit.o)
 .ARM.attributes
                0x00000858       0x1c c:/nxp/mcuxpressoide_11.0.1_2563/ide/plugins/com.nxp.mcuxpresso.tools.win32_11.0.1.201907311258/tools/bin/../lib/gcc/arm-none-eabi/8.2.1/../../../../arm-none-eabi/lib/thumb/v6-m/nofp\libcr_semihost_nf.a(__sys_close.o)
 .ARM.attributes
                0x00000874       0x1c c:/nxp/mcuxpressoide_11.0.1_2563/ide/plugins/com.nxp.mcuxpresso.tools.win32_11.0.1.201907311258/tools/bin/../lib/gcc/arm-none-eabi/8.2.1/../../../../arm-none-eabi/lib/thumb/v6-m/nofp\libcr_semihost_nf.a(__sys_flen.o)
 .ARM.attributes
                0x00000890       0x1c c:/nxp/mcuxpressoide_11.0.1_2563/ide/plugins/com.nxp.mcuxpresso.tools.win32_11.0.1.201907311258/tools/bin/../lib/gcc/arm-none-eabi/8.2.1/../../../../arm-none-eabi/lib/thumb/v6-m/nofp\libcr_semihost_nf.a(__sys_istty.o)
 .ARM.attributes
                0x000008ac       0x1c c:/nxp/mcuxpressoide_11.0.1_2563/ide/plugins/com.nxp.mcuxpresso.tools.win32_11.0.1.201907311258/tools/bin/../lib/gcc/arm-none-eabi/8.2.1/../../../../arm-none-eabi/lib/thumb/v6-m/nofp\libcr_semihost_nf.a(__sys_remove.o)
 .ARM.attributes
                0x000008c8       0x1c c:/nxp/mcuxpressoide_11.0.1_2563/ide/plugins/com.nxp.mcuxpresso.tools.win32_11.0.1.201907311258/tools/bin/../lib/gcc/arm-none-eabi/8.2.1/../../../../arm-none-eabi/lib/thumb/v6-m/nofp\libcr_semihost_nf.a(__sys_seek.o)
 .ARM.attributes
                0x000008e4       0x1c c:/nxp/mcuxpressoide_11.0.1_2563/ide/plugins/com.nxp.mcuxpresso.tools.win32_11.0.1.201907311258/tools/bin/../lib/gcc/arm-none-eabi/8.2.1/../../../../arm-none-eabi/lib/thumb/v6-m/nofp\libcr_semihost_nf.a(__sys_tmpnam.o)
 .ARM.attributes
                0x00000900       0x1c c:/nxp/mcuxpressoide_11.0.1_2563/ide/plugins/com.nxp.mcuxpresso.tools.win32_11.0.1.201907311258/tools/bin/../lib/gcc/arm-none-eabi/8.2.1/../../../../arm-none-eabi/lib/thumb/v6-m/nofp\libcr_semihost_nf.a(__sys_write.o)

.debug_frame    0x00000000     0x2058
 .debug_frame   0x00000000      0x1f0 ./utilities/fsl_debug_console.o
 .debug_frame   0x000001f0      0x3b0 ./startup/startup_mkl25z4.o
 .debug_frame   0x000005a0      0x104 ./source/Logger.o
 .debug_frame   0x000006a4       0xc0 ./source/System.o
 .debug_frame   0x00000764       0x48 ./source/Time_Systick.o
 .debug_frame   0x000007ac      0x164 ./source/UARTFunction_Interrupt.o
 .debug_frame   0x00000910      0x184 ./source/UARTFunction_polled.o
 .debug_frame   0x00000a94      0x190 ./source/circular_buffer.o
 .debug_frame   0x00000c24       0xb0 ./source/led_control.o
 .debug_frame   0x00000cd4       0x94 ./source/main.o
 .debug_frame   0x00000d68      0x6e0 ./drivers/fsl_clock.o
 .debug_frame   0x00001448       0x90 ./drivers/fsl_common.o
 .debug_frame   0x000014d8       0xb0 ./drivers/fsl_gpio.o
 .debug_frame   0x00001588      0x418 ./drivers/fsl_lpsci.o
 .debug_frame   0x000019a0      0x468 ./drivers/fsl_uart.o
 .debug_frame   0x00001e08       0x50 ./board/board.o
 .debug_frame   0x00001e58      0x100 ./board/clock_config.o
 .debug_frame   0x00001f58       0x2c ./board/peripherals.o
 .debug_frame   0x00001f84       0x88 ./board/pin_mux.o
 .debug_frame   0x0000200c       0x4c ./CMSIS/system_MKL25Z4.o

Cross Reference Table

Symbol                                            File
ADC0_DriverIRQHandler                             ./startup/startup_mkl25z4.o
ADC0_IRQHandler                                   ./startup/startup_mkl25z4.o
BOARD_BootClockRUN                                ./board/clock_config.o
BOARD_BootClockVLPR                               ./board/clock_config.o
BOARD_InitBootClocks                              ./board/clock_config.o
                                                  ./source/main.o
BOARD_InitBootPeripherals                         ./board/peripherals.o
                                                  ./source/main.o
BOARD_InitBootPins                                ./board/pin_mux.o
                                                  ./source/main.o
BOARD_InitDebugConsole                            ./board/board.o
                                                  ./source/main.o
BOARD_InitPins                                    ./board/pin_mux.o
CLOCK_BootToBlpeMode                              ./drivers/fsl_clock.o
CLOCK_BootToBlpiMode                              ./drivers/fsl_clock.o
                                                  ./board/clock_config.o
CLOCK_BootToFeeMode                               ./drivers/fsl_clock.o
CLOCK_BootToFeiMode                               ./drivers/fsl_clock.o
CLOCK_BootToPeeMode                               ./drivers/fsl_clock.o
                                                  ./board/clock_config.o
CLOCK_CalcPllDiv                                  ./drivers/fsl_clock.o
CLOCK_ClearStatusFlags                            ./drivers/fsl_clock.o
CLOCK_DeinitOsc0                                  ./drivers/fsl_clock.o
CLOCK_EnablePll0                                  ./drivers/fsl_clock.o
CLOCK_EnableUsbfs0Clock                           ./drivers/fsl_clock.o
CLOCK_ExternalModeToFbeModeQuick                  ./drivers/fsl_clock.o
CLOCK_FllStableDelay                              ./drivers/fsl_clock.o
CLOCK_GetBusClkFreq                               ./drivers/fsl_clock.o
CLOCK_GetCoreSysClkFreq                           ./drivers/fsl_clock.o
CLOCK_GetEr32kClkFreq                             ./drivers/fsl_clock.o
CLOCK_GetFixedFreqClkFreq                         ./drivers/fsl_clock.o
CLOCK_GetFlashClkFreq                             ./drivers/fsl_clock.o
CLOCK_GetFllFreq                                  ./drivers/fsl_clock.o
CLOCK_GetFreq                                     ./drivers/fsl_clock.o
CLOCK_GetInternalRefClkFreq                       ./drivers/fsl_clock.o
CLOCK_GetMode                                     ./drivers/fsl_clock.o
CLOCK_GetOsc0ErClkFreq                            ./drivers/fsl_clock.o
CLOCK_GetOutClkFreq                               ./drivers/fsl_clock.o
CLOCK_GetPlatClkFreq                              ./drivers/fsl_clock.o
CLOCK_GetPll0Freq                                 ./drivers/fsl_clock.o
CLOCK_GetPllFllSelClkFreq                         ./drivers/fsl_clock.o
                                                  ./board/board.o
CLOCK_GetStatusFlags                              ./drivers/fsl_clock.o
CLOCK_InitOsc0                                    ./drivers/fsl_clock.o
                                                  ./board/clock_config.o
CLOCK_InternalModeToFbiModeQuick                  ./drivers/fsl_clock.o
CLOCK_SetBlpeMode                                 ./drivers/fsl_clock.o
CLOCK_SetBlpiMode                                 ./drivers/fsl_clock.o
CLOCK_SetExternalRefClkConfig                     ./drivers/fsl_clock.o
CLOCK_SetFbeMode                                  ./drivers/fsl_clock.o
CLOCK_SetFbiMode                                  ./drivers/fsl_clock.o
CLOCK_SetFeeMode                                  ./drivers/fsl_clock.o
CLOCK_SetFeiMode                                  ./drivers/fsl_clock.o
CLOCK_SetInternalRefClkConfig                     ./drivers/fsl_clock.o
                                                  ./board/clock_config.o
CLOCK_SetMcgConfig                                ./drivers/fsl_clock.o
CLOCK_SetOsc0MonitorMode                          ./drivers/fsl_clock.o
CLOCK_SetPbeMode                                  ./drivers/fsl_clock.o
CLOCK_SetPeeMode                                  ./drivers/fsl_clock.o
CLOCK_SetPll0MonitorMode                          ./drivers/fsl_clock.o
CLOCK_SetSimConfig                                ./drivers/fsl_clock.o
                                                  ./board/clock_config.o
CLOCK_TrimInternalRefClk                          ./drivers/fsl_clock.o
CMP0_DriverIRQHandler                             ./startup/startup_mkl25z4.o
CMP0_IRQHandler                                   ./startup/startup_mkl25z4.o
DAC0_DriverIRQHandler                             ./startup/startup_mkl25z4.o
DAC0_IRQHandler                                   ./startup/startup_mkl25z4.o
DMA0_DriverIRQHandler                             ./startup/startup_mkl25z4.o
DMA0_IRQHandler                                   ./startup/startup_mkl25z4.o
DMA1_DriverIRQHandler                             ./startup/startup_mkl25z4.o
DMA1_IRQHandler                                   ./startup/startup_mkl25z4.o
DMA2_DriverIRQHandler                             ./startup/startup_mkl25z4.o
DMA2_IRQHandler                                   ./startup/startup_mkl25z4.o
DMA3_DriverIRQHandler                             ./startup/startup_mkl25z4.o
DMA3_IRQHandler                                   ./startup/startup_mkl25z4.o
DbgConsole_Deinit                                 ./utilities/fsl_debug_console.o
DbgConsole_Getchar                                ./utilities/fsl_debug_console.o
DbgConsole_Init                                   ./utilities/fsl_debug_console.o
                                                  ./board/board.o
DbgConsole_Printf                                 ./utilities/fsl_debug_console.o
                                                  ./drivers/fsl_common.o
                                                  ./source/UARTFunction_Interrupt.o
                                                  ./source/System.o
                                                  ./source/Logger.o
DbgConsole_Putchar                                ./utilities/fsl_debug_console.o
DbgConsole_Scanf                                  ./utilities/fsl_debug_console.o
FLASH_Erase                                       ./drivers/fsl_flash.o
FLASH_EraseAll                                    ./drivers/fsl_flash.o
FLASH_EraseAllExecuteOnlySegments                 ./drivers/fsl_flash.o
FLASH_GetProperty                                 ./drivers/fsl_flash.o
FLASH_GetSecurityState                            ./drivers/fsl_flash.o
FLASH_Init                                        ./drivers/fsl_flash.o
FLASH_IsExecuteOnly                               ./drivers/fsl_flash.o
FLASH_IsProtected                                 ./drivers/fsl_flash.o
FLASH_PflashGetPrefetchSpeculation                ./drivers/fsl_flash.o
FLASH_PflashGetProtection                         ./drivers/fsl_flash.o
FLASH_PflashSetPrefetchSpeculation                ./drivers/fsl_flash.o
                                                  ./drivers/fsl_smc.o
FLASH_PflashSetProtection                         ./drivers/fsl_flash.o
FLASH_PrepareExecuteInRamFunctions                ./drivers/fsl_flash.o
FLASH_Program                                     ./drivers/fsl_flash.o
FLASH_ProgramOnce                                 ./drivers/fsl_flash.o
FLASH_ReadOnce                                    ./drivers/fsl_flash.o
FLASH_ReadResource                                ./drivers/fsl_flash.o
FLASH_SecurityBypass                              ./drivers/fsl_flash.o
FLASH_SetCallback                                 ./drivers/fsl_flash.o
FLASH_SetProperty                                 ./drivers/fsl_flash.o
FLASH_VerifyErase                                 ./drivers/fsl_flash.o
FLASH_VerifyEraseAll                              ./drivers/fsl_flash.o
FLASH_VerifyEraseAllExecuteOnlySegments           ./drivers/fsl_flash.o
FLASH_VerifyProgram                               ./drivers/fsl_flash.o
FTFA_DriverIRQHandler                             ./startup/startup_mkl25z4.o
FTFA_IRQHandler                                   ./startup/startup_mkl25z4.o
Flash_Config                                      ./startup/startup_mkl25z4.o
GPIO_ClearPinsInterruptFlags                      ./drivers/fsl_gpio.o
GPIO_GetPinsInterruptFlags                        ./drivers/fsl_gpio.o
GPIO_PinInit                                      ./drivers/fsl_gpio.o
                                                  ./source/led_control.o
H                                                 ./source/Time_Systick.o
HardFault_Handler                                 ./startup/startup_mkl25z4.o
Hours                                             ./source/Time_Systick.o
I2C0_DriverIRQHandler                             ./startup/startup_mkl25z4.o
I2C0_IRQHandler                                   ./startup/startup_mkl25z4.o
I2C1_DriverIRQHandler                             ./startup/startup_mkl25z4.o
I2C1_IRQHandler                                   ./startup/startup_mkl25z4.o
InstallIRQHandler                                 ./drivers/fsl_common.o
IntDefaultHandler                                 ./startup/startup_mkl25z4.o
LLWU_DriverIRQHandler                             ./startup/startup_mkl25z4.o
LLWU_IRQHandler                                   ./startup/startup_mkl25z4.o
LPSCI_ClearStatusFlags                            ./drivers/fsl_lpsci.o
LPSCI_Deinit                                      ./drivers/fsl_lpsci.o
                                                  ./utilities/fsl_debug_console.o
LPSCI_DisableInterrupts                           ./drivers/fsl_lpsci.o
LPSCI_EnableInterrupts                            ./drivers/fsl_lpsci.o
LPSCI_GetDefaultConfig                            ./drivers/fsl_lpsci.o
                                                  ./utilities/fsl_debug_console.o
LPSCI_GetEnabledInterrupts                        ./drivers/fsl_lpsci.o
LPSCI_GetInstance                                 ./drivers/fsl_lpsci.o
LPSCI_GetStatusFlags                              ./drivers/fsl_lpsci.o
LPSCI_Init                                        ./drivers/fsl_lpsci.o
                                                  ./utilities/fsl_debug_console.o
LPSCI_ReadBlocking                                ./drivers/fsl_lpsci.o
                                                  ./utilities/fsl_debug_console.o
LPSCI_SetBaudRate                                 ./drivers/fsl_lpsci.o
LPSCI_TransferAbortReceive                        ./drivers/fsl_lpsci.o
LPSCI_TransferAbortSend                           ./drivers/fsl_lpsci.o
LPSCI_TransferCreateHandle                        ./drivers/fsl_lpsci.o
LPSCI_TransferGetReceiveCount                     ./drivers/fsl_lpsci.o
LPSCI_TransferGetSendCount                        ./drivers/fsl_lpsci.o
LPSCI_TransferHandleErrorIRQ                      ./drivers/fsl_lpsci.o
LPSCI_TransferHandleIRQ                           ./drivers/fsl_lpsci.o
LPSCI_TransferReceiveNonBlocking                  ./drivers/fsl_lpsci.o
LPSCI_TransferSendNonBlocking                     ./drivers/fsl_lpsci.o
LPSCI_TransferStartRingBuffer                     ./drivers/fsl_lpsci.o
LPSCI_TransferStopRingBuffer                      ./drivers/fsl_lpsci.o
LPSCI_WriteBlocking                               ./drivers/fsl_lpsci.o
                                                  ./utilities/fsl_debug_console.o
LPTMR0_DriverIRQHandler                           ./startup/startup_mkl25z4.o
LPTMR0_IRQHandler                                 ./startup/startup_mkl25z4.o
LVD_LVW_DriverIRQHandler                          ./startup/startup_mkl25z4.o
LVD_LVW_IRQHandler                                ./startup/startup_mkl25z4.o
Led_Initialize                                    ./source/led_control.o
                                                  ./source/main.o
Log_Data                                          ./source/Logger.o
Log_Disable                                       ./source/Logger.o
Log_Enable                                        ./source/Logger.o
                                                  ./source/main.o
Log_Integer                                       ./source/Logger.o
Log_Status                                        ./source/Logger.o
Log_Status_Flag                                   ./source/Logger.o
Log_String                                        ./source/Logger.o
                                                  ./source/circular_buffer.o
                                                  ./source/UARTFunction_polled.o
                                                  ./source/UARTFunction_Interrupt.o
M                                                 ./source/Time_Systick.o
MCG_DriverIRQHandler                              ./startup/startup_mkl25z4.o
MCG_IRQHandler                                    ./startup/startup_mkl25z4.o
Milli                                             ./source/Time_Systick.o
Mins                                              ./source/Time_Systick.o
NMI_Handler                                       ./startup/startup_mkl25z4.o
PIT_DriverIRQHandler                              ./startup/startup_mkl25z4.o
PIT_IRQHandler                                    ./startup/startup_mkl25z4.o