Archive member included to satisfy reference by file (symbol)

c:/nxp/mcuxpressoide_11.0.1_2563/ide/plugins/com.nxp.mcuxpresso.tools.win32_11.0.1.201907311258/tools/bin/../lib/gcc/arm-none-eabi/8.2.1/../../../../arm-none-eabi/lib/thumb/v6-m/nofp\libcr_semihost_nf.a(_cr__main.o)
                              ./startup/startup_mkl25z4.o (__main)
c:/nxp/mcuxpressoide_11.0.1_2563/ide/plugins/com.nxp.mcuxpresso.tools.win32_11.0.1.201907311258/tools/bin/../lib/gcc/arm-none-eabi/8.2.1/../../../../arm-none-eabi/lib/thumb/v6-m/nofp\libcr_c.a(memcpy.o)
                              ./drivers/fsl_flash.o (memcpy)
c:/nxp/mcuxpressoide_11.0.1_2563/ide/plugins/com.nxp.mcuxpresso.tools.win32_11.0.1.201907311258/tools/bin/../lib/gcc/arm-none-eabi/8.2.1/../../../../arm-none-eabi/lib/thumb/v6-m/nofp\libcr_c.a(memset.o)
                              ./source/main.o (memset)
c:/nxp/mcuxpressoide_11.0.1_2563/ide/plugins/com.nxp.mcuxpresso.tools.win32_11.0.1.201907311258/tools/bin/../lib/gcc/arm-none-eabi/8.2.1/../../../../arm-none-eabi/lib/thumb/v6-m/nofp\libcr_c.a(alloc.o)
                              ./source/main.o (malloc)
c:/nxp/mcuxpressoide_11.0.1_2563/ide/plugins/com.nxp.mcuxpresso.tools.win32_11.0.1.201907311258/tools/bin/../lib/gcc/arm-none-eabi/8.2.1/../../../../arm-none-eabi/lib/thumb/v6-m/nofp\libcr_c.a(initio.o)
                              c:/nxp/mcuxpressoide_11.0.1_2563/ide/plugins/com.nxp.mcuxpresso.tools.win32_11.0.1.201907311258/tools/bin/../lib/gcc/arm-none-eabi/8.2.1/../../../../arm-none-eabi/lib/thumb/v6-m/nofp\libcr_semihost_nf.a(_cr__main.o) (_initio)
c:/nxp/mcuxpressoide_11.0.1_2563/ide/plugins/com.nxp.mcuxpresso.tools.win32_11.0.1.201907311258/tools/bin/../lib/gcc/arm-none-eabi/8.2.1/../../../../arm-none-eabi/lib/thumb/v6-m/nofp\libcr_c.a(printf.o)
                              ./source/System.o (_printf)
c:/nxp/mcuxpressoide_11.0.1_2563/ide/plugins/com.nxp.mcuxpresso.tools.win32_11.0.1.201907311258/tools/bin/../lib/gcc/arm-none-eabi/8.2.1/../../../../arm-none-eabi/lib/thumb/v6-m/nofp\libcr_c.a(setvbuf.o)
                              c:/nxp/mcuxpressoide_11.0.1_2563/ide/plugins/com.nxp.mcuxpresso.tools.win32_11.0.1.201907311258/tools/bin/../lib/gcc/arm-none-eabi/8.2.1/../../../../arm-none-eabi/lib/thumb/v6-m/nofp\libcr_c.a(initio.o) (setvbuf)
c:/nxp/mcuxpressoide_11.0.1_2563/ide/plugins/com.nxp.mcuxpresso.tools.win32_11.0.1.201907311258/tools/bin/../lib/gcc/arm-none-eabi/8.2.1/../../../../arm-none-eabi/lib/thumb/v6-m/nofp\libcr_c.a(stdlib.o)
                              ./source/System.o (exit)
c:/nxp/mcuxpressoide_11.0.1_2563/ide/plugins/com.nxp.mcuxpresso.tools.win32_11.0.1.201907311258/tools/bin/../lib/gcc/arm-none-eabi/8.2.1/../../../../arm-none-eabi/lib/thumb/v6-m/nofp\libcr_c.a(strlen.o)
                              ./utilities/fsl_debug_console.o (strlen)
c:/nxp/mcuxpressoide_11.0.1_2563/ide/plugins/com.nxp.mcuxpresso.tools.win32_11.0.1.201907311258/tools/bin/../lib/gcc/arm-none-eabi/8.2.1/../../../../arm-none-eabi/lib/thumb/v6-m/nofp\libcr_c.a(__init_alloc.o)
                              c:/nxp/mcuxpressoide_11.0.1_2563/ide/plugins/com.nxp.mcuxpresso.tools.win32_11.0.1.201907311258/tools/bin/../lib/gcc/arm-none-eabi/8.2.1/../../../../arm-none-eabi/lib/thumb/v6-m/nofp\libcr_c.a(alloc.o) (__heaps)
c:/nxp/mcuxpressoide_11.0.1_2563/ide/plugins/com.nxp.mcuxpresso.tools.win32_11.0.1.201907311258/tools/bin/../lib/gcc/arm-none-eabi/8.2.1/../../../../arm-none-eabi/lib/thumb/v6-m/nofp\libcr_c.a(_cr_sbrk.o)
                              c:/nxp/mcuxpressoide_11.0.1_2563/ide/plugins/com.nxp.mcuxpresso.tools.win32_11.0.1.201907311258/tools/bin/../lib/gcc/arm-none-eabi/8.2.1/../../../../arm-none-eabi/lib/thumb/v6-m/nofp\libcr_c.a(alloc.o) (_sbrk)
c:/nxp/mcuxpressoide_11.0.1_2563/ide/plugins/com.nxp.mcuxpresso.tools.win32_11.0.1.201907311258/tools/bin/../lib/gcc/arm-none-eabi/8.2.1/../../../../arm-none-eabi/lib/thumb/v6-m/nofp\libcr_c.a(_deferredlazyseek.o)
                              c:/nxp/mcuxpressoide_11.0.1_2563/ide/plugins/com.nxp.mcuxpresso.tools.win32_11.0.1.201907311258/tools/bin/../lib/gcc/arm-none-eabi/8.2.1/../../../../arm-none-eabi/lib/thumb/v6-m/nofp\libcr_c.a(printf.o) (__flsbuf)
c:/nxp/mcuxpressoide_11.0.1_2563/ide/plugins/com.nxp.mcuxpresso.tools.win32_11.0.1.201907311258/tools/bin/../lib/gcc/arm-none-eabi/8.2.1/../../../../arm-none-eabi/lib/thumb/v6-m/nofp\libcr_c.a(_fdopen.o)
                              c:/nxp/mcuxpressoide_11.0.1_2563/ide/plugins/com.nxp.mcuxpresso.tools.win32_11.0.1.201907311258/tools/bin/../lib/gcc/arm-none-eabi/8.2.1/../../../../arm-none-eabi/lib/thumb/v6-m/nofp\libcr_c.a(initio.o) (_fdopen)
c:/nxp/mcuxpressoide_11.0.1_2563/ide/plugins/com.nxp.mcuxpresso.tools.win32_11.0.1.201907311258/tools/bin/../lib/gcc/arm-none-eabi/8.2.1/../../../../arm-none-eabi/lib/thumb/v6-m/nofp\libcr_c.a(_fflush.o)
[...]
Memory Configuration

Name             Origin             Length             Attributes
PROGRAM_FLASH    0x00000000         0x00020000         xr
SRAM             0x1ffff000         0x00004000         xrw
*default*        0x00000000         0xffffffff

Linker script and memory map

LOAD ./utilities/fsl_debug_console.o
LOAD ./startup/startup_mkl25z4.o
LOAD ./source/Logger.o
LOAD ./source/System.o
LOAD ./source/Testsuite.o
LOAD ./source/UARTFunction_Interrupt.o
LOAD ./source/UARTFunction_polled.o
LOAD ./source/circular_buffer.o
LOAD ./source/led_control.o
LOAD ./source/main.o
LOAD ./source/mtb.o
LOAD ./drivers/fsl_clock.o
LOAD ./drivers/fsl_common.o
LOAD ./drivers/fsl_flash.o
LOAD ./drivers/fsl_gpio.o
LOAD ./drivers/fsl_lpsci.o
LOAD ./drivers/fsl_smc.o
LOAD ./drivers/fsl_uart.o
LOAD ./board/board.o
LOAD ./board/clock_config.o
LOAD ./board/peripherals.o
LOAD ./board/pin_mux.o
LOAD ./CMSIS/system_MKL25Z4.o
START GROUP
LOAD c:/nxp/mcuxpressoide_11.0.1_2563/ide/plugins/com.nxp.mcuxpresso.tools.win32_11.0.1.201907311258/tools/bin/../lib/gcc/arm-none-eabi/8.2.1/../../../../arm-none-eabi/lib/thumb/v6-m/nofp\libcr_semihost_nf.a
LOAD c:/nxp/mcuxpressoide_11.0.1_2563/ide/plugins/com.nxp.mcuxpresso.tools.win32_11.0.1.201907311258/tools/bin/../lib/gcc/arm-none-eabi/8.2.1/../../../../arm-none-eabi/lib/thumb/v6-m/nofp\libcr_c.a
LOAD c:/nxp/mcuxpressoide_11.0.1_2563/ide/plugins/com.nxp.mcuxpresso.tools.win32_11.0.1.201907311258/tools/bin/../lib/gcc/arm-none-eabi/8.2.1/thumb/v6-m/nofp\libcr_eabihelpers.a
LOAD c:/nxp/mcuxpressoide_11.0.1_2563/ide/plugins/com.nxp.mcuxpresso.tools.win32_11.0.1.201907311258/tools/bin/../lib/gcc/arm-none-eabi/8.2.1/thumb/v6-m/nofp\libgcc.a
END GROUP
                0x00000000                __base_PROGRAM_FLASH = 0x0
                0x00000000                __base_Flash = 0x0
                0x00020000                __top_PROGRAM_FLASH = 0x20000
                0x00020000                __top_Flash = 0x20000
                0x1ffff000                __base_SRAM = 0x1ffff000
                0x1ffff000                __base_RAM = 0x1ffff000
                0x20003000                __top_SRAM = 0x20003000
                0x20003000                __top_RAM = 0x20003000

.text           0x00000000     0x5264
 FILL mask 0xff
                0x00000000                __vectors_start__ = ABSOLUTE (.)
 *(SORT_BY_ALIGNMENT(.isr_vector))
 .isr_vector    0x00000000       0xc0 ./startup/startup_mkl25z4.o
                0x00000000                g_pfnVectors
                0x00000000                __Vectors
                0x000000c0                . = ALIGN (0x4)
                0x000000c0                __section_table_start = .
                0x000000c0                __data_section_table = .
                0x000000c0        0x4 LONG 0x5264 LOADADDR (.data)
                0x000000c4        0x4 LONG 0x1ffff080 ADDR (.data)
                0x000000c8        0x4 LONG 0xc SIZEOF (.data)
                0x000000cc                __data_section_table_end = .
                0x000000cc                __bss_section_table = .
                0x000000cc        0x4 LONG 0x1ffff08c ADDR (.bss)
                0x000000d0        0x4 LONG 0xf4 SIZEOF (.bss)
                0x000000d4                __bss_section_table_end = .
                0x000000d4                __section_table_end = .
 *(SORT_BY_ALIGNMENT(.after_vectors*))
 .after_vectors.reset
                0x000000d4       0x4c ./startup/startup_mkl25z4.o
                0x000000d4                ResetISR
 .after_vectors.init_data
                0x00000120       0x12 ./startup/startup_mkl25z4.o
                0x00000120                data_init
 .after_vectors.init_bss
                0x00000132       0x10 ./startup/startup_mkl25z4.o
                0x00000132                bss_init
 .after_vectors
                0x00000142      0x10c ./startup/startup_mkl25z4.o
                0x00000142                NMI_Handler
                0x00000144                HardFault_Handler
                0x00000146                SVC_Handler
                0x00000148                PendSV_Handler
                0x0000014a                SysTick_Handler
                0x0000014c                LPTMR0_DriverIRQHandler
                0x0000014c                Reserved39_DriverIRQHandler
                0x0000014c                I2C0_DriverIRQHandler
                0x0000014c                SPI1_DriverIRQHandler
                0x0000014c                DMA0_DriverIRQHandler
                0x0000014c                PORTD_DriverIRQHandler
                0x0000014c                DMA2_DriverIRQHandler
                0x0000014c                CMP0_DriverIRQHandler
                0x0000014c                TPM2_DriverIRQHandler
                0x0000014c                ADC0_DriverIRQHandler
                0x0000014c                SPI0_DriverIRQHandler
                0x0000014c                TSI0_DriverIRQHandler
                0x0000014c                RTC_Seconds_DriverIRQHandler
                0x0000014c                I2C1_DriverIRQHandler
                0x0000014c                LLWU_DriverIRQHandler
                0x0000014c                MCG_DriverIRQHandler
                0x0000014c                DMA1_DriverIRQHandler
                0x0000014c                PIT_DriverIRQHandler
                0x0000014c                RTC_DriverIRQHandler
                0x0000014c                FTFA_DriverIRQHandler
                0x0000014c                IntDefaultHandler
                0x0000014c                USB0_DriverIRQHandler
                0x0000014c                DAC0_DriverIRQHandler
                0x0000014c                TPM1_DriverIRQHandler
                0x0000014c                LVD_LVW_DriverIRQHandler
                0x0000014c                TPM0_DriverIRQHandler
                0x0000014c                PORTA_DriverIRQHandler
                0x0000014c                Reserved45_DriverIRQHandler
                0x0000014c                Reserved20_DriverIRQHandler
                0x0000014c                DMA3_DriverIRQHandler
                0x0000014e                DMA0_IRQHandler
                0x00000156                DMA1_IRQHandler
                0x0000015e                DMA2_IRQHandler
                0x00000166                DMA3_IRQHandler
                0x0000016e                Reserved20_IRQHandler
                0x00000176                FTFA_IRQHandler
                0x0000017e                LVD_LVW_IRQHandler
                0x00000186                LLWU_IRQHandler
                0x0000018e                I2C0_IRQHandler
                0x00000196                I2C1_IRQHandler
                0x0000019e                SPI0_IRQHandler
                0x000001a6                SPI1_IRQHandler
                0x000001b6                UART1_IRQHandler
                0x000001be                UART2_IRQHandler
                0x000001c6                ADC0_IRQHandler
                0x000001ce                CMP0_IRQHandler
                0x000001d6                TPM0_IRQHandler
                0x000001de                TPM1_IRQHandler
                0x000001e6                TPM2_IRQHandler
                0x000001ee                RTC_IRQHandler
                0x000001f6                RTC_Seconds_IRQHandler
                0x000001fe                PIT_IRQHandler
                0x00000206                Reserved39_IRQHandler
                0x0000020e                USB0_IRQHandler
                0x00000216                DAC0_IRQHandler
                0x0000021e                TSI0_IRQHandler
                0x00000226                MCG_IRQHandler
                0x0000022e                LPTMR0_IRQHandler
                0x00000236                Reserved45_IRQHandler
                0x0000023e                PORTA_IRQHandler
                0x00000246                PORTD_IRQHandler
                0x00000400                . = 0x400
 *fill*         0x0000024e      0x1b2 ff
                0x00000400                PROVIDE (__FLASH_CONFIG_START__ = .)
 *(SORT_BY_ALIGNMENT(.FlashConfig))
 .FlashConfig   0x00000400       0x10 ./startup/startup_mkl25z4.o
                0x00000400                Flash_Config
                0x00000410                PROVIDE (__FLASH_CONFIG_END__ = .)
                0x00000001                ASSERT (! ((__FLASH_CONFIG_START__ == __FLASH_CONFIG_END__)), Linker Flash Config Support Enabled, but no .FlashConfig section provided within application)
 *(SORT_BY_ALIGNMENT(.text*))
 .text.DbgConsole_Init
                0x00000410       0xf0 ./utilities/fsl_debug_console.o
                0x00000410                DbgConsole_Init
 .text.DbgConsole_Printf
                0x00000500       0x44 ./utilities/fsl_debug_console.o
                0x00000500                DbgConsole_Printf
 .text.DbgConsole_Putchar
                0x00000544       0x34 ./utilities/fsl_debug_console.o
                0x00000544                DbgConsole_Putchar
 .text.Log_String
                0x00000578       0x24 ./source/Logger.o
                0x00000578                Log_String
 .text.display_String
                0x0000059c       0x38 ./source/Logger.o
                0x0000059c                display_String
 .text.delay2   0x000005d4       0x30 ./source/UARTFunction_Interrupt.o
                0x000005d4                delay2
 .text.transmit_available_interrupt
                0x00000604       0x48 ./source/UARTFunction_Interrupt.o
                0x00000604                transmit_available_interrupt
 .text.transmit_data_interrupt
                0x0000064c       0x54 ./source/UARTFunction_Interrupt.o
                0x0000064c                transmit_data_interrupt
 .text.Receive_available_interrupt
                0x000006a0       0x30 ./source/UARTFunction_Interrupt.o
                0x000006a0                Receive_available_interrupt
 .text.Receive_data_interrupt
                0x000006d0       0x78 ./source/UARTFunction_Interrupt.o
                0x000006d0                Receive_data_interrupt
 .text.Send_String_interrupt
                0x00000748       0x4c ./source/UARTFunction_Interrupt.o
                0x00000748                Send_String_interrupt
 .text.UART0_IRQHandler
                0x00000794       0x9c ./source/UARTFunction_Interrupt.o
                0x00000794                UART0_IRQHandler
 .text.delay1   0x00000830       0x30 ./source/UARTFunction_polled.o
                0x00000830                delay1
 .text.transmit_available
                0x00000860       0x30 ./source/UARTFunction_polled.o
                0x00000860                transmit_available
 .text.transmit_data
                0x00000890       0x34 ./source/UARTFunction_polled.o
                0x00000890                transmit_data
 .text.Transmit_polled
                0x000008c4       0x38 ./source/UARTFunction_polled.o
                0x000008c4                Transmit_polled
 .text.Receive_available
                0x000008fc       0x34 ./source/UARTFunction_polled.o
                0x000008fc                Receive_available
 .text.Recieve_polled
                0x00000930       0x40 ./source/UARTFunction_polled.o
                0x00000930                Recieve_polled
 .text.circular_buffer_init
                0x00000970       0x68 ./source/circular_buffer.o
                0x00000970                circular_buffer_init
 .text.retreat_pointer
                0x000009d8       0x54 ./source/circular_buffer.o
 .text.circular_buffer_remove
                0x00000a2c       0x8c ./source/circular_buffer.o
                0x00000a2c                circular_buffer_remove
 .text.circular_buffer_reset
                0x00000ab8       0x54 ./source/circular_buffer.o
                0x00000ab8                circular_buffer_reset
 .text.circular_buf_empty
                0x00000b0c       0x5c ./source/circular_buffer.o
                0x00000b0c                circular_buf_empty
 .text.delay    0x00000b68       0x30 ./source/led_control.o
                0x00000b68                delay
 .text.Led_Initialize
                0x00000b98       0x64 ./source/led_control.o
                0x00000b98                Led_Initialize
 .text.led_control
                0x00000bfc       0xc0 ./source/led_control.o
                0x00000bfc                led_control
 .text.main     0x00000cbc      0x274 ./source/main.o
                0x00000cbc                main
 .text.CLOCK_SetEr32kClock
                0x00000f30       0x34 ./drivers/fsl_clock.o
 .text.CLOCK_SetPllFllSelClock
                0x00000f64       0x38 ./drivers/fsl_clock.o
 .text.CLOCK_GetMcgExtClkFreq
                0x00000f9c       0x28 ./drivers/fsl_clock.o
 .text.CLOCK_GetFllExtRefClkFreq
                0x00000fc4       0xa4 ./drivers/fsl_clock.o
 .text.CLOCK_GetFllRefClkFreq
                0x00001068       0x2c ./drivers/fsl_clock.o
 .text.CLOCK_GetOscRangeFromFreq
                0x00001094       0x4c ./drivers/fsl_clock.o
 .text.CLOCK_GetPllFllSelClkFreq
                0x000010e0       0x4c ./drivers/fsl_clock.o
                0x000010e0                CLOCK_GetPllFllSelClkFreq
 .text.CLOCK_SetSimConfig
                0x0000112c       0x38 ./drivers/fsl_clock.o
                0x0000112c                CLOCK_SetSimConfig
 .text.CLOCK_GetFllFreq
                0x00001164       0x84 ./drivers/fsl_clock.o
                0x00001164                CLOCK_GetFllFreq
 .text.CLOCK_GetPll0Freq
                0x000011e8       0x70 ./drivers/fsl_clock.o
                0x000011e8                CLOCK_GetPll0Freq
 .text.CLOCK_SetInternalRefClkConfig
                0x00001258      0x124 ./drivers/fsl_clock.o
                0x00001258                CLOCK_SetInternalRefClkConfig
 .text.CLOCK_EnablePll0
                0x0000137c       0x90 ./drivers/fsl_clock.o
                0x0000137c                CLOCK_EnablePll0
 .text.CLOCK_InitOsc0
                0x0000140c       0x94 ./drivers/fsl_clock.o
                0x0000140c                CLOCK_InitOsc0
 .text.CLOCK_SetPbeMode
                0x000014a0       0xb0 ./drivers/fsl_clock.o
                0x000014a0                CLOCK_SetPbeMode
 .text.CLOCK_BootToPeeMode
                0x00001550       0x70 ./drivers/fsl_clock.o
                0x00001550                CLOCK_BootToPeeMode
 .text.__assertion_failed
                0x000015c0       0x1c ./drivers/fsl_common.o
                0x000015c0                __assertion_failed
 .text.GPIO_PinInit
                0x000015dc       0x64 ./drivers/fsl_gpio.o
                0x000015dc                GPIO_PinInit
 .text.CLOCK_EnableClock
                0x00001640       0x34 ./drivers/fsl_lpsci.o
 .text.LPSCI_GetInstance
                0x00001674       0x48 ./drivers/fsl_lpsci.o
                0x00001674                LPSCI_GetInstance
 .text.LPSCI_Init
                0x000016bc      0x258 ./drivers/fsl_lpsci.o
                0x000016bc                LPSCI_Init
 .text.LPSCI_GetDefaultConfig
                0x00001914       0x44 ./drivers/fsl_lpsci.o
                0x00001914                LPSCI_GetDefaultConfig
 .text.LPSCI_ClearStatusFlags
                0x00001958       0x94 ./drivers/fsl_lpsci.o
                0x00001958                LPSCI_ClearStatusFlags
 .text.LPSCI_WriteBlocking
                0x000019ec       0x4c ./drivers/fsl_lpsci.o
                0x000019ec                LPSCI_WriteBlocking
 .text.LPSCI_ReadBlocking
                0x00001a38       0xc0 ./drivers/fsl_lpsci.o
                0x00001a38                LPSCI_ReadBlocking
 .text.UART0_DriverIRQHandler
                0x00001af8       0x24 ./drivers/fsl_lpsci.o
                0x00001af8                UART0_DriverIRQHandler
 .text.CLOCK_EnableClock
                0x00001b1c       0x34 ./drivers/fsl_uart.o
 .text.UART_GetInstance
                0x00001b50       0x54 ./drivers/fsl_uart.o
                0x00001b50                UART_GetInstance
 .text.UART_Init
                0x00001ba4      0x1e0 ./drivers/fsl_uart.o
                0x00001ba4                UART_Init
 .text.UART_GetDefaultConfig
                0x00001d84       0x44 ./drivers/fsl_uart.o
                0x00001d84                UART_GetDefaultConfig
 .text.UART_ReadBlocking
                0x00001dc8       0x98 ./drivers/fsl_uart.o
                0x00001dc8                UART_ReadBlocking
 .text.UART1_DriverIRQHandler
                0x00001e60       0x24 ./drivers/fsl_uart.o
                0x00001e60                UART1_DriverIRQHandler
 .text.UART2_DriverIRQHandler
                0x00001e84       0x24 ./drivers/fsl_uart.o
                0x00001e84                UART2_DriverIRQHandler
 .text.CLOCK_SetLpsci0Clock
                0x00001ea8       0x38 ./board/board.o
 .text.BOARD_InitDebugConsole
                0x00001ee0       0x30 ./board/board.o
                0x00001ee0                BOARD_InitDebugConsole
 .text.CLOCK_SetSimSafeDivs
                0x00001f10       0x20 ./board/clock_config.o
 .text.CLOCK_SetXtal0Freq
                0x00001f30       0x1c ./board/clock_config.o
 .text.CLOCK_CONFIG_SetFllExtRefDiv
                0x00001f4c       0x3c ./board/clock_config.o
 .text.BOARD_BootClockRUN
                0x00001f88       0x64 ./board/clock_config.o
                0x00001f88                BOARD_BootClockRUN
 .text.CLOCK_EnableClock
                0x00001fec       0x34 ./board/pin_mux.o
 .text.PORT_SetPinMux
                0x00002020       0x40 ./board/pin_mux.o
 .text.BOARD_InitPins
                0x00002060       0x90 ./board/pin_mux.o
                0x00002060                BOARD_InitPins
 .text.SystemInit
                0x000020f0       0x18 ./CMSIS/system_MKL25Z4.o
                0x000020f0                SystemInit
 .text.malloc   0x00002108       0xcc c:/nxp/mcuxpressoide_11.0.1_2563/ide/plugins/com.nxp.mcuxpresso.tools.win32_11.0.1.201907311258/tools/bin/../lib/gcc/arm-none-eabi/8.2.1/../../../../arm-none-eabi/lib/thumb/v6-m/nofp\libcr_c.a(alloc.o)
                0x00002108                malloc
 .text._Csys_alloc
                0x000021d4       0x20 c:/nxp/mcuxpressoide_11.0.1_2563/ide/plugins/com.nxp.mcuxpresso.tools.win32_11.0.1.201907311258/tools/bin/../lib/gcc/arm-none-eabi/8.2.1/../../../../arm-none-eabi/lib/thumb/v6-m/nofp\libcr_c.a(alloc.o)
                0x000021d4                _Csys_alloc
 .text._initio  0x000021f4       0x7c c:/nxp/mcuxpressoide_11.0.1_2563/ide/plugins/com.nxp.mcuxpresso.tools.win32_11.0.1.201907311258/tools/bin/../lib/gcc/arm-none-eabi/8.2.1/../../../../arm-none-eabi/lib/thumb/v6-m/nofp\libcr_c.a(initio.o)
                0x000021f4                _initio
 .text.__vfprintf
                0x00002270      0xcd8 c:/nxp/mcuxpressoide_11.0.1_2563/ide/plugins/com.nxp.mcuxpresso.tools.win32_11.0.1.201907311258/tools/bin/../lib/gcc/arm-none-eabi/8.2.1/../../../../arm-none-eabi/lib/thumb/v6-m/nofp\libcr_c.a(printf.o)
                0x00002270                __vfprintf
 .text._vsnprintf
                0x00002f48       0x70 c:/nxp/mcuxpressoide_11.0.1_2563/ide/plugins/com.nxp.mcuxpresso.tools.win32_11.0.1.201907311258/tools/bin/../lib/gcc/arm-none-eabi/8.2.1/../../../../arm-none-eabi/lib/thumb/v6-m/nofp\libcr_c.a(printf.o)
                0x00002f48                _vsnprintf
 .text._printf  0x00002fb8       0x50 c:/nxp/mcuxpressoide_11.0.1_2563/ide/plugins/com.nxp.mcuxpresso.tools.win32_11.0.1.201907311258/tools/bin/../lib/gcc/arm-none-eabi/8.2.1/../../../../arm-none-eabi/lib/thumb/v6-m/nofp\libcr_c.a(printf.o)
                0x00002fb8                _printf
 .text.setvbuf  0x00003008       0x4c c:/nxp/mcuxpressoide_11.0.1_2563/ide/plugins/com.nxp.mcuxpresso.tools.win32_11.0.1.201907311258/tools/bin/../lib/gcc/arm-none-eabi/8.2.1/../../../../arm-none-eabi/lib/thumb/v6-m/nofp\libcr_c.a(setvbuf.o)
                0x00003008                setvbuf
 .text.strlen   0x00003054       0x58 c:/nxp/mcuxpressoide_11.0.1_2563/ide/plugins/com.nxp.mcuxpresso.tools.win32_11.0.1.201907311258/tools/bin/../lib/gcc/arm-none-eabi/8.2.1/../../../../arm-none-eabi/lib/thumb/v6-m/nofp\libcr_c.a(strlen.o)
                0x00003054                strlen
 .text._sbrk    0x000030ac       0x40 c:/nxp/mcuxpressoide_11.0.1_2563/ide/plugins/com.nxp.mcuxpresso.tools.win32_11.0.1.201907311258/tools/bin/../lib/gcc/arm-none-eabi/8.2.1/../../../../arm-none-eabi/lib/thumb/v6-m/nofp\libcr_c.a(_cr_sbrk.o)
                0x000030ac                _sbrk
 .text._deferredlazyseek
                0x000030ec       0x40 c:/nxp/mcuxpressoide_11.0.1_2563/ide/plugins/com.nxp.mcuxpresso.tools.win32_11.0.1.201907311258/tools/bin/../lib/gcc/arm-none-eabi/8.2.1/../../../../arm-none-eabi/lib/thumb/v6-m/nofp\libcr_c.a(_deferredlazyseek.o)
                0x000030ec                _deferredlazyseek
 .text.__flsbuf
                0x0000312c      0x14c c:/nxp/mcuxpressoide_11.0.1_2563/ide/plugins/com.nxp.mcuxpresso.tools.win32_11.0.1.201907311258/tools/bin/../lib/gcc/arm-none-eabi/8.2.1/../../../../arm-none-eabi/lib/thumb/v6-m/nofp\libcr_c.a(_deferredlazyseek.o)
                0x0000312c                __flsbuf
 .text._fdopen  0x00003278       0x74 c:/nxp/mcuxpressoide_11.0.1_2563/ide/plugins/com.nxp.mcuxpresso.tools.win32_11.0.1.201907311258/tools/bin/../lib/gcc/arm-none-eabi/8.2.1/../../../../arm-none-eabi/lib/thumb/v6-m/nofp\libcr_c.a(_fdopen.o)
                0x00003278                _fdopen
 .text._fflush  0x000032ec       0x5c c:/nxp/mcuxpressoide_11.0.1_2563/ide/plugins/com.nxp.mcuxpresso.tools.win32_11.0.1.201907311258/tools/bin/../lib/gcc/arm-none-eabi/8.2.1/../../../../arm-none-eabi/lib/thumb/v6-m/nofp\libcr_c.a(_fflush.o)
                0x000032ec                _fflush
 .text._Cwritebuf
                0x00003348       0x68 c:/nxp/mcuxpressoide_11.0.1_2563/ide/plugins/com.nxp.mcuxpresso.tools.win32_11.0.1.201907311258/tools/bin/../lib/gcc/arm-none-eabi/8.2.1/../../../../arm-none-eabi/lib/thumb/v6-m/nofp\libcr_c.a(_writebuf.o)
                0x00003348                _Cwritebuf
 .text.fclose   0x000033b0       0x5c c:/nxp/mcuxpressoide_11.0.1_2563/ide/plugins/com.nxp.mcuxpresso.tools.win32_11.0.1.201907311258/tools/bin/../lib/gcc/arm-none-eabi/8.2.1/../../../../arm-none-eabi/lib/thumb/v6-m/nofp\libcr_c.a(fclose.o)
                0x000033b0                fclose
 .text.fflush   0x0000340c       0x44 c:/nxp/mcuxpressoide_11.0.1_2563/ide/plugins/com.nxp.mcuxpresso.tools.win32_11.0.1.201907311258/tools/bin/../lib/gcc/arm-none-eabi/8.2.1/../../../../arm-none-eabi/lib/thumb/v6-m/nofp\libcr_c.a(fflush.o)
                0x0000340c                fflush
 .text.fseek    0x00003450       0xf0 c:/nxp/mcuxpressoide_11.0.1_2563/ide/plugins/com.nxp.mcuxpresso.tools.win32_11.0.1.201907311258/tools/bin/../lib/gcc/arm-none-eabi/8.2.1/../../../../arm-none-eabi/lib/thumb/v6-m/nofp\libcr_c.a(fseek.o)
                0x00003450                fseek
 .text.ftell    0x00003540       0x48 c:/nxp/mcuxpressoide_11.0.1_2563/ide/plugins/com.nxp.mcuxpresso.tools.win32_11.0.1.201907311258/tools/bin/../lib/gcc/arm-none-eabi/8.2.1/../../../../arm-none-eabi/lib/thumb/v6-m/nofp\libcr_c.a(ftell.o)
                0x00003540                ftell
 .text.__check_heap_overflow
                0x00003588       0x14 c:/nxp/mcuxpressoide_11.0.1_2563/ide/plugins/com.nxp.mcuxpresso.tools.win32_11.0.1.201907311258/tools/bin/../lib/gcc/arm-none-eabi/8.2.1/../../../../arm-none-eabi/lib/thumb/v6-m/nofp\libcr_c.a(_cr_check_heap.o)
                0x00003588                __check_heap_overflow
 .text._do_fflush
                0x0000359c       0x44 c:/nxp/mcuxpressoide_11.0.1_2563/ide/plugins/com.nxp.mcuxpresso.tools.win32_11.0.1.201907311258/tools/bin/../lib/gcc/arm-none-eabi/8.2.1/../../../../arm-none-eabi/lib/thumb/v6-m/nofp\libcr_c.a(_do_fflush.o)
                0x0000359c                _do_fflush
 .text.__sys_appexit
                0x000035e0        0xc c:/nxp/mcuxpressoide_11.0.1_2563/ide/plugins/com.nxp.mcuxpresso.tools.win32_11.0.1.201907311258/tools/bin/../lib/gcc/arm-none-eabi/8.2.1/../../../../arm-none-eabi/lib/thumb/v6-m/nofp\libcr_semihost_nf.a(__sys_appexit.o)
                0x000035e0                __sys_appexit
                0x000035e0                __exit
 .text.UART_EnableTx
                0x000035ec       0x40 ./utilities/fsl_debug_console.o
 .text.UART_EnableRx
                0x0000362c       0x40 ./utilities/fsl_debug_console.o
 .text.LPSCI_EnableTx
                0x0000366c       0x40 ./utilities/fsl_debug_console.o
 .text.LPSCI_EnableRx
                0x000036ac       0x40 ./utilities/fsl_debug_console.o
 .text.DbgConsole_PrintfPaddingCharacter
                0x000036ec       0x46 ./utilities/fsl_debug_console.o
 .text.DbgConsole_ConvertRadixNumToString
                0x00003732      0x114 ./utilities/fsl_debug_console.o
 .text.DbgConsole_PrintfFormattedData
                0x00003846      0x336 ./utilities/fsl_debug_console.o
 .text.Send_String_Poll
                0x00003b7c       0x2e ./source/UARTFunction_polled.o
                0x00003b7c                Send_String_Poll
 .text.GPIO_SetPinsOutput
                0x00003baa       0x18 ./source/led_control.o
 .text.GPIO_ClearPinsOutput
                0x00003bc2       0x18 ./source/led_control.o
 .text.OSC_SetExtRefClkConfig
                0x00003bda       0x3e ./drivers/fsl_clock.o
 .text.OSC_SetCapLoad
                0x00003c18       0x42 ./drivers/fsl_clock.o
 .text.CLOCK_GetPll0RefFreq
                0x00003c5a       0x10 ./drivers/fsl_clock.o
 .text.CLOCK_SetExternalRefClkConfig
                0x00003c6a       0x16 ./drivers/fsl_clock.o
                0x00003c6a                CLOCK_SetExternalRefClkConfig
 .text.GPIO_WritePinOutput
                0x00003c80       0x34 ./drivers/fsl_gpio.o
 .text.LPSCI_GetStatusFlags
                0x00003cb4       0x26 ./drivers/fsl_lpsci.o
                0x00003cb4                LPSCI_GetStatusFlags
 .text.UART_GetStatusFlags
                0x00003cda       0x26 ./drivers/fsl_uart.o
                0x00003cda                UART_GetStatusFlags
 .text.UART_WriteBlocking
                0x00003d00       0x3a ./drivers/fsl_uart.o
                0x00003d00                UART_WriteBlocking
 .text.BOARD_InitBootClocks
                0x00003d3a        0xe ./board/clock_config.o
                0x00003d3a                BOARD_InitBootClocks
 .text.BOARD_InitBootPeripherals
                0x00003d48        0xa ./board/peripherals.o
                0x00003d48                BOARD_InitBootPeripherals
 .text.BOARD_InitBootPins
                0x00003d52        0xe ./board/pin_mux.o
                0x00003d52                BOARD_InitBootPins
 .text.__main   0x00003d60        0xc c:/nxp/mcuxpressoide_11.0.1_2563/ide/plugins/com.nxp.mcuxpresso.tools.win32_11.0.1.201907311258/tools/bin/../lib/gcc/arm-none-eabi/8.2.1/../../../../arm-none-eabi/lib/thumb/v6-m/nofp\libcr_semihost_nf.a(_cr__main.o)
                0x00003d60                __CR_SEMIHOST
                0x00003d60                __main
 .text.memset   0x00003d6c        0x8 c:/nxp/mcuxpressoide_11.0.1_2563/ide/plugins/com.nxp.mcuxpresso.tools.win32_11.0.1.201907311258/tools/bin/../lib/gcc/arm-none-eabi/8.2.1/../../../../arm-none-eabi/lib/thumb/v6-m/nofp\libcr_c.a(memset.o)
                0x00003d6c                memset
 .text.free     0x00003d74       0x2c c:/nxp/mcuxpressoide_11.0.1_2563/ide/plugins/com.nxp.mcuxpresso.tools.win32_11.0.1.201907311258/tools/bin/../lib/gcc/arm-none-eabi/8.2.1/../../../../arm-none-eabi/lib/thumb/v6-m/nofp\libcr_c.a(alloc.o)
                0x00003d74                free
 .text.no_fp_display
                0x00003da0        0x4 c:/nxp/mcuxpressoide_11.0.1_2563/ide/plugins/com.nxp.mcuxpresso.tools.win32_11.0.1.201907311258/tools/bin/../lib/gcc/arm-none-eabi/8.2.1/../../../../arm-none-eabi/lib/thumb/v6-m/nofp\libcr_c.a(printf.o)
 .text.remove   0x00003da4       0x12 c:/nxp/mcuxpressoide_11.0.1_2563/ide/plugins/com.nxp.mcuxpresso.tools.win32_11.0.1.201907311258/tools/bin/../lib/gcc/arm-none-eabi/8.2.1/../../../../arm-none-eabi/lib/thumb/v6-m/nofp\libcr_c.a(remove.o)
                0x00003da4                remove
 .text.__aeabi_division_idivmod
                0x00003db6       0x78 c:/nxp/mcuxpressoide_11.0.1_2563/ide/plugins/com.nxp.mcuxpresso.tools.win32_11.0.1.201907311258/tools/bin/../lib/gcc/arm-none-eabi/8.2.1/thumb/v6-m/nofp\libcr_eabihelpers.a(division_32.o)
                0x00003db6                __aeabi_idivmod
                0x00003db6                __aeabi_idiv
                0x00003dbc                __aeabi_uidivmod
                0x00003dbc                __aeabi_uidiv
 .text.__aeabi_division_idiv0
                0x00003e2e        0x2 c:/nxp/mcuxpressoide_11.0.1_2563/ide/plugins/com.nxp.mcuxpresso.tools.win32_11.0.1.201907311258/tools/bin/../lib/gcc/arm-none-eabi/8.2.1/thumb/v6-m/nofp\libcr_eabihelpers.a(division_idiv0.o)
                0x00003e2e                __aeabi_idiv0
 .text.__aeabi_llong_lmul
                0x00003e30       0x2e c:/nxp/mcuxpressoide_11.0.1_2563/ide/plugins/com.nxp.mcuxpresso.tools.win32_11.0.1.201907311258/tools/bin/../lib/gcc/arm-none-eabi/8.2.1/thumb/v6-m/nofp\libcr_eabihelpers.a(llong.o)
                0x00003e30                __aeabi_lmul
 .text.__aeabi_memset_lowlevel
                0x00003e5e       0x2a c:/nxp/mcuxpressoide_11.0.1_2563/ide/plugins/com.nxp.mcuxpresso.tools.win32_11.0.1.201907311258/tools/bin/../lib/gcc/arm-none-eabi/8.2.1/thumb/v6-m/nofp\libcr_eabihelpers.a(memcpy.o)
                0x00003e5e                __aeabi_lowlevel_memset
 .text.__sys_close
                0x00003e88        0xc c:/nxp/mcuxpressoide_11.0.1_2563/ide/plugins/com.nxp.mcuxpresso.tools.win32_11.0.1.201907311258/tools/bin/../lib/gcc/arm-none-eabi/8.2.1/../../../../arm-none-eabi/lib/thumb/v6-m/nofp\libcr_semihost_nf.a(__sys_close.o)
                0x00003e88                __sys_close
 .text.__sys_flen
                0x00003e94        0xc c:/nxp/mcuxpressoide_11.0.1_2563/ide/plugins/com.nxp.mcuxpresso.tools.win32_11.0.1.201907311258/tools/bin/../lib/gcc/arm-none-eabi/8.2.1/../../../../arm-none-eabi/lib/thumb/v6-m/nofp\libcr_semihost_nf.a(__sys_flen.o)
                0x00003e94                __sys_flen
 .text.__sys_istty
                0x00003ea0        0xc c:/nxp/mcuxpressoide_11.0.1_2563/ide/plugins/com.nxp.mcuxpresso.tools.win32_11.0.1.201907311258/tools/bin/../lib/gcc/arm-none-eabi/8.2.1/../../../../arm-none-eabi/lib/thumb/v6-m/nofp\libcr_semihost_nf.a(__sys_istty.o)
                0x00003ea0                __sys_istty
 .text.__sys_remove
                0x00003eac        0xc c:/nxp/mcuxpressoide_11.0.1_2563/ide/plugins/com.nxp.mcuxpresso.tools.win32_11.0.1.201907311258/tools/bin/../lib/gcc/arm-none-eabi/8.2.1/../../../../arm-none-eabi/lib/thumb/v6-m/nofp\libcr_semihost_nf.a(__sys_remove.o)
                0x00003eac                __sys_remove
 .text.__sys_seek
                0x00003eb8        0xc c:/nxp/mcuxpressoide_11.0.1_2563/ide/plugins/com.nxp.mcuxpresso.tools.win32_11.0.1.201907311258/tools/bin/../lib/gcc/arm-none-eabi/8.2.1/../../../../arm-none-eabi/lib/thumb/v6-m/nofp\libcr_semihost_nf.a(__sys_seek.o)
                0x00003eb8                __sys_seek
 .text.__sys_tmpnam
                0x00003ec4        0xc c:/nxp/mcuxpressoide_11.0.1_2563/ide/plugins/com.nxp.mcuxpresso.tools.win32_11.0.1.201907311258/tools/bin/../lib/gcc/arm-none-eabi/8.2.1/../../../../arm-none-eabi/lib/thumb/v6-m/nofp\libcr_semihost_nf.a(__sys_tmpnam.o)
                0x00003ec4                __sys_tmpnam
 .text.__sys_write
                0x00003ed0        0xc c:/nxp/mcuxpressoide_11.0.1_2563/ide/plugins/com.nxp.mcuxpresso.tools.win32_11.0.1.201907311258/tools/bin/../lib/gcc/arm-none-eabi/8.2.1/../../../../arm-none-eabi/lib/thumb/v6-m/nofp\libcr_semihost_nf.a(__sys_write.o)
                0x00003ed0                __sys_write
 *(SORT_BY_ALIGNMENT(.rodata) SORT_BY_ALIGNMENT(.rodata.*) SORT_BY_ALIGNMENT(.constdata) SORT_BY_ALIGNMENT(.constdata.*))
 .rodata        0x00003edc      0x105 ./source/UARTFunction_Interrupt.o
 *fill*         0x00003fe1        0x3 ff
 .rodata        0x00003fe4       0xe0 ./source/UARTFunction_polled.o
 .rodata        0x000040c4      0x4ab ./source/circular_buffer.o
 *fill*         0x0000456f        0x1 ff
 .rodata        0x00004570      0x1e8 ./source/main.o
 .rodata        0x00004758      0x11d ./drivers/fsl_clock.o
 *fill*         0x00004875        0x3 ff
 .rodata.fllFactorTable.5230
                0x00004878       0x10 ./drivers/fsl_clock.o
 .rodata        0x00004888        0x4 ./drivers/fsl_common.o
 .rodata        0x0000488c       0x62 ./drivers/fsl_gpio.o
 *fill*         0x000048ee        0x2 ff
 .rodata        0x000048f0      0x48c ./drivers/fsl_lpsci.o
 .rodata.s_uartBases
                0x00004d7c        0xc ./drivers/fsl_uart.o
 .rodata.s_uartClock
                0x00004d88        0xc ./drivers/fsl_uart.o
 .rodata        0x00004d94      0x45b ./drivers/fsl_uart.o
 *fill*         0x000051ef        0x1 ff
 .rodata.mcgConfig_BOARD_BootClockRUN
                0x000051f0        0xa ./board/clock_config.o
                0x000051f0                mcgConfig_BOARD_BootClockRUN
 *fill*         0x000051fa        0x2 ff
 .rodata.simConfig_BOARD_BootClockRUN
                0x000051fc        0x8 ./board/clock_config.o
                0x000051fc                simConfig_BOARD_BootClockRUN
 .rodata.oscConfig_BOARD_BootClockRUN
                0x00005204        0x8 ./board/clock_config.o
                0x00005204                oscConfig_BOARD_BootClockRUN
 .rodata.__num_Ciob_streams
                0x0000520c        0x4 c:/nxp/mcuxpressoide_11.0.1_2563/ide/plugins/com.nxp.mcuxpresso.tools.win32_11.0.1.201907311258/tools/bin/../lib/gcc/arm-none-eabi/8.2.1/../../../../arm-none-eabi/lib/thumb/v6-m/nofp\libcr_semihost_nf.a(__ciob.o)
                0x0000520c                __num_Ciob_streams
 .rodata._Csys_alloc.str1.1
                0x00005210       0x18 c:/nxp/mcuxpressoide_11.0.1_2563/ide/plugins/com.nxp.mcuxpresso.tools.win32_11.0.1.201907311258/tools/bin/../lib/gcc/arm-none-eabi/8.2.1/../../../../arm-none-eabi/lib/thumb/v6-m/nofp\libcr_c.a(alloc.o)
 .rodata._initio.str1.1
                0x00005228        0x4 c:/nxp/mcuxpressoide_11.0.1_2563/ide/plugins/com.nxp.mcuxpresso.tools.win32_11.0.1.201907311258/tools/bin/../lib/gcc/arm-none-eabi/8.2.1/../../../../arm-none-eabi/lib/thumb/v6-m/nofp\libcr_c.a(initio.o)
 .rodata.__vfprintf.str1.1
                0x0000522c       0x37 c:/nxp/mcuxpressoide_11.0.1_2563/ide/plugins/com.nxp.mcuxpresso.tools.win32_11.0.1.201907311258/tools/bin/../lib/gcc/arm-none-eabi/8.2.1/../../../../arm-none-eabi/lib/thumb/v6-m/nofp\libcr_c.a(printf.o)
                                 0x38 (size before relaxing)
                0x00005264                . = ALIGN (0x4)
 *fill*         0x00005263        0x1 ff

.glue_7         0x00005264        0x0
 .glue_7        0x00005264        0x0 linker stubs

.glue_7t        0x00005264        0x0
 .glue_7t       0x00005264        0x0 linker stubs

.vfp11_veneer   0x00005264        0x0
 .vfp11_veneer  0x00005264        0x0 linker stubs

.v4_bx          0x00005264        0x0
 .v4_bx         0x00005264        0x0 linker stubs

.iplt           0x00005264        0x0
 .iplt          0x00005264        0x0 ./utilities/fsl_debug_console.o

.rel.dyn        0x00005264        0x0
 .rel.iplt      0x00005264        0x0 ./utilities/fsl_debug_console.o

.ARM.extab
 *(SORT_BY_ALIGNMENT(.ARM.extab*) SORT_BY_ALIGNMENT(.gnu.linkonce.armextab.*))
                0x00005264                __exidx_start = .

.ARM.exidx
 *(SORT_BY_ALIGNMENT(.ARM.exidx*) SORT_BY_ALIGNMENT(.gnu.linkonce.armexidx.*))
                0x00005264                __exidx_end = .
                0x00005264                _etext = .

.m_usb_data
 *(SORT_BY_ALIGNMENT(m_usb_bdt))

.mtb_buffer_default
                0x1ffff000       0x80
 *(SORT_BY_ALIGNMENT(.mtb*))
 .mtb.$RAM1     0x1ffff000       0x80 ./source/mtb.o
                0x1ffff000                __mtb_buffer__

.uninit_RESERVED
                0x1ffff080        0x0
                0x1ffff080                . = ALIGN (0x4)
 *(SORT_BY_ALIGNMENT(.bss.$RESERVED*))
                0x1ffff080                . = ALIGN (0x4)
                0x1ffff080                _end_uninit_RESERVED = .

.data           0x1ffff080        0xc load address 0x00005264
 FILL mask 0xff
                0x1ffff080                _data = .
 *(SORT_BY_ALIGNMENT(vtable))
 *(SORT_BY_ALIGNMENT(.ramfunc*))
 *(SORT_BY_ALIGNMENT(CodeQuickAccess))
 *(SORT_BY_ALIGNMENT(DataQuickAccess))
 *(SORT_BY_ALIGNMENT(RamFunction))
 *(SORT_BY_ALIGNMENT(.data*))
 .data.s_slowIrcFreq
                0x1ffff080        0x4 ./drivers/fsl_clock.o
 .data.SystemCoreClock
                0x1ffff084        0x4 ./CMSIS/system_MKL25Z4.o
                0x1ffff084                SystemCoreClock
 .data.SIZE     0x1ffff088        0x2 ./source/main.o
                0x1ffff088                SIZE
 .data.Status   0x1ffff08a        0x1 ./source/main.o
                0x1ffff08a                Status
                0x1ffff08c                . = ALIGN (0x4)
 *fill*         0x1ffff08b        0x1 ff
                0x1ffff08c                _edata = .

.igot.plt       0x1ffff08c        0x0 load address 0x00005270
 .igot.plt      0x1ffff08c        0x0 ./utilities/fsl_debug_console.o

.bss            0x1ffff08c       0xf4 load address 0x00005270
                0x1ffff08c                . = ALIGN (0x4)
                0x1ffff08c                _bss = .
 *(SORT_BY_ALIGNMENT(.bss*))
 .bss.s_debugConsole
                0x1ffff08c       0x10 ./utilities/fsl_debug_console.o
 .bss.g_xtal0Freq
                0x1ffff09c        0x4 ./drivers/fsl_clock.o
                0x1ffff09c                g_xtal0Freq
 .bss.s_lpsciHandle
                0x1ffff0a0        0x4 ./drivers/fsl_lpsci.o
 .bss.s_lpsciIsr
                0x1ffff0a4        0x4 ./drivers/fsl_lpsci.o
 .bss.s_uartHandle
                0x1ffff0a8        0xc ./drivers/fsl_uart.o
 .bss.s_uartIsr
                0x1ffff0b4        0x4 ./drivers/fsl_uart.o
 .bss.__end_of_heap
                0x1ffff0b8        0x4 c:/nxp/mcuxpressoide_11.0.1_2563/ide/plugins/com.nxp.mcuxpresso.tools.win32_11.0.1.201907311258/tools/bin/../lib/gcc/arm-none-eabi/8.2.1/../../../../arm-none-eabi/lib/thumb/v6-m/nofp\libcr_c.a(__init_alloc.o)
                0x1ffff0b8                __end_of_heap
 .bss.__heaps   0x1ffff0bc        0x4 c:/nxp/mcuxpressoide_11.0.1_2563/ide/plugins/com.nxp.mcuxpresso.tools.win32_11.0.1.201907311258/tools/bin/../lib/gcc/arm-none-eabi/8.2.1/../../../../arm-none-eabi/lib/thumb/v6-m/nofp\libcr_c.a(__init_alloc.o)
                0x1ffff0bc                __heaps
 .bss.errno     0x1ffff0c0        0x4 c:/nxp/mcuxpressoide_11.0.1_2563/ide/plugins/com.nxp.mcuxpresso.tools.win32_11.0.1.201907311258/tools/bin/../lib/gcc/arm-none-eabi/8.2.1/../../../../arm-none-eabi/lib/thumb/v6-m/nofp\libcr_c.a(errno.o)
                0x1ffff0c0                errno
 .bss.__Ciob    0x1ffff0c4       0xb4 c:/nxp/mcuxpressoide_11.0.1_2563/ide/plugins/com.nxp.mcuxpresso.tools.win32_11.0.1.201907311258/tools/bin/../lib/gcc/arm-none-eabi/8.2.1/../../../../arm-none-eabi/lib/thumb/v6-m/nofp\libcr_semihost_nf.a(__ciob.o)
                0x1ffff0c4                __Ciob
 .bss.Log_Status_Flag
                0x1ffff178        0x1 ./source/Logger.o
                0x1ffff178                Log_Status_Flag
 .bss.character_recieve
                0x1ffff179        0x1 ./source/UARTFunction_Interrupt.o
                0x1ffff179                character_recieve
 .bss.character_transmit
                0x1ffff17a        0x1 ./source/UARTFunction_Interrupt.o
                0x1ffff17a                character_transmit
 .bss.flag      0x1ffff17b        0x1 ./source/UARTFunction_Interrupt.o
                0x1ffff17b                flag
 .bss.txavailable
                0x1ffff17c        0x1 ./source/UARTFunction_Interrupt.o
                0x1ffff17c                txavailable
 .bss.status_flag
                0x1ffff17d        0x1 ./source/circular_buffer.o
                0x1ffff17d                status_flag
 *(SORT_BY_ALIGNMENT(COMMON))
                0x1ffff180                . = ALIGN (0x4)
 *fill*         0x1ffff17e        0x2 
                0x1ffff180                _ebss = .
                [!provide]                PROVIDE (end = .)

.noinit         0x1ffff180        0x0 load address 0x00005270
                0x1ffff180                . = ALIGN (0x4)
                0x1ffff180                _noinit = .
 *(SORT_BY_ALIGNMENT(.noinit*))
                0x1ffff180                . = ALIGN (0x4)
                0x1ffff180                _end_noinit = .
                0x00000400                _HeapSize = 0x400

.heap           0x1ffff180      0x400 load address 0x00005270
                0x1ffff180                _pvHeapStart = .
                0x1ffff580                . = (. + _HeapSize)
 *fill*         0x1ffff180      0x400 
                0x1ffff580                . = ALIGN (0x4)
                0x1ffff580                _pvHeapLimit = .
                0x00000400                _StackSize = 0x400

.heap2stackfill
                0x1ffff580      0x400 load address 0x00005270
                0x1ffff980                . = (. + _StackSize)
 *fill*         0x1ffff580      0x400 

.stack          0x20002c00        0x0
                0x20002c00                _vStackBase = .
                0x20002c00                . = ALIGN (0x4)
                0x20003000                _vStackTop = (. + _StackSize)
                0x00000000                _image_start = LOADADDR (.text)
                0x00005270                _image_end = (LOADADDR (.data) + SIZEOF (.data))
                0x00005270                _image_size = (_image_end - _image_start)
OUTPUT(Uart_Trial.axf elf32-littlearm)

.debug_info     0x00000000     0xb2ea
 .debug_info    0x00000000      0xe72 ./utilities/fsl_debug_console.o
 .debug_info    0x00000e72      0x4df ./startup/startup_mkl25z4.o
 .debug_info    0x00001351      0x7b1 ./source/Logger.o
 .debug_info    0x00001b02      0xea1 ./source/UARTFunction_Interrupt.o
 .debug_info    0x000029a3      0xbc8 ./source/UARTFunction_polled.o
 .debug_info    0x0000356b      0x46c ./source/circular_buffer.o
 .debug_info    0x000039d7      0x71d ./source/led_control.o
 .debug_info    0x000040f4      0x8d5 ./source/main.o
 .debug_info    0x000049c9       0x53 ./source/mtb.o
 .debug_info    0x00004a1c     0x1a97 ./drivers/fsl_clock.o
 .debug_info    0x000064b3      0x44e ./drivers/fsl_common.o
 .debug_info    0x00006901      0x566 ./drivers/fsl_gpio.o
 .debug_info    0x00006e67     0x1469 ./drivers/fsl_lpsci.o
 .debug_info    0x000082d0     0x140a ./drivers/fsl_uart.o
 .debug_info    0x000096da      0x6fa ./board/board.o
 .debug_info    0x00009dd4      0xafe ./board/clock_config.o
 .debug_info    0x0000a8d2       0x3c ./board/peripherals.o
 .debug_info    0x0000a90e      0x5a3 ./board/pin_mux.o
 .debug_info    0x0000aeb1      0x439 ./CMSIS/system_MKL25Z4.o

.debug_abbrev   0x00000000     0x2512
 .debug_abbrev  0x00000000      0x2d7 ./utilities/fsl_debug_console.o
 .debug_abbrev  0x000002d7      0x18d ./startup/startup_mkl25z4.o
 .debug_abbrev  0x00000464      0x1bb ./source/Logger.o
 .debug_abbrev  0x0000061f      0x2b2 ./source/UARTFunction_Interrupt.o
 .debug_abbrev  0x000008d1      0x257 ./source/UARTFunction_polled.o
 .debug_abbrev  0x00000b28      0x161 ./source/circular_buffer.o
 .debug_abbrev  0x00000c89      0x203 ./source/led_control.o
 .debug_abbrev  0x00000e8c      0x197 ./source/main.o
 .debug_abbrev  0x00001023       0x46 ./source/mtb.o
 .debug_abbrev  0x00001069      0x36f ./drivers/fsl_clock.o
 .debug_abbrev  0x000013d8      0x27e ./drivers/fsl_common.o
 .debug_abbrev  0x00001656      0x1b8 ./drivers/fsl_gpio.o
 .debug_abbrev  0x0000180e      0x309 ./drivers/fsl_lpsci.o
 .debug_abbrev  0x00001b17      0x323 ./drivers/fsl_uart.o
 .debug_abbrev  0x00001e3a      0x185 ./board/board.o
 .debug_abbrev  0x00001fbf      0x211 ./board/clock_config.o
 .debug_abbrev  0x000021d0       0x31 ./board/peripherals.o
 .debug_abbrev  0x00002201      0x1bb ./board/pin_mux.o
 .debug_abbrev  0x000023bc      0x156 ./CMSIS/system_MKL25Z4.o

.debug_aranges  0x00000000      0x990
 .debug_aranges
                0x00000000       0x90 ./utilities/fsl_debug_console.o
 .debug_aranges
                0x00000090      0x160 ./startup/startup_mkl25z4.o
 .debug_aranges
                0x000001f0       0x50 ./source/Logger.o
 .debug_aranges
                0x00000240       0x70 ./source/UARTFunction_Interrupt.o
 .debug_aranges
                0x000002b0       0x70 ./source/UARTFunction_polled.o
 .debug_aranges
                0x00000320       0x60 ./source/circular_buffer.o
 .debug_aranges
                0x00000380       0x40 ./source/led_control.o
 .debug_aranges
                0x000003c0       0x20 ./source/main.o
 .debug_aranges
                0x000003e0       0x18 ./source/mtb.o
 .debug_aranges
                0x000003f8      0x1d8 ./drivers/fsl_clock.o
 .debug_aranges
                0x000005d0       0x38 ./drivers/fsl_common.o
 .debug_aranges
                0x00000608       0x40 ./drivers/fsl_gpio.o
 .debug_aranges
                0x00000648      0x118 ./drivers/fsl_lpsci.o
 .debug_aranges
                0x00000760      0x130 ./drivers/fsl_uart.o
 .debug_aranges
                0x00000890       0x28 ./board/board.o
 .debug_aranges
                0x000008b8       0x58 ./board/clock_config.o
 .debug_aranges
                0x00000910       0x20 ./board/peripherals.o
 .debug_aranges
                0x00000930       0x38 ./board/pin_mux.o
 .debug_aranges
                0x00000968       0x28 ./CMSIS/system_MKL25Z4.o

.debug_ranges   0x00000000      0x858
 .debug_ranges  0x00000000       0x80 ./utilities/fsl_debug_console.o
 .debug_ranges  0x00000080      0x150 ./startup/startup_mkl25z4.o
 .debug_ranges  0x000001d0       0x40 ./source/Logger.o
 .debug_ranges  0x00000210       0x60 ./source/UARTFunction_Interrupt.o
 .debug_ranges  0x00000270       0x60 ./source/UARTFunction_polled.o
 .debug_ranges  0x000002d0       0x50 ./source/circular_buffer.o
 .debug_ranges  0x00000320       0x30 ./source/led_control.o
 .debug_ranges  0x00000350       0x10 ./source/main.o
 .debug_ranges  0x00000360      0x1c8 ./drivers/fsl_clock.o
 .debug_ranges  0x00000528       0x28 ./drivers/fsl_common.o
 .debug_ranges  0x00000550       0x30 ./drivers/fsl_gpio.o
 .debug_ranges  0x00000580      0x108 ./drivers/fsl_lpsci.o
 .debug_ranges  0x00000688      0x120 ./drivers/fsl_uart.o
 .debug_ranges  0x000007a8       0x18 ./board/board.o
 .debug_ranges  0x000007c0       0x48 ./board/clock_config.o
 .debug_ranges  0x00000808       0x10 ./board/peripherals.o
 .debug_ranges  0x00000818       0x28 ./board/pin_mux.o
 .debug_ranges  0x00000840       0x18 ./CMSIS/system_MKL25Z4.o

.debug_macro    0x00000000     0x95ea
 .debug_macro   0x00000000      0x127 ./utilities/fsl_debug_console.o
 .debug_macro   0x00000127      0xaa8 ./utilities/fsl_debug_console.o
 .debug_macro   0x00000bcf       0x10 ./utilities/fsl_debug_console.o
 .debug_macro   0x00000bdf       0x16 ./utilities/fsl_debug_console.o
 .debug_macro   0x00000bf5       0x10 ./utilities/fsl_debug_console.o
 .debug_macro   0x00000c05      0x12e ./utilities/fsl_debug_console.o
 .debug_macro   0x00000d33       0x28 ./utilities/fsl_debug_console.o
 .debug_macro   0x00000d5b       0xc4 ./utilities/fsl_debug_console.o
 .debug_macro   0x00000e1f       0x16 ./utilities/fsl_debug_console.o
 .debug_macro   0x00000e35       0x22 ./utilities/fsl_debug_console.o
 .debug_macro   0x00000e57      0x5b3 ./utilities/fsl_debug_console.o
 .debug_macro   0x0000140a       0x10 ./utilities/fsl_debug_console.o
 .debug_macro   0x0000141a       0x3f ./utilities/fsl_debug_console.o
 .debug_macro   0x00001459       0x3a ./utilities/fsl_debug_console.o
 .debug_macro   0x00001493       0x26 ./utilities/fsl_debug_console.o
 .debug_macro   0x000014b9      0x329 ./utilities/fsl_debug_console.o
 .debug_macro   0x000017e2       0x30 ./utilities/fsl_debug_console.o
 .debug_macro   0x00001812     0x51e2 ./utilities/fsl_debug_console.o
 .debug_macro   0x000069f4     0x1352 ./utilities/fsl_debug_console.o
 .debug_macro   0x00007d46       0x3a ./utilities/fsl_debug_console.o
 .debug_macro   0x00007d80       0xf4 ./utilities/fsl_debug_console.o
 .debug_macro   0x00007e74       0x35 ./utilities/fsl_debug_console.o
 .debug_macro   0x00007ea9       0x2e ./utilities/fsl_debug_console.o
 .debug_macro   0x00007ed7       0x10 ./utilities/fsl_debug_console.o
 .debug_macro   0x00007ee7       0x10 ./utilities/fsl_debug_console.o
 .debug_macro   0x00007ef7       0x29 ./startup/startup_mkl25z4.o
 .debug_macro   0x00007f20      0x19a ./source/Logger.o
 .debug_macro   0x000080ba       0xd8 ./source/Logger.o
 .debug_macro   0x00008192       0x16 ./source/Logger.o
 .debug_macro   0x000081a8       0x10 ./source/Logger.o
 .debug_macro   0x000081b8      0x112 ./source/Logger.o
 .debug_macro   0x000082ca       0x64 ./source/Logger.o
 .debug_macro   0x0000832e       0x34 ./source/Logger.o
 .debug_macro   0x00008362       0x22 ./source/Logger.o
 .debug_macro   0x00008384      0x177 ./source/UARTFunction_Interrupt.o
 .debug_macro   0x000084fb      0x17a ./source/UARTFunction_polled.o
 .debug_macro   0x00008675       0x94 ./source/circular_buffer.o
 .debug_macro   0x00008709       0xd2 ./source/circular_buffer.o
 .debug_macro   0x000087db      0x137 ./source/led_control.o
 .debug_macro   0x00008912      0x1aa ./source/main.o
 .debug_macro   0x00008abc       0x10 ./source/main.o
 .debug_macro   0x00008acc      0x110 ./source/main.o
 .debug_macro   0x00008bdc       0x2f ./source/mtb.o
 .debug_macro   0x00008c0b       0x82 ./source/mtb.o
 .debug_macro   0x00008c8d       0x10 ./source/mtb.o
 .debug_macro   0x00008c9d      0x196 ./drivers/fsl_clock.o
 .debug_macro   0x00008e33       0x1c ./drivers/fsl_clock.o
 .debug_macro   0x00008e4f       0xef ./drivers/fsl_common.o
 .debug_macro   0x00008f3e       0xec ./drivers/fsl_gpio.o
 .debug_macro   0x0000902a       0xec ./drivers/fsl_lpsci.o
 .debug_macro   0x00009116       0xf2 ./drivers/fsl_uart.o
 .debug_macro   0x00009208      0x112 ./board/board.o
 .debug_macro   0x0000931a      0x123 ./board/clock_config.o
 .debug_macro   0x0000943d       0x1b ./board/peripherals.o
 .debug_macro   0x00009458       0xee ./board/pin_mux.o
 .debug_macro   0x00009546       0x10 ./board/pin_mux.o
 .debug_macro   0x00009556       0x94 ./CMSIS/system_MKL25Z4.o

.debug_line     0x00000000     0x6aa9
 .debug_line    0x00000000      0xc18 ./utilities/fsl_debug_console.o
 .debug_line    0x00000c18      0x1e7 ./startup/startup_mkl25z4.o
 .debug_line    0x00000dff      0x413 ./source/Logger.o
 .debug_line    0x00001212      0x5df ./source/UARTFunction_Interrupt.o
 .debug_line    0x000017f1      0x564 ./source/UARTFunction_polled.o
 .debug_line    0x00001d55      0x3e1 ./source/circular_buffer.o
 .debug_line    0x00002136      0x38a ./source/led_control.o
 .debug_line    0x000024c0      0x487 ./source/main.o
 .debug_line    0x00002947       0xd1 ./source/mtb.o
 .debug_line    0x00002a18     0x12b1 ./drivers/fsl_clock.o
 .debug_line    0x00003cc9      0x350 ./drivers/fsl_common.o
 .debug_line    0x00004019      0x34b ./drivers/fsl_gpio.o
 .debug_line    0x00004364      0xd32 ./drivers/fsl_lpsci.o
 .debug_line    0x00005096      0xd21 ./drivers/fsl_uart.o
 .debug_line    0x00005db7      0x2e3 ./board/board.o
 .debug_line    0x0000609a      0x373 ./board/clock_config.o
 .debug_line    0x0000640d       0x5c ./board/peripherals.o
 .debug_line    0x00006469      0x301 ./board/pin_mux.o
 .debug_line    0x0000676a      0x33f ./CMSIS/system_MKL25Z4.o

.debug_str      0x00000000    0x37799
 .debug_str     0x00000000    0x314ca ./utilities/fsl_debug_console.o
                              0x3176e (size before relaxing)
 .debug_str     0x000314ca      0x3e1 ./startup/startup_mkl25z4.o
                               0x31c1 (size before relaxing)
 .debug_str     0x000318ab     0x144c ./source/Logger.o
                              0x323b7 (size before relaxing)
 .debug_str     0x00032cf7      0x4ba ./source/UARTFunction_Interrupt.o
                              0x32293 (size before relaxing)
 .debug_str     0x000331b1       0xc5 ./source/UARTFunction_polled.o
                              0x31f77 (size before relaxing)
 .debug_str     0x00033276      0x157 ./source/circular_buffer.o
                               0x4af7 (size before relaxing)
 .debug_str     0x000333cd      0x145 ./source/led_control.o
                              0x3193e (size before relaxing)
 .debug_str     0x00033512      0xffb ./source/main.o
                              0x32e94 (size before relaxing)
 .debug_str     0x0003450d      0x532 ./source/mtb.o
                               0x32cd (size before relaxing)
 .debug_str     0x00034a3f     0x14d2 ./drivers/fsl_clock.o
                              0x322c8 (size before relaxing)
 .debug_str     0x00035f11      0x113 ./drivers/fsl_common.o
                              0x308af (size before relaxing)
 .debug_str     0x00036024       0xb1 ./drivers/fsl_gpio.o
                              0x30b2d (size before relaxing)
 .debug_str     0x000360d5      0x93b ./drivers/fsl_lpsci.o
                              0x318d0 (size before relaxing)
 .debug_str     0x00036a10      0x832 ./drivers/fsl_uart.o
                              0x318f3 (size before relaxing)
 .debug_str     0x00037242       0x4c ./board/board.o
                              0x3140d (size before relaxing)
 .debug_str     0x0003728e      0x300 ./board/clock_config.o
                              0x311f6 (size before relaxing)
 .debug_str     0x0003758e       0x31 ./board/peripherals.o
                               0x2dcb (size before relaxing)
 .debug_str     0x000375bf      0x18b ./board/pin_mux.o
                              0x30b0a (size before relaxing)
 .debug_str     0x0003774a       0x4f ./CMSIS/system_MKL25Z4.o
                              0x2fc32 (size before relaxing)

.comment        0x00000000       0x75
 .comment       0x00000000       0x75 ./utilities/fsl_debug_console.o
                                 0x76 (size before relaxing)
 .comment       0x00000075       0x76 ./startup/startup_mkl25z4.o
 .comment       0x00000075       0x76 ./source/Logger.o
 .comment       0x00000075       0x76 ./source/UARTFunction_Interrupt.o
 .comment       0x00000075       0x76 ./source/UARTFunction_polled.o
 .comment       0x00000075       0x76 ./source/circular_buffer.o
 .comment       0x00000075       0x76 ./source/led_control.o
 .comment       0x00000075       0x76 ./source/main.o
 .comment       0x00000075       0x76 ./source/mtb.o
 .comment       0x00000075       0x76 ./drivers/fsl_clock.o
 .comment       0x00000075       0x76 ./drivers/fsl_common.o
 .comment       0x00000075       0x76 ./drivers/fsl_gpio.o
 .comment       0x00000075       0x76 ./drivers/fsl_lpsci.o
 .comment       0x00000075       0x76 ./drivers/fsl_uart.o
 .comment       0x00000075       0x76 ./board/board.o
 .comment       0x00000075       0x76 ./board/clock_config.o
 .comment       0x00000075       0x76 ./board/peripherals.o
 .comment       0x00000075       0x76 ./board/pin_mux.o
 .comment       0x00000075       0x76 ./CMSIS/system_MKL25Z4.o
 .comment       0x00000075       0x76 c:/nxp/mcuxpressoide_11.0.1_2563/ide/plugins/com.nxp.mcuxpresso.tools.win32_11.0.1.201907311258/tools/bin/../lib/gcc/arm-none-eabi/8.2.1/../../../../arm-none-eabi/lib/thumb/v6-m/nofp\libcr_semihost_nf.a(_cr__main.o)
 .comment       0x00000075       0x76 c:/nxp/mcuxpressoide_11.0.1_2563/ide/plugins/com.nxp.mcuxpresso.tools.win32_11.0.1.201907311258/tools/bin/../lib/gcc/arm-none-eabi/8.2.1/../../../../arm-none-eabi/lib/thumb/v6-m/nofp\libcr_c.a(memset.o)
 .comment       0x00000075       0x76 c:/nxp/mcuxpressoide_11.0.1_2563/ide/plugins/com.nxp.mcuxpresso.tools.win32_11.0.1.201907311258/tools/bin/../lib/gcc/arm-none-eabi/8.2.1/../../../../arm-none-eabi/lib/thumb/v6-m/nofp\libcr_c.a(alloc.o)
 .comment       0x00000075       0x76 c:/nxp/mcuxpressoide_11.0.1_2563/ide/plugins/com.nxp.mcuxpresso.tools.win32_11.0.1.201907311258/tools/bin/../lib/gcc/arm-none-eabi/8.2.1/../../../../arm-none-eabi/lib/thumb/v6-m/nofp\libcr_c.a(initio.o)
 .comment       0x00000075       0x76 c:/nxp/mcuxpressoide_11.0.1_2563/ide/plugins/com.nxp.mcuxpresso.tools.win32_11.0.1.201907311258/tools/bin/../lib/gcc/arm-none-eabi/8.2.1/../../../../arm-none-eabi/lib/thumb/v6-m/nofp\libcr_c.a(printf.o)
 .comment       0x00000075       0x76 c:/nxp/mcuxpressoide_11.0.1_2563/ide/plugins/com.nxp.mcuxpresso.tools.win32_11.0.1.201907311258/tools/bin/../lib/gcc/arm-none-eabi/8.2.1/../../../../arm-none-eabi/lib/thumb/v6-m/nofp\libcr_c.a(setvbuf.o)
 .comment       0x00000075       0x76 c:/nxp/mcuxpressoide_11.0.1_2563/ide/plugins/com.nxp.mcuxpresso.tools.win32_11.0.1.201907311258/tools/bin/../lib/gcc/arm-none-eabi/8.2.1/../../../../arm-none-eabi/lib/thumb/v6-m/nofp\libcr_c.a(strlen.o)
 .comment       0x00000075       0x76 c:/nxp/mcuxpressoide_11.0.1_2563/ide/plugins/com.nxp.mcuxpresso.tools.win32_11.0.1.201907311258/tools/bin/../lib/gcc/arm-none-eabi/8.2.1/../../../../arm-none-eabi/lib/thumb/v6-m/nofp\libcr_c.a(__init_alloc.o)
 .comment       0x00000075       0x76 c:/nxp/mcuxpressoide_11.0.1_2563/ide/plugins/com.nxp.mcuxpresso.tools.win32_11.0.1.201907311258/tools/bin/../lib/gcc/arm-none-eabi/8.2.1/../../../../arm-none-eabi/lib/thumb/v6-m/nofp\libcr_c.a(_cr_sbrk.o)
 .comment       0x00000075       0x76 c:/nxp/mcuxpressoide_11.0.1_2563/ide/plugins/com.nxp.mcuxpresso.tools.win32_11.0.1.201907311258/tools/bin/../lib/gcc/arm-none-eabi/8.2.1/../../../../arm-none-eabi/lib/thumb/v6-m/nofp\libcr_c.a(_deferredlazyseek.o)
 .comment       0x00000075       0x76 c:/nxp/mcuxpressoide_11.0.1_2563/ide/plugins/com.nxp.mcuxpresso.tools.win32_11.0.1.201907311258/tools/bin/../lib/gcc/arm-none-eabi/8.2.1/../../../../arm-none-eabi/lib/thumb/v6-m/nofp\libcr_c.a(_fdopen.o)
 .comment       0x00000075       0x76 c:/nxp/mcuxpressoide_11.0.1_2563/ide/plugins/com.nxp.mcuxpresso.tools.win32_11.0.1.201907311258/tools/bin/../lib/gcc/arm-none-eabi/8.2.1/../../../../arm-none-eabi/lib/thumb/v6-m/nofp\libcr_c.a(_fflush.o)
 .comment       0x00000075       0x76 c:/nxp/mcuxpressoide_11.0.1_2563/ide/plugins/com.nxp.mcuxpresso.tools.win32_11.0.1.201907311258/tools/bin/../lib/gcc/arm-none-eabi/8.2.1/../../../../arm-none-eabi/lib/thumb/v6-m/nofp\libcr_c.a(_writebuf.o)
 .comment       0x00000075       0x76 c:/nxp/mcuxpressoide_11.0.1_2563/ide/plugins/com.nxp.mcuxpresso.tools.win32_11.0.1.201907311258/tools/bin/../lib/gcc/arm-none-eabi/8.2.1/../../../../arm-none-eabi/lib/thumb/v6-m/nofp\libcr_c.a(errno.o)
 .comment       0x00000075       0x76 c:/nxp/mcuxpressoide_11.0.1_2563/ide/plugins/com.nxp.mcuxpresso.tools.win32_11.0.1.201907311258/tools/bin/../lib/gcc/arm-none-eabi/8.2.1/../../../../arm-none-eabi/lib/thumb/v6-m/nofp\libcr_c.a(fclose.o)
 .comment       0x00000075       0x76 c:/nxp/mcuxpressoide_11.0.1_2563/ide/plugins/com.nxp.mcuxpresso.tools.win32_11.0.1.201907311258/tools/bin/../lib/gcc/arm-none-eabi/8.2.1/../../../../arm-none-eabi/lib/thumb/v6-m/nofp\libcr_c.a(fflush.o)
 .comment       0x00000075       0x76 c:/nxp/mcuxpressoide_11.0.1_2563/ide/plugins/com.nxp.mcuxpresso.tools.win32_11.0.1.201907311258/tools/bin/../lib/gcc/arm-none-eabi/8.2.1/../../../../arm-none-eabi/lib/thumb/v6-m/nofp\libcr_c.a(fseek.o)
 .comment       0x00000075       0x76 c:/nxp/mcuxpressoide_11.0.1_2563/ide/plugins/com.nxp.mcuxpresso.tools.win32_11.0.1.201907311258/tools/bin/../lib/gcc/arm-none-eabi/8.2.1/../../../../arm-none-eabi/lib/thumb/v6-m/nofp\libcr_c.a(ftell.o)
 .comment       0x00000075       0x76 c:/nxp/mcuxpressoide_11.0.1_2563/ide/plugins/com.nxp.mcuxpresso.tools.win32_11.0.1.201907311258/tools/bin/../lib/gcc/arm-none-eabi/8.2.1/../../../../arm-none-eabi/lib/thumb/v6-m/nofp\libcr_c.a(remove.o)
 .comment       0x00000075       0x76 c:/nxp/mcuxpressoide_11.0.1_2563/ide/plugins/com.nxp.mcuxpresso.tools.win32_11.0.1.201907311258/tools/bin/../lib/gcc/arm-none-eabi/8.2.1/../../../../arm-none-eabi/lib/thumb/v6-m/nofp\libcr_c.a(_cr_check_heap.o)
 .comment       0x00000075       0x76 c:/nxp/mcuxpressoide_11.0.1_2563/ide/plugins/com.nxp.mcuxpresso.tools.win32_11.0.1.201907311258/tools/bin/../lib/gcc/arm-none-eabi/8.2.1/../../../../arm-none-eabi/lib/thumb/v6-m/nofp\libcr_c.a(_do_fflush.o)
 .comment       0x00000075       0x76 c:/nxp/mcuxpressoide_11.0.1_2563/ide/plugins/com.nxp.mcuxpresso.tools.win32_11.0.1.201907311258/tools/bin/../lib/gcc/arm-none-eabi/8.2.1/../../../../arm-none-eabi/lib/thumb/v6-m/nofp\libcr_semihost_nf.a(__ciob.o)

.ARM.attributes
                0x00000000       0x2a
 .ARM.attributes
                0x00000000       0x2c ./utilities/fsl_debug_console.o
 .ARM.attributes
                0x0000002c       0x2c ./startup/startup_mkl25z4.o
 .ARM.attributes
                0x00000058       0x2c ./source/Logger.o
 .ARM.attributes
                0x00000084       0x2c ./source/UARTFunction_Interrupt.o
 .ARM.attributes
                0x000000b0       0x2c ./source/UARTFunction_polled.o
 .ARM.attributes
                0x000000dc       0x2c ./source/circular_buffer.o
 .ARM.attributes
                0x00000108       0x2c ./source/led_control.o
 .ARM.attributes
                0x00000134       0x2c ./source/main.o
 .ARM.attributes
                0x00000160       0x32 ./source/mtb.o
 .ARM.attributes
                0x00000192       0x2c ./drivers/fsl_clock.o
 .ARM.attributes
                0x000001be       0x2c ./drivers/fsl_common.o
 .ARM.attributes
                0x000001ea       0x2c ./drivers/fsl_gpio.o
 .ARM.attributes
                0x00000216       0x2c ./drivers/fsl_lpsci.o
 .ARM.attributes
                0x00000242       0x2c ./drivers/fsl_uart.o
 .ARM.attributes
                0x0000026e       0x2c ./board/board.o
 .ARM.attributes
                0x0000029a       0x2c ./board/clock_config.o
 .ARM.attributes
                0x000002c6       0x2c ./board/peripherals.o
 .ARM.attributes
                0x000002f2       0x2c ./board/pin_mux.o
 .ARM.attributes
                0x0000031e       0x2c ./CMSIS/system_MKL25Z4.o
 .ARM.attributes
                0x0000034a       0x2c c:/nxp/mcuxpressoide_11.0.1_2563/ide/plugins/com.nxp.mcuxpresso.tools.win32_11.0.1.201907311258/tools/bin/../lib/gcc/arm-none-eabi/8.2.1/../../../../arm-none-eabi/lib/thumb/v6-m/nofp\libcr_semihost_nf.a(_cr__main.o)
 .ARM.attributes
                0x00000376       0x2c c:/nxp/mcuxpressoide_11.0.1_2563/ide/plugins/com.nxp.mcuxpresso.tools.win32_11.0.1.201907311258/tools/bin/../lib/gcc/arm-none-eabi/8.2.1/../../../../arm-none-eabi/lib/thumb/v6-m/nofp\libcr_c.a(memset.o)
 .ARM.attributes
                0x000003a2       0x2c c:/nxp/mcuxpressoide_11.0.1_2563/ide/plugins/com.nxp.mcuxpresso.tools.win32_11.0.1.201907311258/tools/bin/../lib/gcc/arm-none-eabi/8.2.1/../../../../arm-none-eabi/lib/thumb/v6-m/nofp\libcr_c.a(alloc.o)
 .ARM.attributes
                0x000003ce       0x2c c:/nxp/mcuxpressoide_11.0.1_2563/ide/plugins/com.nxp.mcuxpresso.tools.win32_11.0.1.201907311258/tools/bin/../lib/gcc/arm-none-eabi/8.2.1/../../../../arm-none-eabi/lib/thumb/v6-m/nofp\libcr_c.a(initio.o)
 .ARM.attributes
                0x000003fa       0x2c c:/nxp/mcuxpressoide_11.0.1_2563/ide/plugins/com.nxp.mcuxpresso.tools.win32_11.0.1.201907311258/tools/bin/../lib/gcc/arm-none-eabi/8.2.1/../../../../arm-none-eabi/lib/thumb/v6-m/nofp\libcr_c.a(printf.o)
 .ARM.attributes
                0x00000426       0x2c c:/nxp/mcuxpressoide_11.0.1_2563/ide/plugins/com.nxp.mcuxpresso.tools.win32_11.0.1.201907311258/tools/bin/../lib/gcc/arm-none-eabi/8.2.1/../../../../arm-none-eabi/lib/thumb/v6-m/nofp\libcr_c.a(setvbuf.o)
 .ARM.attributes
                0x00000452       0x2c c:/nxp/mcuxpressoide_11.0.1_2563/ide/plugins/com.nxp.mcuxpresso.tools.win32_11.0.1.201907311258/tools/bin/../lib/gcc/arm-none-eabi/8.2.1/../../../../arm-none-eabi/lib/thumb/v6-m/nofp\libcr_c.a(strlen.o)
 .ARM.attributes
                0x0000047e       0x2c c:/nxp/mcuxpressoide_11.0.1_2563/ide/plugins/com.nxp.mcuxpresso.tools.win32_11.0.1.201907311258/tools/bin/../lib/gcc/arm-none-eabi/8.2.1/../../../../arm-none-eabi/lib/thumb/v6-m/nofp\libcr_c.a(__init_alloc.o)
 .ARM.attributes
                0x000004aa       0x2c c:/nxp/mcuxpressoide_11.0.1_2563/ide/plugins/com.nxp.mcuxpresso.tools.win32_11.0.1.201907311258/tools/bin/../lib/gcc/arm-none-eabi/8.2.1/../../../../arm-none-eabi/lib/thumb/v6-m/nofp\libcr_c.a(_cr_sbrk.o)
 .ARM.attributes
                0x000004d6       0x2c c:/nxp/mcuxpressoide_11.0.1_2563/ide/plugins/com.nxp.mcuxpresso.tools.win32_11.0.1.201907311258/tools/bin/../lib/gcc/arm-none-eabi/8.2.1/../../../../arm-none-eabi/lib/thumb/v6-m/nofp\libcr_c.a(_deferredlazyseek.o)
 .ARM.attributes
                0x00000502       0x2c c:/nxp/mcuxpressoide_11.0.1_2563/ide/plugins/com.nxp.mcuxpresso.tools.win32_11.0.1.201907311258/tools/bin/../lib/gcc/arm-none-eabi/8.2.1/../../../../arm-none-eabi/lib/thumb/v6-m/nofp\libcr_c.a(_fdopen.o)
 .ARM.attributes
                0x0000052e       0x2c c:/nxp/mcuxpressoide_11.0.1_2563/ide/plugins/com.nxp.mcuxpresso.tools.win32_11.0.1.201907311258/tools/bin/../lib/gcc/arm-none-eabi/8.2.1/../../../../arm-none-eabi/lib/thumb/v6-m/nofp\libcr_c.a(_fflush.o)
 .ARM.attributes
                0x0000055a       0x2c c:/nxp/mcuxpressoide_11.0.1_2563/ide/plugins/com.nxp.mcuxpresso.tools.win32_11.0.1.201907311258/tools/bin/../lib/gcc/arm-none-eabi/8.2.1/../../../../arm-none-eabi/lib/thumb/v6-m/nofp\libcr_c.a(_writebuf.o)
 .ARM.attributes
                0x00000586       0x31 c:/nxp/mcuxpressoide_11.0.1_2563/ide/plugins/com.nxp.mcuxpresso.tools.win32_11.0.1.201907311258/tools/bin/../lib/gcc/arm-none-eabi/8.2.1/../../../../arm-none-eabi/lib/thumb/v6-m/nofp\libcr_c.a(errno.o)
 .ARM.attributes
                0x000005b7       0x2c c:/nxp/mcuxpressoide_11.0.1_2563/ide/plugins/com.nxp.mcuxpresso.tools.win32_11.0.1.201907311258/tools/bin/../lib/gcc/arm-none-eabi/8.2.1/../../../../arm-none-eabi/lib/thumb/v6-m/nofp\libcr_c.a(fclose.o)
 .ARM.attributes
                0x000005e3       0x2c c:/nxp/mcuxpressoide_11.0.1_2563/ide/plugins/com.nxp.mcuxpresso.tools.win32_11.0.1.201907311258/tools/bin/../lib/gcc/arm-none-eabi/8.2.1/../../../../arm-none-eabi/lib/thumb/v6-m/nofp\libcr_c.a(fflush.o)
 .ARM.attributes
                0x0000060f       0x2c c:/nxp/mcuxpressoide_11.0.1_2563/ide/plugins/com.nxp.mcuxpresso.tools.win32_11.0.1.201907311258/tools/bin/../lib/gcc/arm-none-eabi/8.2.1/../../../../arm-none-eabi/lib/thumb/v6-m/nofp\libcr_c.a(fseek.o)
 .ARM.attributes
                0x0000063b       0x2c c:/nxp/mcuxpressoide_11.0.1_2563/ide/plugins/com.nxp.mcuxpresso.tools.win32_11.0.1.201907311258/tools/bin/../lib/gcc/arm-none-eabi/8.2.1/../../../../arm-none-eabi/lib/thumb/v6-m/nofp\libcr_c.a(ftell.o)
 .ARM.attributes
                0x00000667       0x2c c:/nxp/mcuxpressoide_11.0.1_2563/ide/plugins/com.nxp.mcuxpresso.tools.win32_11.0.1.201907311258/tools/bin/../lib/gcc/arm-none-eabi/8.2.1/../../../../arm-none-eabi/lib/thumb/v6-m/nofp\libcr_c.a(remove.o)
 .ARM.attributes
                0x00000693       0x2c c:/nxp/mcuxpressoide_11.0.1_2563/ide/plugins/com.nxp.mcuxpresso.tools.win32_11.0.1.201907311258/tools/bin/../lib/gcc/arm-none-eabi/8.2.1/../../../../arm-none-eabi/lib/thumb/v6-m/nofp\libcr_c.a(_cr_check_heap.o)
 .ARM.attributes
                0x000006bf       0x2c c:/nxp/mcuxpressoide_11.0.1_2563/ide/plugins/com.nxp.mcuxpresso.tools.win32_11.0.1.201907311258/tools/bin/../lib/gcc/arm-none-eabi/8.2.1/../../../../arm-none-eabi/lib/thumb/v6-m/nofp\libcr_c.a(_do_fflush.o)
 .ARM.attributes
                0x000006eb       0x1c c:/nxp/mcuxpressoide_11.0.1_2563/ide/plugins/com.nxp.mcuxpresso.tools.win32_11.0.1.201907311258/tools/bin/../lib/gcc/arm-none-eabi/8.2.1/thumb/v6-m/nofp\libcr_eabihelpers.a(division_32.o)
 .ARM.attributes
                0x00000707       0x1c c:/nxp/mcuxpressoide_11.0.1_2563/ide/plugins/com.nxp.mcuxpresso.tools.win32_11.0.1.201907311258/tools/bin/../lib/gcc/arm-none-eabi/8.2.1/thumb/v6-m/nofp\libcr_eabihelpers.a(division_idiv0.o)
 .ARM.attributes
                0x00000723       0x1c c:/nxp/mcuxpressoide_11.0.1_2563/ide/plugins/com.nxp.mcuxpresso.tools.win32_11.0.1.201907311258/tools/bin/../lib/gcc/arm-none-eabi/8.2.1/thumb/v6-m/nofp\libcr_eabihelpers.a(llong.o)
 .ARM.attributes
                0x0000073f       0x1c c:/nxp/mcuxpressoide_11.0.1_2563/ide/plugins/com.nxp.mcuxpresso.tools.win32_11.0.1.201907311258/tools/bin/../lib/gcc/arm-none-eabi/8.2.1/thumb/v6-m/nofp\libcr_eabihelpers.a(memcpy.o)
 .ARM.attributes
                0x0000075b       0x31 c:/nxp/mcuxpressoide_11.0.1_2563/ide/plugins/com.nxp.mcuxpresso.tools.win32_11.0.1.201907311258/tools/bin/../lib/gcc/arm-none-eabi/8.2.1/../../../../arm-none-eabi/lib/thumb/v6-m/nofp\libcr_semihost_nf.a(__ciob.o)
 .ARM.attributes
                0x0000078c       0x1c c:/nxp/mcuxpressoide_11.0.1_2563/ide/plugins/com.nxp.mcuxpresso.tools.win32_11.0.1.201907311258/tools/bin/../lib/gcc/arm-none-eabi/8.2.1/../../../../arm-none-eabi/lib/thumb/v6-m/nofp\libcr_semihost_nf.a(__sys_appexit.o)
 .ARM.attributes
                0x000007a8       0x1c c:/nxp/mcuxpressoide_11.0.1_2563/ide/plugins/com.nxp.mcuxpresso.tools.win32_11.0.1.201907311258/tools/bin/../lib/gcc/arm-none-eabi/8.2.1/../../../../arm-none-eabi/lib/thumb/v6-m/nofp\libcr_semihost_nf.a(__sys_close.o)
 .ARM.attributes
                0x000007c4       0x1c c:/nxp/mcuxpressoide_11.0.1_2563/ide/plugins/com.nxp.mcuxpresso.tools.win32_11.0.1.201907311258/tools/bin/../lib/gcc/arm-none-eabi/8.2.1/../../../../arm-none-eabi/lib/thumb/v6-m/nofp\libcr_semihost_nf.a(__sys_flen.o)
 .ARM.attributes
                0x000007e0       0x1c c:/nxp/mcuxpressoide_11.0.1_2563/ide/plugins/com.nxp.mcuxpresso.tools.win32_11.0.1.201907311258/tools/bin/../lib/gcc/arm-none-eabi/8.2.1/../../../../arm-none-eabi/lib/thumb/v6-m/nofp\libcr_semihost_nf.a(__sys_istty.o)
 .ARM.attributes
                0x000007fc       0x1c c:/nxp/mcuxpressoide_11.0.1_2563/ide/plugins/com.nxp.mcuxpresso.tools.win32_11.0.1.201907311258/tools/bin/../lib/gcc/arm-none-eabi/8.2.1/../../../../arm-none-eabi/lib/thumb/v6-m/nofp\libcr_semihost_nf.a(__sys_remove.o)
 .ARM.attributes
                0x00000818       0x1c c:/nxp/mcuxpressoide_11.0.1_2563/ide/plugins/com.nxp.mcuxpresso.tools.win32_11.0.1.201907311258/tools/bin/../lib/gcc/arm-none-eabi/8.2.1/../../../../arm-none-eabi/lib/thumb/v6-m/nofp\libcr_semihost_nf.a(__sys_seek.o)
 .ARM.attributes
                0x00000834       0x1c c:/nxp/mcuxpressoide_11.0.1_2563/ide/plugins/com.nxp.mcuxpresso.tools.win32_11.0.1.201907311258/tools/bin/../lib/gcc/arm-none-eabi/8.2.1/../../../../arm-none-eabi/lib/thumb/v6-m/nofp\libcr_semihost_nf.a(__sys_tmpnam.o)
 .ARM.attributes
                0x00000850       0x1c c:/nxp/mcuxpressoide_11.0.1_2563/ide/plugins/com.nxp.mcuxpresso.tools.win32_11.0.1.201907311258/tools/bin/../lib/gcc/arm-none-eabi/8.2.1/../../../../arm-none-eabi/lib/thumb/v6-m/nofp\libcr_semihost_nf.a(__sys_write.o)

.debug_frame    0x00000000     0x1e50
 .debug_frame   0x00000000      0x1f0 ./utilities/fsl_debug_console.o
 .debug_frame   0x000001f0      0x3b0 ./startup/startup_mkl25z4.o
 .debug_frame   0x000005a0       0xe4 ./source/Logger.o
 .debug_frame   0x00000684      0x164 ./source/UARTFunction_Interrupt.o
 .debug_frame   0x000007e8      0x164 ./source/UARTFunction_polled.o
 .debug_frame   0x0000094c      0x130 ./source/circular_buffer.o
 .debug_frame   0x00000a7c       0xb0 ./source/led_control.o
 .debug_frame   0x00000b2c       0x34 ./source/main.o
 .debug_frame   0x00000b60      0x6e0 ./drivers/fsl_clock.o
 .debug_frame   0x00001240       0x90 ./drivers/fsl_common.o
 .debug_frame   0x000012d0       0xb0 ./drivers/fsl_gpio.o
 .debug_frame   0x00001380      0x418 ./drivers/fsl_lpsci.o
 .debug_frame   0x00001798      0x468 ./drivers/fsl_uart.o
 .debug_frame   0x00001c00       0x50 ./board/board.o
 .debug_frame   0x00001c50      0x100 ./board/clock_config.o
 .debug_frame   0x00001d50       0x2c ./board/peripherals.o
 .debug_frame   0x00001d7c       0x88 ./board/pin_mux.o
 .debug_frame   0x00001e04       0x4c ./CMSIS/system_MKL25Z4.o

Cross Reference Table

Symbol                                            File
ADC0_DriverIRQHandler                             ./startup/startup_mkl25z4.o
ADC0_IRQHandler                                   ./startup/startup_mkl25z4.o
BOARD_BootClockRUN                                ./board/clock_config.o
BOARD_BootClockVLPR                               ./board/clock_config.o
BOARD_InitBootClocks                              ./board/clock_config.o
                                                  ./source/main.o
BOARD_InitBootPeripherals                         ./board/peripherals.o
                                                  ./source/main.o
BOARD_InitBootPins                                ./board/pin_mux.o
                                                  ./source/main.o
BOARD_InitDebugConsole                            ./board/board.o
                                                  ./source/main.o
BOARD_InitPins                                    ./board/pin_mux.o
CLOCK_BootToBlpeMode                              ./drivers/fsl_clock.o
CLOCK_BootToBlpiMode                              ./drivers/fsl_clock.o
                                                  ./board/clock_config.o
CLOCK_BootToFeeMode                               ./drivers/fsl_clock.o
CLOCK_BootToFeiMode                               ./drivers/fsl_clock.o
CLOCK_BootToPeeMode                               ./drivers/fsl_clock.o
                                                  ./board/clock_config.o
CLOCK_CalcPllDiv                                  ./drivers/fsl_clock.o
CLOCK_ClearStatusFlags                            ./drivers/fsl_clock.o
CLOCK_DeinitOsc0                                  ./drivers/fsl_clock.o
CLOCK_EnablePll0                                  ./drivers/fsl_clock.o
CLOCK_EnableUsbfs0Clock                           ./drivers/fsl_clock.o
CLOCK_ExternalModeToFbeModeQuick                  ./drivers/fsl_clock.o
CLOCK_FllStableDelay                              ./drivers/fsl_clock.o
CLOCK_GetBusClkFreq                               ./drivers/fsl_clock.o
CLOCK_GetCoreSysClkFreq                           ./drivers/fsl_clock.o
CLOCK_GetEr32kClkFreq                             ./drivers/fsl_clock.o
CLOCK_GetFixedFreqClkFreq                         ./drivers/fsl_clock.o
CLOCK_GetFlashClkFreq                             ./drivers/fsl_clock.o
CLOCK_GetFllFreq                                  ./drivers/fsl_clock.o
CLOCK_GetFreq                                     ./drivers/fsl_clock.o
CLOCK_GetInternalRefClkFreq                       ./drivers/fsl_clock.o
CLOCK_GetMode                                     ./drivers/fsl_clock.o
CLOCK_GetOsc0ErClkFreq                            ./drivers/fsl_clock.o
CLOCK_GetOutClkFreq                               ./drivers/fsl_clock.o
CLOCK_GetPlatClkFreq                              ./drivers/fsl_clock.o
CLOCK_GetPll0Freq                                 ./drivers/fsl_clock.o
CLOCK_GetPllFllSelClkFreq                         ./drivers/fsl_clock.o
                                                  ./board/board.o
CLOCK_GetStatusFlags                              ./drivers/fsl_clock.o
CLOCK_InitOsc0                                    ./drivers/fsl_clock.o
                                                  ./board/clock_config.o
CLOCK_InternalModeToFbiModeQuick                  ./drivers/fsl_clock.o
CLOCK_SetBlpeMode                                 ./drivers/fsl_clock.o
CLOCK_SetBlpiMode                                 ./drivers/fsl_clock.o
CLOCK_SetExternalRefClkConfig                     ./drivers/fsl_clock.o
CLOCK_SetFbeMode                                  ./drivers/fsl_clock.o
CLOCK_SetFbiMode                                  ./drivers/fsl_clock.o
CLOCK_SetFeeMode                                  ./drivers/fsl_clock.o
CLOCK_SetFeiMode                                  ./drivers/fsl_clock.o
CLOCK_SetInternalRefClkConfig                     ./drivers/fsl_clock.o
                                                  ./board/clock_config.o
CLOCK_SetMcgConfig                                ./drivers/fsl_clock.o
CLOCK_SetOsc0MonitorMode                          ./drivers/fsl_clock.o
CLOCK_SetPbeMode                                  ./drivers/fsl_clock.o
CLOCK_SetPeeMode                                  ./drivers/fsl_clock.o
CLOCK_SetPll0MonitorMode                          ./drivers/fsl_clock.o
CLOCK_SetSimConfig                                ./drivers/fsl_clock.o
                                                  ./board/clock_config.o
CLOCK_TrimInternalRefClk                          ./drivers/fsl_clock.o
CMP0_DriverIRQHandler                             ./startup/startup_mkl25z4.o
CMP0_IRQHandler                                   ./startup/startup_mkl25z4.o
DAC0_DriverIRQHandler                             ./startup/startup_mkl25z4.o
DAC0_IRQHandler                                   ./startup/startup_mkl25z4.o
DMA0_DriverIRQHandler                             ./startup/startup_mkl25z4.o
DMA0_IRQHandler                                   ./startup/startup_mkl25z4.o
DMA1_DriverIRQHandler                             ./startup/startup_mkl25z4.o
DMA1_IRQHandler                                   ./startup/startup_mkl25z4.o
DMA2_DriverIRQHandler                             ./startup/startup_mkl25z4.o
DMA2_IRQHandler                                   ./startup/startup_mkl25z4.o
DMA3_DriverIRQHandler                             ./startup/startup_mkl25z4.o
DMA3_IRQHandler                                   ./startup/startup_mkl25z4.o
DbgConsole_Deinit                                 ./utilities/fsl_debug_console.o
DbgConsole_Getchar                                ./utilities/fsl_debug_console.o
DbgConsole_Init                                   ./utilities/fsl_debug_console.o
                                                  ./board/board.o
DbgConsole_Printf                                 ./utilities/fsl_debug_console.o
                                                  ./drivers/fsl_common.o
                                                  ./source/UARTFunction_Interrupt.o
                                                  ./source/System.o
                                                  ./source/Logger.o
DbgConsole_Putchar                                ./utilities/fsl_debug_console.o
DbgConsole_Scanf                                  ./utilities/fsl_debug_console.o
FLASH_Erase                                       ./drivers/fsl_flash.o
FLASH_EraseAll                                    ./drivers/fsl_flash.o
FLASH_EraseAllExecuteOnlySegments                 ./drivers/fsl_flash.o
FLASH_GetProperty                                 ./drivers/fsl_flash.o
FLASH_GetSecurityState                            ./drivers/fsl_flash.o
FLASH_Init                                        ./drivers/fsl_flash.o
FLASH_IsExecuteOnly                               ./drivers/fsl_flash.o
FLASH_IsProtected                                 ./drivers/fsl_flash.o
FLASH_PflashGetPrefetchSpeculation                ./drivers/fsl_flash.o
FLASH_PflashGetProtection                         ./drivers/fsl_flash.o
FLASH_PflashSetPrefetchSpeculation                ./drivers/fsl_flash.o
                                                  ./drivers/fsl_smc.o
FLASH_PflashSetProtection                         ./drivers/fsl_flash.o
FLASH_PrepareExecuteInRamFunctions                ./drivers/fsl_flash.o
FLASH_Program                                     ./drivers/fsl_flash.o
FLASH_ProgramOnce                                 ./drivers/fsl_flash.o
FLASH_ReadOnce                                    ./drivers/fsl_flash.o
FLASH_ReadResource                                ./drivers/fsl_flash.o
FLASH_SecurityBypass                              ./drivers/fsl_flash.o
FLASH_SetCallback                                 ./drivers/fsl_flash.o
FLASH_SetProperty                                 ./drivers/fsl_flash.o
FLASH_VerifyErase                                 ./drivers/fsl_flash.o
FLASH_VerifyEraseAll                              ./drivers/fsl_flash.o
FLASH_VerifyEraseAllExecuteOnlySegments           ./drivers/fsl_flash.o
FLASH_VerifyProgram                               ./drivers/fsl_flash.o
FTFA_DriverIRQHandler                             ./startup/startup_mkl25z4.o
FTFA_IRQHandler                                   ./startup/startup_mkl25z4.o
Flash_Config                                      ./startup/startup_mkl25z4.o
GPIO_ClearPinsInterruptFlags                      ./drivers/fsl_gpio.o
GPIO_GetPinsInterruptFlags                        ./drivers/fsl_gpio.o
GPIO_PinInit                                      ./drivers/fsl_gpio.o
                                                  ./source/led_control.o
HardFault_Handler                                 ./startup/startup_mkl25z4.o
I2C0_DriverIRQHandler                             ./startup/startup_mkl25z4.o
I2C0_IRQHandler                                   ./startup/startup_mkl25z4.o
I2C1_DriverIRQHandler                             ./startup/startup_mkl25z4.o
I2C1_IRQHandler                                   ./startup/startup_mkl25z4.o
InstallIRQHandler                                 ./drivers/fsl_common.o
IntDefaultHandler                                 ./startup/startup_mkl25z4.o
LLWU_DriverIRQHandler                             ./startup/startup_mkl25z4.o
LLWU_IRQHandler                                   ./startup/startup_mkl25z4.o
LPSCI_ClearStatusFlags                            ./drivers/fsl_lpsci.o
LPSCI_Deinit                                      ./drivers/fsl_lpsci.o
                                                  ./utilities/fsl_debug_console.o
LPSCI_DisableInterrupts                           ./drivers/fsl_lpsci.o
LPSCI_EnableInterrupts                            ./drivers/fsl_lpsci.o
LPSCI_GetDefaultConfig                            ./drivers/fsl_lpsci.o
                                                  ./utilities/fsl_debug_console.o
LPSCI_GetEnabledInterrupts                        ./drivers/fsl_lpsci.o
LPSCI_GetInstance                                 ./drivers/fsl_lpsci.o
LPSCI_GetStatusFlags                              ./drivers/fsl_lpsci.o
LPSCI_Init                                        ./drivers/fsl_lpsci.o
                                                  ./utilities/fsl_debug_console.o
LPSCI_ReadBlocking                                ./drivers/fsl_lpsci.o
                                                  ./utilities/fsl_debug_console.o
LPSCI_SetBaudRate                                 ./drivers/fsl_lpsci.o
LPSCI_TransferAbortReceive                        ./drivers/fsl_lpsci.o
LPSCI_TransferAbortSend                           ./drivers/fsl_lpsci.o
LPSCI_TransferCreateHandle                        ./drivers/fsl_lpsci.o
LPSCI_TransferGetReceiveCount                     ./drivers/fsl_lpsci.o
LPSCI_TransferGetSendCount                        ./drivers/fsl_lpsci.o
LPSCI_TransferHandleErrorIRQ                      ./drivers/fsl_lpsci.o
LPSCI_TransferHandleIRQ                           ./drivers/fsl_lpsci.o
LPSCI_TransferReceiveNonBlocking                  ./drivers/fsl_lpsci.o
LPSCI_TransferSendNonBlocking                     ./drivers/fsl_lpsci.o
LPSCI_TransferStartRingBuffer                     ./drivers/fsl_lpsci.o
LPSCI_TransferStopRingBuffer                      ./drivers/fsl_lpsci.o
LPSCI_WriteBlocking                               ./drivers/fsl_lpsci.o
                                                  ./utilities/fsl_debug_console.o
LPTMR0_DriverIRQHandler                           ./startup/startup_mkl25z4.o
LPTMR0_IRQHandler                                 ./startup/startup_mkl25z4.o
LVD_LVW_DriverIRQHandler                          ./startup/startup_mkl25z4.o
LVD_LVW_IRQHandler                                ./startup/startup_mkl25z4.o
Led_Initialize                                    ./source/led_control.o
                                                  ./source/main.o
Log_Data                                          ./source/Logger.o
Log_Disable                                       ./source/Logger.o
Log_Enable                                        ./source/Logger.o
Log_Integer                                       ./source/Logger.o
Log_Status                                        ./source/Logger.o
Log_Status_Flag                                   ./source/Logger.o
Log_String                                        ./source/Logger.o
                                                  ./source/circular_buffer.o
                                                  ./source/UARTFunction_polled.o
                                                  ./source/UARTFunction_Interrupt.o
MCG_DriverIRQHandler                              ./startup/startup_mkl25z4.o
MCG_IRQHandler                                    ./startup/startup_mkl25z4.o
NMI_Handler                                       ./startup/startup_mkl25z4.o
PIT_DriverIRQHandler                              ./startup/startup_mkl25z4.o
PIT_IRQHandler                                    ./startup/startup_mkl25z4.o
PORTA_DriverIRQHandler                            ./startup/startup_mkl25z4.o
PORTA_IRQHandler                                  ./startup/startup_mkl25z4.o
PORTD_DriverIRQHandler                            ./startup/startup_mkl25z4.o
PORTD_IRQHandler                                  ./startup/startup_mkl25z4.o
PendSV_Handler                                    ./startup/startup_mkl25z4.o
RTC_DriverIRQHandler                              ./startup/startup_mkl25z4.o
RTC_IRQHandler                                    ./startup/startup_mkl25z4.o
RTC_Seconds_DriverIRQHandler                      ./startup/startup_mkl25z4.o
RTC_Seconds_IRQHandler                            ./startup/startup_mkl25z4.o
Receive_available                                 ./source/UARTFunction_polled.o
Receive_available_interrupt                       ./source/UARTFunction_Interrupt.o
Receive_data                                      ./source/UARTFunction_polled.o
Receive_data_interrupt                            ./source/UARTFunction_Interrupt.o
                                                  ./source/main.o
Recieve_polled                                    ./source/UARTFunction_polled.o
                                                  ./source/main.o
Reserved20_DriverIRQHandler                       ./startup/startup_mkl25z4.o
Reserved20_IRQHandler                             ./startup/startup_mkl25z4.o
Reserved39_DriverIRQHandler                       ./startup/startup_mkl25z4.o
Reserved39_IRQHandler                             ./startup/startup_mkl25z4.o
Reserved45_DriverIRQHandler                       ./startup/startup_mkl25z4.o
Reserved45_IRQHandler                             ./startup/startup_mkl25z4.o
ResetISR                                          ./startup/startup_mkl25z4.o
SIZE                                              ./source/main.o
                                                  ./source/circular_buffer.o
SMC_PostExitStopModes                             ./drivers/fsl_smc.o
SMC_PreEnterStopModes                             ./drivers/fsl_smc.o
SMC_SetPowerModeLls                               ./drivers/fsl_smc.o
SMC_SetPowerModeRun                               ./drivers/fsl_smc.o
SMC_SetPowerModeStop                              ./drivers/fsl_smc.o
SMC_SetPowerModeVlls                              ./drivers/fsl_smc.o
SMC_SetPowerModeVlpr                              ./drivers/fsl_smc.o
                                                  ./board/clock_config.o
SMC_SetPowerModeVlps                              ./drivers/fsl_smc.o
SMC_SetPowerModeVlpw                              ./drivers/fsl_smc.o
SMC_SetPowerModeWait                              ./drivers/fsl_smc.o
SPI0_DriverIRQHandler                             ./startup/startup_mkl25z4.o
SPI0_IRQHandler                                   ./startup/startup_mkl25z4.o
SPI1_DriverIRQHandler                             ./startup/startup_mkl25z4.o
SPI1_IRQHandler                                   ./startup/startup_mkl25z4.o
SVC_Handler                                       ./startup/startup_mkl25z4.o
Send_String_Poll                                  ./source/UARTFunction_polled.o
                                                  ./source/main.o
                                                  ./source/Logger.o
Send_String_interrupt                             ./source/UARTFunction_Interrupt.o
                                                  ./source/Logger.o
Status                                            ./source/main.o
                                                  ./source/Logger.o
SysTick_Handler                                   ./startup/startup_mkl25z4.o
SystemCoreClock                                   ./CMSIS/system_MKL25Z4.o
                                                  ./board/clock_config.o
SystemCoreClockUpdate                             ./CMSIS/system_MKL25Z4.o
SystemInit                                        ./CMSIS/system_MKL25Z4.o
                                                  ./startup/startup_mkl25z4.o
System_Init                                       ./source/System.o
System_Recover                                    ./source/System.o
System_Safestate                                  ./source/System.o
                                                  ./source/Testsuite.o
System_Shutdown                                   ./source/System.o
                                                  ./source/Testsuite.o
System_WriteInt                                   ./source/System.o
                                                  ./source/Testsuite.o
System_WriteString                                ./source/System.o
                                                  ./source/Testsuite.o
TPM0_DriverIRQHandler                             ./startup/startup_mkl25z4.o
TPM0_IRQHandler                                   ./startup/startup_mkl25z4.o
TPM1_DriverIRQHandler                             ./startup/startup_mkl25z4.o
TPM1_IRQHandler                                   ./startup/startup_mkl25z4.o
TPM2_DriverIRQHandler                             ./startup/startup_mkl25z4.o
TPM2_IRQHandler                                   ./startup/startup_mkl25z4.o
TSI0_DriverIRQHandler                             ./startup/startup_mkl25z4.o
TSI0_IRQHandler                                   ./startup/startup_mkl25z4.o
Testsuite_RunTests                                ./source/Testsuite.o
Transmit_polled                                   ./source/UARTFunction_polled.o
                                                  ./source/main.o
                                                  ./source/Logger.o
UART0_DriverIRQHandler                            ./drivers/fsl_lpsci.o
                                                  ./startup/startup_mkl25z4.o
UART0_IRQHandler                                  ./source/UARTFunction_Interrupt.o
                                                  ./startup/startup_mkl25z4.o
UART1_DriverIRQHandler                            ./drivers/fsl_uart.o
                                                  ./startup/startup_mkl25z4.o
UART1_IRQHandler                                  ./startup/startup_mkl25z4.o
UART1_RX_TX_DriverIRQHandler                      ./drivers/fsl_uart.o
UART2_DriverIRQHandler                            ./drivers/fsl_uart.o
                                                  ./startup/startup_mkl25z4.o
UART2_IRQHandler                                  ./startup/startup_mkl25z4.o
UART2_RX_TX_DriverIRQHandler                      ./drivers/fsl_uart.o
UART_ClearStatusFlags                             ./drivers/fsl_uart.o
UART_Deinit                                       ./drivers/fsl_uart.o
                                                  ./utilities/fsl_debug_console.o
UART_DisableInterrupts                            ./drivers/fsl_uart.o
UART_EnableInterrupts                             ./drivers/fsl_uart.o
UART_GetDefaultConfig                             ./drivers/fsl_uart.o
                                                  ./utilities/fsl_debug_console.o
UART_GetEnabledInterrupts                         ./drivers/fsl_uart.o
UART_GetInstance                                  ./drivers/fsl_uart.o
UART_GetStatusFlags                               ./drivers/fsl_uart.o
UART_Init                                         ./drivers/fsl_uart.o
                                                  ./utilities/fsl_debug_console.o
UART_ReadBlocking                                 ./drivers/fsl_uart.o
                                                  ./utilities/fsl_debug_console.o
UART_SetBaudRate                                  ./drivers/fsl_uart.o
UART_TransferAbortReceive                         ./drivers/fsl_uart.o
UART_TransferAbortSend                            ./drivers/fsl_uart.o
UART_TransferCreateHandle                         ./drivers/fsl_uart.o
UART_TransferGetReceiveCount                      ./drivers/fsl_uart.o
UART_TransferGetSendCount                         ./drivers/fsl_uart.o
UART_TransferHandleErrorIRQ                       ./drivers/fsl_uart.o
UART_TransferHandleIRQ                            ./drivers/fsl_uart.o
UART_TransferReceiveNonBlocking                   ./drivers/fsl_uart.o
UART_TransferSendNonBlocking                      ./drivers/fsl_uart.o
UART_TransferStartRingBuffer                      ./drivers/fsl_uart.o
UART_TransferStopRingBuffer                       ./drivers/fsl_uart.o
UART_WriteBlocking                                ./drivers/fsl_uart.o
                                                  ./utilities/fsl_debug_console.o
USB0_DriverIRQHandler                             ./startup/startup_mkl25z4.o
USB0_IRQHandler                                   ./startup/startup_mkl25z4.o
_Csys_alloc                                       c:/nxp/mcuxpressoide_11.0.1_2563/ide/plugins/com.nxp.mcuxpresso.tools.win32_11.0.1.201907311258/tools/bin/../lib/gcc/arm-none-eabi/8.2.1/../../../../arm-none-eabi/lib/thumb/v6-m/nofp\libcr_c.a(alloc.o)
                                                  c:/nxp/mcuxpressoide_11.0.1_2563/ide/plugins/com.nxp.mcuxpresso.tools.win32_11.0.1.201907311258/tools/bin/../lib/gcc/arm-none-eabi/8.2.1/../../../../arm-none-eabi/lib/thumb/v6-m/nofp\libcr_c.a(_deferredlazyseek.o)
_Cwritebuf                                        c:/nxp/mcuxpressoide_11.0.1_2563/ide/plugins/com.nxp.mcuxpresso.tools.win32_11.0.1.201907311258/tools/bin/../lib/gcc/arm-none-eabi/8.2.1/../../../../arm-none-eabi/lib/thumb/v6-m/nofp\libcr_c.a(_writebuf.o)